<html>
<body>
<pre>
<h1>µVision Build Log</h1>
<h2>Project:</h2>
E:\ARM\lm3s8962projects\WebServer_IO\Project\Keil\WebIO.uvproj
Project File Date:  04/20/2013

<h2>Output:</h2>
Build target 'WebIO'
compiling main.c...
..\..\Source\App\Src\main.c(277): warning:  #223-D: function "LocatorInit" declared implicitly
..\..\Source\App\Src\main.c(278): warning:  #223-D: function "LocatorMACAddrSet" declared implicitly
..\..\Source\App\Src\main.c(279): warning:  #223-D: function "LocatorAppTitleSet" declared implicitly
compiling temperature_sensor.c...
compiling rit128x96x4.c...
compiling Io.c...
..\..\Source\HAL\IO\Src\Io.c(29): warning:  #167-D: argument of type "unsigned char *" is incompatible with parameter of type "const char *"
assembling Startup_rvmdk.s...
compiling sys_arch.c...
compiling perf.c...
compiling stellarisif.c...
compiling tcpip.c...
compiling api_lib.c...
compiling api_msg.c...
compiling err.c...
compiling netbuf.c...
compiling netdb.c...
compiling netifapi.c...
compiling sockets.c...
compiling udp.c...
compiling dhcp.c...
compiling dns.c...
compiling init.c...
compiling mem.c...
..\..\Source\lwip-1.3.2\src\core\mem.c(184): warning:  #550-D: variable "mem_sem" was set but never used
compiling memp.c...
compiling netif.c...
compiling pbuf.c...
compiling raw.c...
compiling stats.c...
compiling sys.c...
compiling tcp.c...
compiling tcp_in.c...
compiling tcp_out.c...
compiling autoip.c...
compiling icmp.c...
compiling igmp.c...
compiling inet.c...
compiling inet_chksum.c...
compiling ip.c...
compiling ip_frag.c...
compiling ip_addr.c...
compiling msg_out.c...
compiling asn1_dec.c...
compiling asn1_enc.c...
compiling mib2.c...
compiling mib_structs.c...
compiling msg_in.c...
compiling loopif.c...
compiling etharp.c...
compiling auth.c...
compiling chap.c...
compiling chpms.c...
compiling fsm.c...
compiling ipcp.c...
compiling lcp.c...
compiling magic.c...
compiling md5.c...
compiling pap.c...
compiling ppp.c...
compiling ppp_oe.c...
compiling randm.c...
compiling vj.c...
compiling locator.c...
compiling lwiplib.c...
..\..\Source\lwipConfig\lwiplib.c(625): warning:  #223-D: function "lwip_init" declared implicitly
compiling lmi_fs.c...
compiling httpd.c...
compiling ustdlib.c...
compiling uartstdio.c...
linking...
Program Size: Code=41730 RO-data=3686 RW-data=264 ZI-data=20520  
FromELF: creating hex file...
"..\..\Output\WebIO.axf" - 0 Error(s), 6 Warning(s).
