ARM Linker, 4.1 [Build 791] [Standard]

==============================================================================

Section Cross References

    main.o(.text) refers to ustdlib.o(.text) for usprintf
    main.o(.text) refers to rit128x96x4.o(.text) for RIT128x96x4StringDraw
    main.o(.text) refers to lwiplib.o(.text) for lwIPTimer
    main.o(.text) refers to sysctl.o(i.SysCtlClockSet) for SysCtlClockSet
    main.o(.text) refers to sysctl.o(i.SysCtlPeripheralEnable) for SysCtlPeripheralEnable
    main.o(.text) refers to sysctl.o(i.SysCtlPeripheralReset) for SysCtlPeripheralReset
    main.o(.text) refers to gpio.o(i.GPIOPinTypeEthernetLED) for GPIOPinTypeEthernetLED
    main.o(.text) refers to sysctl.o(i.SysCtlClockGet) for SysCtlClockGet
    main.o(.text) refers to systick.o(i.SysTickPeriodSet) for SysTickPeriodSet
    main.o(.text) refers to systick.o(i.SysTickEnable) for SysTickEnable
    main.o(.text) refers to systick.o(i.SysTickIntEnable) for SysTickIntEnable
    main.o(.text) refers to gpio.o(i.GPIOPinTypeGPIOOutput) for GPIOPinTypeGPIOOutput
    main.o(.text) refers to gpio.o(i.GPIOPinWrite) for GPIOPinWrite
    main.o(.text) refers to gpio.o(i.GPIOPinTypeUART) for GPIOPinTypeUART
    main.o(.text) refers to uartstdio.o(.text) for UARTStdioInit
    main.o(.text) refers to adc.o(i.ADCSequenceConfigure) for ADCSequenceConfigure
    main.o(.text) refers to adc.o(i.ADCSequenceStepConfigure) for ADCSequenceStepConfigure
    main.o(.text) refers to adc.o(i.ADCSequenceEnable) for ADCSequenceEnable
    main.o(.text) refers to adc.o(i.ADCIntClear) for ADCIntClear
    main.o(.text) refers to interrupt.o(i.IntMasterEnable) for IntMasterEnable
    main.o(.text) refers to flash.o(i.FlashUserGet) for FlashUserGet
    main.o(.text) refers to locator.o(.text) for LocatorInit
    main.o(.text) refers to httpd.o(.text) for httpd_init
    main.o(.text) refers to main.o(.data) for g_ulFlags
    temperature_sensor.o(.text) refers to adc.o(i.ADCProcessorTrigger) for ADCProcessorTrigger
    temperature_sensor.o(.text) refers to adc.o(i.ADCIntStatus) for ADCIntStatus
    temperature_sensor.o(.text) refers to adc.o(i.ADCSequenceDataGet) for ADCSequenceDataGet
    rit128x96x4.o(.text) refers to gpio.o(i.GPIOPinWrite) for GPIOPinWrite
    rit128x96x4.o(.text) refers to ssi.o(i.SSIDataPut) for SSIDataPut
    rit128x96x4.o(.text) refers to ssi.o(i.SSIDataGet) for SSIDataGet
    rit128x96x4.o(.text) refers to ssi.o(i.SSIDisable) for SSIDisable
    rit128x96x4.o(.text) refers to sysctl.o(i.SysCtlClockGet) for SysCtlClockGet
    rit128x96x4.o(.text) refers to ssi.o(i.SSIConfigSetExpClk) for SSIConfigSetExpClk
    rit128x96x4.o(.text) refers to gpio.o(i.GPIOPinTypeSSI) for GPIOPinTypeSSI
    rit128x96x4.o(.text) refers to gpio.o(i.GPIOPadConfigSet) for GPIOPadConfigSet
    rit128x96x4.o(.text) refers to ssi.o(i.SSIEnable) for SSIEnable
    rit128x96x4.o(.text) refers to ssi.o(i.SSIDataGetNonBlocking) for SSIDataGetNonBlocking
    rit128x96x4.o(.text) refers to gpio.o(i.GPIOPinTypeGPIOOutput) for GPIOPinTypeGPIOOutput
    rit128x96x4.o(.text) refers to sysctl.o(i.SysCtlPeripheralPresent) for SysCtlPeripheralPresent
    rit128x96x4.o(.text) refers to sysctl.o(i.SysCtlPeripheralEnable) for SysCtlPeripheralEnable
    rit128x96x4.o(.text) refers to rit128x96x4.o(.data) for g_bSSIEnabled
    rit128x96x4.o(.text) refers to rit128x96x4.o(.constdata) for pucCommand1
    io.o(.text) refers to uartstdio.o(.text) for UARTprintf
    startup_rvmdk.o(STACK) refers (Special) to heapauxi.o(.text) for __use_two_region_memory
    startup_rvmdk.o(HEAP) refers (Special) to heapauxi.o(.text) for __use_two_region_memory
    startup_rvmdk.o(RESET) refers (Special) to heapauxi.o(.text) for __use_two_region_memory
    startup_rvmdk.o(RESET) refers to startup_rvmdk.o(STACK) for StackMem
    startup_rvmdk.o(RESET) refers to main.o(.text) for SysTickIntHandler
    startup_rvmdk.o(RESET) refers to lwiplib.o(.text) for lwIPEthernetIntHandler
    startup_rvmdk.o(RESET) refers to __main.o(!!!main) for __main
    startup_rvmdk.o(.text) refers (Special) to heapauxi.o(.text) for __use_two_region_memory
    startup_rvmdk.o(.text) refers to startup_rvmdk.o(HEAP) for HeapMem
    startup_rvmdk.o(.text) refers to startup_rvmdk.o(STACK) for StackMem
    sys_arch.o(.text) refers to interrupt.o(i.IntMasterDisable) for IntMasterDisable
    sys_arch.o(.text) refers to interrupt.o(i.IntMasterEnable) for IntMasterEnable
    stellarisif.o(.text) refers to sys_arch.o(.text) for sys_arch_protect
    stellarisif.o(.text) refers to ethernet.o(i.EthernetMACAddrGet) for EthernetMACAddrGet
    stellarisif.o(.text) refers to ethernet.o(i.EthernetIntDisable) for EthernetIntDisable
    stellarisif.o(.text) refers to ethernet.o(i.EthernetIntStatus) for EthernetIntStatus
    stellarisif.o(.text) refers to ethernet.o(i.EthernetIntClear) for EthernetIntClear
    stellarisif.o(.text) refers to sysctl.o(i.SysCtlClockGet) for SysCtlClockGet
[...]
    cpu.c                                    0x00000000   Number         0  cpu.o ABSOLUTE
    dc.s                                     0x00000000   Number         0  dc.o ABSOLUTE
    ethernet.c                               0x00000000   Number         0  ethernet.o ABSOLUTE
    flash.c                                  0x00000000   Number         0  flash.o ABSOLUTE
    gpio.c                                   0x00000000   Number         0  gpio.o ABSOLUTE
    interrupt.c                              0x00000000   Number         0  interrupt.o ABSOLUTE
    ssi.c                                    0x00000000   Number         0  ssi.o ABSOLUTE
    sysctl.c                                 0x00000000   Number         0  sysctl.o ABSOLUTE
    sysctl.c                                 0x00000000   Number         0  sysctl.o ABSOLUTE
    systick.c                                0x00000000   Number         0  systick.o ABSOLUTE
    uart.c                                   0x00000000   Number         0  uart.o ABSOLUTE
    NmiSR                                    0x00000271   Thumb Code     0  startup_rvmdk.o(RESET)
    FaultISR                                 0x00000273   Thumb Code     0  startup_rvmdk.o(RESET)
    IntDefaultHandler                        0x00000275   Thumb Code     0  startup_rvmdk.o(RESET)
    !!!main                                  0x00000278   Section        8  __main.o(!!!main)
    !!!scatter                               0x00000280   Section       52  __scatter.o(!!!scatter)
    !!handler_copy                           0x000002b4   Section       26  __scatter_copy.o(!!handler_copy)
    !!handler_zi                             0x000002d0   Section       28  __scatter_zi.o(!!handler_zi)
    .ARM.Collect$$libinit$$00000000          0x000002ec   Section        6  libinit.o(.ARM.Collect$$libinit$$00000000)
    .ARM.Collect$$libinit$$00000006          0x000002f2   Section        0  libinit2.o(.ARM.Collect$$libinit$$00000006)
    .ARM.Collect$$libinit$$00000008          0x000002f2   Section        0  libinit2.o(.ARM.Collect$$libinit$$00000008)
    .ARM.Collect$$libinit$$0000000A          0x000002f2   Section        0  libinit2.o(.ARM.Collect$$libinit$$0000000A)
    .ARM.Collect$$libinit$$0000000D          0x000002f2   Section        0  libinit2.o(.ARM.Collect$$libinit$$0000000D)
    .ARM.Collect$$libinit$$0000000F          0x000002f2   Section        0  libinit2.o(.ARM.Collect$$libinit$$0000000F)
    .ARM.Collect$$libinit$$00000011          0x000002f2   Section        0  libinit2.o(.ARM.Collect$$libinit$$00000011)
    .ARM.Collect$$libinit$$00000013          0x000002f2   Section        0  libinit2.o(.ARM.Collect$$libinit$$00000013)
    .ARM.Collect$$libinit$$00000015          0x000002f2   Section        0  libinit2.o(.ARM.Collect$$libinit$$00000015)
    .ARM.Collect$$libinit$$00000017          0x000002f2   Section        0  libinit2.o(.ARM.Collect$$libinit$$00000017)
    .ARM.Collect$$libinit$$00000019          0x000002f2   Section        0  libinit2.o(.ARM.Collect$$libinit$$00000019)
    .ARM.Collect$$libinit$$0000001B          0x000002f2   Section        0  libinit2.o(.ARM.Collect$$libinit$$0000001B)
    .ARM.Collect$$libinit$$0000001D          0x000002f2   Section        0  libinit2.o(.ARM.Collect$$libinit$$0000001D)
    .ARM.Collect$$libinit$$0000001F          0x000002f2   Section        0  libinit2.o(.ARM.Collect$$libinit$$0000001F)
    .ARM.Collect$$libinit$$00000021          0x000002f2   Section        0  libinit2.o(.ARM.Collect$$libinit$$00000021)
    .ARM.Collect$$libinit$$00000028          0x000002f2   Section        0  libinit2.o(.ARM.Collect$$libinit$$00000028)
    .ARM.Collect$$libinit$$0000002A          0x000002f2   Section        0  libinit2.o(.ARM.Collect$$libinit$$0000002A)
    .ARM.Collect$$libinit$$0000002C          0x000002f2   Section        0  libinit2.o(.ARM.Collect$$libinit$$0000002C)
    .ARM.Collect$$libinit$$0000002E          0x000002f2   Section        0  libinit2.o(.ARM.Collect$$libinit$$0000002E)
    .ARM.Collect$$libinit$$0000002F          0x000002f2   Section        2  libinit2.o(.ARM.Collect$$libinit$$0000002F)
    .ARM.Collect$$libshutdown$$00000000      0x000002f4   Section        2  libshutdown.o(.ARM.Collect$$libshutdown$$00000000)
    .ARM.Collect$$libshutdown$$00000003      0x000002f6   Section        0  libshutdown2.o(.ARM.Collect$$libshutdown$$00000003)
    .ARM.Collect$$libshutdown$$00000006      0x000002f6   Section        0  libshutdown2.o(.ARM.Collect$$libshutdown$$00000006)
    .ARM.Collect$$libshutdown$$00000009      0x000002f6   Section        0  libshutdown2.o(.ARM.Collect$$libshutdown$$00000009)
    .ARM.Collect$$libshutdown$$0000000B      0x000002f6   Section        0  libshutdown2.o(.ARM.Collect$$libshutdown$$0000000B)
    .ARM.Collect$$libshutdown$$0000000E      0x000002f6   Section        0  libshutdown2.o(.ARM.Collect$$libshutdown$$0000000E)
    .ARM.Collect$$libshutdown$$0000000F      0x000002f6   Section        2  libshutdown2.o(.ARM.Collect$$libshutdown$$0000000F)
    .ARM.Collect$$rtentry$$00000000          0x000002f8   Section        0  rtentry.o(.ARM.Collect$$rtentry$$00000000)
    .ARM.Collect$$rtentry$$00000002          0x000002f8   Section        0  rtentry2.o(.ARM.Collect$$rtentry$$00000002)
    .ARM.Collect$$rtentry$$00000004          0x000002f8   Section        6  rtentry4.o(.ARM.Collect$$rtentry$$00000004)
    .ARM.Collect$$rtentry$$00000009          0x000002fe   Section        0  rtentry2.o(.ARM.Collect$$rtentry$$00000009)
    .ARM.Collect$$rtentry$$0000000A          0x000002fe   Section        4  rtentry2.o(.ARM.Collect$$rtentry$$0000000A)
    .ARM.Collect$$rtentry$$0000000C          0x00000302   Section        0  rtentry2.o(.ARM.Collect$$rtentry$$0000000C)
    .ARM.Collect$$rtentry$$0000000D          0x00000302   Section        8  rtentry2.o(.ARM.Collect$$rtentry$$0000000D)
    .ARM.Collect$$rtexit$$00000000           0x0000030a   Section        2  rtexit.o(.ARM.Collect$$rtexit$$00000000)
    .ARM.Collect$$rtexit$$00000002           0x0000030c   Section        0  rtexit2.o(.ARM.Collect$$rtexit$$00000002)
    .ARM.Collect$$rtexit$$00000003           0x0000030c   Section        4  rtexit2.o(.ARM.Collect$$rtexit$$00000003)
    .ARM.Collect$$rtexit$$00000004           0x00000310   Section        6  rtexit2.o(.ARM.Collect$$rtexit$$00000004)
    .emb_text                                0x00000318   Section        6  sysctl.o(.emb_text)
    .emb_text                                0x00000320   Section       38  cpu.o(.emb_text)
    .text                                    0x00000348   Section        0  main.o(.text)
    .text                                    0x000006b8   Section        0  temperature_sensor.o(.text)
    .text                                    0x000006fc   Section        0  rit128x96x4.o(.text)
    RITWriteCommand                          0x000006fd   Thumb Code    62  rit128x96x4.o(.text)
    RITWriteData                             0x0000073b   Thumb Code    66  rit128x96x4.o(.text)
    .text                                    0x00000b54   Section       28  startup_rvmdk.o(.text)
    .text                                    0x00000b70   Section        0  sys_arch.o(.text)
    .text                                    0x00000b88   Section        0  stellarisif.o(.text)
    dequeue_packet                           0x00000b89   Thumb Code    68  stellarisif.o(.text)
    enqueue_packet                           0x00000bcd   Thumb Code   102  stellarisif.o(.text)
    stellarisif_hwinit                       0x00000c33   Thumb Code   110  stellarisif.o(.text)
    stellarisif_transmit                     0x00000ca1   Thumb Code   212  stellarisif.o(.text)
    stellarisif_output                       0x00000d75   Thumb Code    98  stellarisif.o(.text)
    stellarisif_receive                      0x00000dd7   Thumb Code   184  stellarisif.o(.text)
    .text                                    0x00000f64   Section        0  udp.o(.text)
    .text                                    0x000014b4   Section        0  dhcp.o(.text)
    dhcp_delete_request                      0x000014b5   Thumb Code    52  dhcp.o(.text)
    dhcp_option_trailer                      0x000014e9   Thumb Code    80  dhcp.o(.text)
    dhcp_option_byte                         0x00001539   Thumb Code    22  dhcp.o(.text)
    dhcp_option                              0x0000154f   Thumb Code    40  dhcp.o(.text)
    dhcp_option_short                        0x00001577   Thumb Code    44  dhcp.o(.text)
    dhcp_create_request                      0x000015a3   Thumb Code   330  dhcp.o(.text)
    dhcp_set_state                           0x000016ed   Thumb Code    16  dhcp.o(.text)
    dhcp_discover                            0x000016fd   Thumb Code   244  dhcp.o(.text)
    dhcp_handle_nak                          0x000017f1   Thumb Code    52  dhcp.o(.text)
    dhcp_check                               0x00001825   Thumb Code    60  dhcp.o(.text)
    dhcp_option_long                         0x00001861   Thumb Code    84  dhcp.o(.text)
    dhcp_select                              0x000018b5   Thumb Code   258  dhcp.o(.text)
    dhcp_get_option_long                     0x000019b7   Thumb Code    54  dhcp.o(.text)
    dhcp_get_option_ptr                      0x000019ed   Thumb Code   184  dhcp.o(.text)
    dhcp_handle_offer                        0x00001aa5   Thumb Code    60  dhcp.o(.text)
    dhcp_t1_timeout                          0x00001b79   Thumb Code    32  dhcp.o(.text)
    dhcp_rebind                              0x00001b99   Thumb Code   150  dhcp.o(.text)
    dhcp_t2_timeout                          0x00001c2f   Thumb Code    32  dhcp.o(.text)
    dhcp_reboot                              0x00001c8d   Thumb Code   184  dhcp.o(.text)
    dhcp_bind                                0x00001dff   Thumb Code   286  dhcp.o(.text)
    dhcp_timeout                             0x00001f1d   Thumb Code   164  dhcp.o(.text)
    dhcp_get_option_byte                     0x00002017   Thumb Code     6  dhcp.o(.text)
    dhcp_handle_ack                          0x0000201d   Thumb Code   274  dhcp.o(.text)
    dhcp_free_reply                          0x00002185   Thumb Code    40  dhcp.o(.text)
    dhcp_unfold_reply                        0x000021ad   Thumb Code   142  dhcp.o(.text)
    dhcp_recv                                0x0000223b   Thumb Code   278  dhcp.o(.text)
    dhcp_decline                             0x0000250f   Thumb Code   146  dhcp.o(.text)
    .text                                    0x000025dc   Section        0  init.o(.text)
    .text                                    0x000025ec   Section        0  mem.o(.text)
    plug_holes                               0x000025ed   Thumb Code   132  mem.o(.text)
    .text                                    0x00002a4c   Section        0  memp.o(.text)
    .text                                    0x00002bf4   Section        0  netif.o(.text)
    .text                                    0x00002e08   Section        0  pbuf.o(.text)
    .text                                    0x0000340c   Section        0  raw.o(.text)
    .text                                    0x000035bc   Section        0  tcp.o(.text)
    tcp_new_port                             0x00003d1f   Thumb Code   104  tcp.o(.text)
    tcp_accept_null                          0x00003e89   Thumb Code     8  tcp.o(.text)
    tcp_kill_prio                            0x000040e3   Thumb Code    82  tcp.o(.text)
    tcp_kill_timewait                        0x00004135   Thumb Code    56  tcp.o(.text)
    .text                                    0x000042bc   Section        0  tcp_in.o(.text)
    tcp_oos_insert_segment                   0x000042bd   Thumb Code   176  tcp_in.o(.text)
    tcp_receive                              0x0000436d   Thumb Code  2516  tcp_in.o(.text)
    tcp_parseopt                             0x00004d41   Thumb Code   190  tcp_in.o(.text)
    tcp_process                              0x00004dff   Thumb Code  1410  tcp_in.o(.text)
    tcp_listen_input                         0x00005381   Thumb Code   346  tcp_in.o(.text)
    tcp_timewait_input                       0x000054db   Thumb Code   148  tcp_in.o(.text)
    .text                                    0x00005b08   Section        0  tcp_out.o(.text)
    tcp_output_set_header                    0x00005b09   Thumb Code   142  tcp_out.o(.text)
    tcp_output_segment                       0x000060d7   Thumb Code   244  tcp_out.o(.text)
    .text                                    0x00006714   Section        0  autoip.o(.text)
    autoip_start_probing                     0x00006717   Thumb Code   100  autoip.o(.text)
    autoip_create_addr                       0x0000677b   Thumb Code    92  autoip.o(.text)
    autoip_arp_announce                      0x00006841   Thumb Code    38  autoip.o(.text)
    autoip_handle_arp_conflict               0x00006867   Thumb Code    50  autoip.o(.text)
    autoip_arp_probe                         0x00006899   Thumb Code    40  autoip.o(.text)
    autoip_bind                              0x000068c1   Thumb Code    56  autoip.o(.text)
    .text                                    0x00006b38   Section        0  icmp.o(.text)
    icmp_send_response                       0x00006d79   Thumb Code   142  icmp.o(.text)
    .text                                    0x00006e20   Section        0  inet.o(.text)
    .text                                    0x0000706c   Section        0  inet_chksum.o(.text)
    lwip_standard_chksum                     0x0000706d   Thumb Code    88  inet_chksum.o(.text)
    .text                                    0x000071dc   Section        0  ip.o(.text)
    .text                                    0x00007624   Section        0  ip_addr.o(.text)
    .text                                    0x00007674   Section        0  etharp.o(.text)
    free_etharp_q                            0x00007675   Thumb Code    42  etharp.o(.text)
    find_entry                               0x00007743   Thumb Code   508  etharp.o(.text)
    etharp_send_ip                           0x0000793f   Thumb Code    76  etharp.o(.text)
    update_arp_entry                         0x0000798b   Thumb Code   244  etharp.o(.text)
    .text                                    0x00008128   Section        0  locator.o(.text)
    LocatorReceive                           0x00008129   Thumb Code   166  locator.o(.text)
    .text                                    0x000082d4   Section        0  lwiplib.o(.text)
    lwIPServiceTimers                        0x000082d5   Thumb Code   230  lwiplib.o(.text)
    lwIPPrivateInit                          0x000083bb   Thumb Code   262  lwiplib.o(.text)
    lwIPPrivateNetworkConfigChange           0x00008555   Thumb Code   348  lwiplib.o(.text)
    .text                                    0x0000871c   Section        0  lmi_fs.o(.text)
    .text                                    0x00008840   Section        0  httpd.o(.text)
    conn_err                                 0x00008841   Thumb Code    44  httpd.o(.text)
    close_conn                               0x0000886d   Thumb Code    76  httpd.o(.text)
    send_data                                0x000088b9   Thumb Code   274  httpd.o(.text)
    http_poll                                0x000089cb   Thumb Code    76  httpd.o(.text)
    http_sent                                0x00008a17   Thumb Code    54  httpd.o(.text)
    get_404_file                             0x00008a4d   Thumb Code    42  httpd.o(.text)
    http_recv                                0x00008a77   Thumb Code   372  httpd.o(.text)
    http_accept                              0x00008beb   Thumb Code    84  httpd.o(.text)
    .text                                    0x00008ca4   Section        0  ustdlib.o(.text)
    .text                                    0x0000925c   Section        0  uartstdio.o(.text)
    .text                                    0x0000963c   Section        0  memcmp.o(.text)
    .text                                    0x00009694   Section        0  strlen.o(.text)
    .text                                    0x000096d2   Section        0  strncmp.o(.text)
    .text                                    0x00009768   Section      138  rt_memcpy_v6.o(.text)
    .text                                    0x000097f2   Section      100  rt_memcpy_w.o(.text)
    .text                                    0x00009856   Section       68  rt_memclr.o(.text)
    .text                                    0x0000989a   Section       78  rt_memclr_w.o(.text)
    .text                                    0x000098e8   Section       86  strncpy.o(.text)
    .text                                    0x0000993e   Section        0  heapauxi.o(.text)
    .text                                    0x00009944   Section       74  sys_stackheap_outer.o(.text)
    .text                                    0x0000998e   Section        0  exit.o(.text)
    .text                                    0x0000999c   Section        8  libspace.o(.text)
    .text                                    0x000099a4   Section        8  rt_fp_status_addr_intlibspace.o(.text)
    .text                                    0x000099ac   Section        0  sys_exit.o(.text)
    .text                                    0x000099b8   Section        2  use_no_semi.o(.text)
    .text                                    0x000099ba   Section        0  indicate_semi.o(.text)
    i.ADCIntClear                            0x000099ba   Section        0  adc.o(i.ADCIntClear)
    i.ADCIntStatus                           0x000099c4   Section        0  adc.o(i.ADCIntStatus)
    i.ADCProcessorTrigger                    0x000099f8   Section        0  adc.o(i.ADCProcessorTrigger)
    i.ADCSequenceConfigure                   0x00009a12   Section        0  adc.o(i.ADCSequenceConfigure)
    i.ADCSequenceDataGet                     0x00009a44   Section        0  adc.o(i.ADCSequenceDataGet)
    i.ADCSequenceEnable                      0x00009a68   Section        0  adc.o(i.ADCSequenceEnable)
    i.ADCSequenceStepConfigure               0x00009a76   Section        0  adc.o(i.ADCSequenceStepConfigure)
    i.EthernetConfigSet                      0x00009ae4   Section        0  ethernet.o(i.EthernetConfigSet)
    i.EthernetEnable                         0x00009b0e   Section        0  ethernet.o(i.EthernetEnable)
    i.EthernetInitExpClk                     0x00009b30   Section        0  ethernet.o(i.EthernetInitExpClk)
    i.EthernetIntClear                       0x00009b40   Section        0  ethernet.o(i.EthernetIntClear)
    i.EthernetIntDisable                     0x00009b44   Section        0  ethernet.o(i.EthernetIntDisable)
    i.EthernetIntEnable                      0x00009b4e   Section        0  ethernet.o(i.EthernetIntEnable)
    i.EthernetIntStatus                      0x00009b56   Section        0  ethernet.o(i.EthernetIntStatus)
    i.EthernetMACAddrGet                     0x00009b64   Section        0  ethernet.o(i.EthernetMACAddrGet)
    i.EthernetMACAddrSet                     0x00009b96   Section        0  ethernet.o(i.EthernetMACAddrSet)
    i.EthernetPHYRead                        0x00009bcc   Section        0  ethernet.o(i.EthernetPHYRead)
    i.FlashUserGet                           0x00009bf0   Section        0  flash.o(i.FlashUserGet)
    i.GPIODirModeSet                         0x00009c28   Section        0  gpio.o(i.GPIODirModeSet)
    i.GPIOPadConfigSet                       0x00009c50   Section        0  gpio.o(i.GPIOPadConfigSet)
    i.GPIOPinTypeEthernetLED                 0x00009d00   Section        0  gpio.o(i.GPIOPinTypeEthernetLED)
    i.GPIOPinTypeGPIOOutput                  0x00009d1c   Section        0  gpio.o(i.GPIOPinTypeGPIOOutput)
    i.GPIOPinTypeSSI                         0x00009d38   Section        0  gpio.o(i.GPIOPinTypeSSI)
    i.GPIOPinTypeUART                        0x00009d54   Section        0  gpio.o(i.GPIOPinTypeUART)
    i.GPIOPinWrite                           0x00009d70   Section        0  gpio.o(i.GPIOPinWrite)
    i.IntEnable                              0x00009d76   Section        0  interrupt.o(i.IntEnable)
    i.IntMasterDisable                       0x00009dde   Section        0  interrupt.o(i.IntMasterDisable)
    i.IntMasterEnable                        0x00009de8   Section        0  interrupt.o(i.IntMasterEnable)
    i.SSIConfigSetExpClk                     0x00009df2   Section        0  ssi.o(i.SSIConfigSetExpClk)
    i.SSIDataGet                             0x00009e3e   Section        0  ssi.o(i.SSIDataGet)
    i.SSIDataGetNonBlocking                  0x00009e4c   Section        0  ssi.o(i.SSIDataGetNonBlocking)
    i.SSIDataPut                             0x00009e5e   Section        0  ssi.o(i.SSIDataPut)
    i.SSIDisable                             0x00009e6a   Section        0  ssi.o(i.SSIDisable)
    i.SSIEnable                              0x00009e74   Section        0  ssi.o(i.SSIEnable)
    i.SysCtlClockGet                         0x00009e80   Section        0  sysctl.o(i.SysCtlClockGet)
    i.SysCtlClockSet                         0x0000a064   Section        0  sysctl.o(i.SysCtlClockSet)
    i.SysCtlPeripheralEnable                 0x0000a19c   Section        0  sysctl.o(i.SysCtlPeripheralEnable)
    i.SysCtlPeripheralPresent                0x0000a1bc   Section        0  sysctl.o(i.SysCtlPeripheralPresent)
    i.SysCtlPeripheralReset                  0x0000a1fc   Section        0  sysctl.o(i.SysCtlPeripheralReset)
    i.SysTickEnable                          0x0000a234   Section        0  systick.o(i.SysTickEnable)
    i.SysTickIntEnable                       0x0000a242   Section        0  systick.o(i.SysTickIntEnable)
    i.SysTickPeriodSet                       0x0000a250   Section        0  systick.o(i.SysTickPeriodSet)
    i.UARTCharGet                            0x0000a25a   Section        0  uart.o(i.UARTCharGet)
    i.UARTCharPut                            0x0000a266   Section        0  uart.o(i.UARTCharPut)
    i.UARTConfigSetExpClk                    0x0000a272   Section        0  uart.o(i.UARTConfigSetExpClk)
    i.UARTEnable                             0x0000a2e0   Section        0  uart.o(i.UARTEnable)
    x$fpl$fpinit                             0x0000a2f4   Section       14  fpinit.o(x$fpl$fpinit)
    .constdata                               0x0000a302   Section      571  rit128x96x4.o(.constdata)
    g_pucRIT128x96x4VerticalInc              0x0000a302   Data           2  rit128x96x4.o(.constdata)
    g_pucRIT128x96x4HorizontalInc            0x0000a304   Data           2  rit128x96x4.o(.constdata)
    g_pucFont                                0x0000a306   Data         480  rit128x96x4.o(.constdata)
    g_pucRIT128x96x4Init                     0x0000a4e6   Data          79  rit128x96x4.o(.constdata)
    pucCommand1                              0x0000a535   Data           3  rit128x96x4.o(.constdata)
    pucCommand2                              0x0000a538   Data           3  rit128x96x4.o(.constdata)
    pucCommand1                              0x0000a53b   Data           2  rit128x96x4.o(.constdata)
    .constdata                               0x0000a53e   Section       32  memp.o(.constdata)
    memp_sizes                               0x0000a53e   Data          16  memp.o(.constdata)
    memp_num                                 0x0000a54e   Data          16  memp.o(.constdata)
    .constdata                               0x0000a55e   Section       20  tcp.o(.constdata)
    .constdata                               0x0000a572   Section        8  ip_addr.o(.constdata)
    .constdata                               0x0000a57a   Section       12  etharp.o(.constdata)
    .constdata                               0x0000a588   Section     2576  lmi_fs.o(.constdata)
    data_index_html                          0x0000a588   Data        2559  lmi_fs.o(.constdata)
    .constdata                               0x0000af98   Section       40  httpd.o(.constdata)
    .constdata                               0x0000afc0   Section       28  ustdlib.o(.constdata)
    g_pcHex                                  0x0000afc0   Data           4  ustdlib.o(.constdata)
    g_psDaysToMonth                          0x0000afc4   Data          24  ustdlib.o(.constdata)
    .constdata                               0x0000afdc   Section       28  uartstdio.o(.constdata)
    g_pcHex                                  0x0000afdc   Data           4  uartstdio.o(.constdata)
    g_ulUARTBase                             0x0000afe0   Data          12  uartstdio.o(.constdata)
    g_ulUARTPeriph                           0x0000afec   Data          12  uartstdio.o(.constdata)
    .constdata                               0x0000aff8   Section      156  sysctl.o(.constdata)
    g_pulDCRegs                              0x0000aff8   Data          16  sysctl.o(.constdata)
    g_pulSRCRRegs                            0x0000b008   Data          12  sysctl.o(.constdata)
    g_pulRCGCRegs                            0x0000b014   Data          12  sysctl.o(.constdata)
    g_pulSCGCRegs                            0x0000b020   Data          12  sysctl.o(.constdata)
    g_pulDCGCRegs                            0x0000b02c   Data          12  sysctl.o(.constdata)
    g_pulXtals                               0x0000b038   Data          92  sysctl.o(.constdata)
    .conststring                             0x0000b094   Section      104  tcp.o(.conststring)
    .conststring                             0x0000b0fc   Section       59  httpd.o(.conststring)
    .conststring                             0x0000b137   Section       17  ustdlib.o(.conststring)
    .data                                    0x20000000   Section       12  main.o(.data)
    ulLastIPAddress                          0x20000000   Data           4  main.o(.data)
    iColumn                                  0x20000004   Data           4  main.o(.data)
    g_ulFlags                                0x20000008   Data           4  main.o(.data)
    .data                                    0x2000000c   Section       25  rit128x96x4.o(.data)
    g_bSSIEnabled                            0x2000001c   Data           1  rit128x96x4.o(.data)
    g_pucBuffer                              0x2000001d   Data           8  rit128x96x4.o(.data)
    .data                                    0x20000028   Section        4  udp.o(.data)
    .data                                    0x2000002c   Section        4  dhcp.o(.data)
    xid                                      0x2000002c   Data           4  dhcp.o(.data)
    .data                                    0x20000030   Section       13  mem.o(.data)
    ram                                      0x20000030   Data           4  mem.o(.data)
    ram_end                                  0x20000034   Data           4  mem.o(.data)
    lfree                                    0x20000038   Data           4  mem.o(.data)
    mem_sem                                  0x2000003c   Data           1  mem.o(.data)
    .data                                    0x20000040   Section       12  netif.o(.data)
    netifnum                                 0x20000040   Data           1  netif.o(.data)
    .data                                    0x2000004c   Section        4  raw.o(.data)
    raw_pcbs                                 0x2000004c   Data           4  raw.o(.data)
    .data                                    0x20000050   Section       77  tcp.o(.data)
    port                                     0x2000007c   Data           2  tcp.o(.data)
    iss                                      0x20000080   Data           4  tcp.o(.data)
    tcp_timer                                0x2000009c   Data           1  tcp.o(.data)
    .data                                    0x200000a0   Section       32  tcp_in.o(.data)
    tcphdr                                   0x200000a0   Data           4  tcp_in.o(.data)
    iphdr                                    0x200000a4   Data           4  tcp_in.o(.data)
    seqno                                    0x200000a8   Data           4  tcp_in.o(.data)
    ackno                                    0x200000ac   Data           4  tcp_in.o(.data)
    flags                                    0x200000b0   Data           1  tcp_in.o(.data)
    tcplen                                   0x200000b2   Data           2  tcp_in.o(.data)
    recv_flags                               0x200000b4   Data           1  tcp_in.o(.data)
    recv_data                                0x200000b8   Data           4  tcp_in.o(.data)
    .data                                    0x200000c0   Section       12  ip.o(.data)
    ip_id                                    0x200000c0   Data           2  ip.o(.data)
    .data                                    0x200000cc   Section        1  etharp.o(.data)
    etharp_cached_entry                      0x200000cc   Data           1  etharp.o(.data)
    .data                                    0x200000d0   Section       48  lwiplib.o(.data)
    g_ulLocalTimer                           0x200000d0   Data           4  lwiplib.o(.data)
    g_ulMDIXTimer                            0x200000d4   Data           4  lwiplib.o(.data)
    g_ulTCPTimer                             0x200000d8   Data           4  lwiplib.o(.data)
    g_ulHostTimer                            0x200000dc   Data           4  lwiplib.o(.data)
    g_ulARPTimer                             0x200000e0   Data           4  lwiplib.o(.data)
    g_ulAutoIPTimer                          0x200000e4   Data           4  lwiplib.o(.data)
    g_ulDHCPCoarseTimer                      0x200000e8   Data           4  lwiplib.o(.data)
    g_ulDHCPFineTimer                        0x200000ec   Data           4  lwiplib.o(.data)
    g_ulIPMode                               0x200000f0   Data           4  lwiplib.o(.data)
    g_ulIPAddr                               0x200000f4   Data           4  lwiplib.o(.data)
    g_ulNetMask                              0x200000f8   Data           4  lwiplib.o(.data)
    g_ulGWAddr                               0x200000fc   Data           4  lwiplib.o(.data)
    .data                                    0x20000100   Section        5  uartstdio.o(.data)
    g_ulBase                                 0x20000100   Data           4  uartstdio.o(.data)
    bLastWasCR                               0x20000104   Data           1  uartstdio.o(.data)
    .bss                                     0x20000108   Section       96  stellarisif.o(.bss)
    stellarisif_data                         0x20000108   Data          96  stellarisif.o(.bss)
    .bss                                     0x20000168   Section    12308  mem.o(.bss)
    ram_heap                                 0x20000168   Data       12308  mem.o(.bss)
    .bss                                     0x2000317c   Section     6111  memp.o(.bss)
    memp_tab                                 0x2000317c   Data          32  memp.o(.bss)
    memp_memory                              0x2000319c   Data        6079  memp.o(.bss)
    .bss                                     0x2000495c   Section      234  stats.o(.bss)
    .bss                                     0x20004a48   Section       20  tcp_in.o(.bss)
    inseg                                    0x20004a48   Data          20  tcp_in.o(.bss)
    .bss                                     0x20004a5c   Section       16  inet.o(.bss)
    str                                      0x20004a5c   Data          16  inet.o(.bss)
    .bss                                     0x20004a6c   Section      200  etharp.o(.bss)
    arp_table                                0x20004a6c   Data         200  etharp.o(.bss)
    .bss                                     0x20004b34   Section       84  locator.o(.bss)
    g_pucLocatorData                         0x20004b34   Data          84  locator.o(.bss)
    .bss                                     0x20004b88   Section       56  lwiplib.o(.bss)
    g_sNetIF                                 0x20004b88   Data          56  lwiplib.o(.bss)
    .bss                                     0x20004bc0   Section       16  lmi_fs.o(.bss)
    pcBuf                                    0x20004bc0   Data          16  lmi_fs.o(.bss)
    .bss                                     0x20004bd0   Section       96  libspace.o(.bss)
    HEAP                                     0x20004c30   Section      256  startup_rvmdk.o(HEAP)
    HeapMem                                  0x20004c30   Data           0  startup_rvmdk.o(HEAP)
    STACK                                    0x20004d30   Section     1024  startup_rvmdk.o(STACK)
    StackMem                                 0x20004d30   Data           0  startup_rvmdk.o(STACK)

    Global Symbols

    Symbol Name                              Value     Ov Type        Size  Object(Section)

    BuildAttributes$$THM_ISAv4$P$D$K$B$S$PE$A:L22UL41UL21$X:L11$S22US41US21$IEEE1$IW$USESV6$~STKCKD$USESV7$~SHL$OTIME$ROPI$EBA8$UX$STANDARDLIB$REQ8$PRES8$EABIv2 0x00000000   Number         0  anon$$obj.o ABSOLUTE
    __ARM_use_no_argv                        0x00000000   Number         0  main.o ABSOLUTE
    __Vectors                                0x00000000   Data           0  startup_rvmdk.o(RESET)
    __ARM_exceptions_init                     - Undefined Weak Reference
    __alloca_initialize                       - Undefined Weak Reference
    __cpp_initialize__aeabi_                  - Undefined Weak Reference
    __cxa_finalize                            - Undefined Weak Reference
    __rt_locale                               - Undefined Weak Reference
    __sigvec_lookup                           - Undefined Weak Reference
    _atexit_init                              - Undefined Weak Reference
    _call_atexit_fns                          - Undefined Weak Reference
    _clock_init                               - Undefined Weak Reference
    _fp_trap_init                             - Undefined Weak Reference
    _fp_trap_shutdown                         - Undefined Weak Reference
    _get_lc_collate                           - Undefined Weak Reference
    _get_lc_ctype                             - Undefined Weak Reference
    _get_lc_monetary                          - Undefined Weak Reference
    _get_lc_numeric                           - Undefined Weak Reference
    _get_lc_time                              - Undefined Weak Reference
    _getenv_init                              - Undefined Weak Reference
    _handle_redirection                       - Undefined Weak Reference
    _init_alloc                               - Undefined Weak Reference
    _init_user_alloc                          - Undefined Weak Reference
    _initio                                   - Undefined Weak Reference
    _rand_init                                - Undefined Weak Reference
    _signal_finish                            - Undefined Weak Reference
    _signal_init                              - Undefined Weak Reference
    _terminate_alloc                          - Undefined Weak Reference
    _terminate_user_alloc                     - Undefined Weak Reference
    _terminateio                              - Undefined Weak Reference
    Reset_Handler                            0x0000026d   Thumb Code     0  startup_rvmdk.o(RESET)
    __main                                   0x00000279   Thumb Code     8  __main.o(!!!main)
    __scatterload                            0x00000281   Thumb Code     0  __scatter.o(!!!scatter)
    __scatterload_rt2                        0x00000281   Thumb Code    44  __scatter.o(!!!scatter)
    __scatterload_rt2_thumb_only             0x00000281   Thumb Code     0  __scatter.o(!!!scatter)
    __scatterload_null                       0x0000028f   Thumb Code     0  __scatter.o(!!!scatter)
    __scatterload_copy                       0x000002b5   Thumb Code    26  __scatter_copy.o(!!handler_copy)
    __scatterload_zeroinit                   0x000002d1   Thumb Code    28  __scatter_zi.o(!!handler_zi)
    __rt_lib_init                            0x000002ed   Thumb Code     0  libinit.o(.ARM.Collect$$libinit$$00000000)
    __rt_lib_init_alloca_1                   0x000002f3   Thumb Code     0  libinit2.o(.ARM.Collect$$libinit$$0000002A)
    __rt_lib_init_argv_1                     0x000002f3   Thumb Code     0  libinit2.o(.ARM.Collect$$libinit$$00000028)
    __rt_lib_init_atexit_1                   0x000002f3   Thumb Code     0  libinit2.o(.ARM.Collect$$libinit$$00000017)
    __rt_lib_init_clock_1                    0x000002f3   Thumb Code     0  libinit2.o(.ARM.Collect$$libinit$$0000001D)
    __rt_lib_init_cpp_1                      0x000002f3   Thumb Code     0  libinit2.o(.ARM.Collect$$libinit$$0000002E)
    __rt_lib_init_exceptions_1               0x000002f3   Thumb Code     0  libinit2.o(.ARM.Collect$$libinit$$0000002C)
    __rt_lib_init_fp_trap_1                  0x000002f3   Thumb Code     0  libinit2.o(.ARM.Collect$$libinit$$0000001B)
    __rt_lib_init_getenv_1                   0x000002f3   Thumb Code     0  libinit2.o(.ARM.Collect$$libinit$$0000001F)
    __rt_lib_init_heap_1                     0x000002f3   Thumb Code     0  libinit2.o(.ARM.Collect$$libinit$$00000006)
    __rt_lib_init_lc_collate_1               0x000002f3   Thumb Code     0  libinit2.o(.ARM.Collect$$libinit$$0000000D)
    __rt_lib_init_lc_ctype_1                 0x000002f3   Thumb Code     0  libinit2.o(.ARM.Collect$$libinit$$0000000F)
    __rt_lib_init_lc_monetary_1              0x000002f3   Thumb Code     0  libinit2.o(.ARM.Collect$$libinit$$00000011)
    __rt_lib_init_lc_numeric_1               0x000002f3   Thumb Code     0  libinit2.o(.ARM.Collect$$libinit$$00000013)
    __rt_lib_init_lc_time_1                  0x000002f3   Thumb Code     0  libinit2.o(.ARM.Collect$$libinit$$00000015)
    __rt_lib_init_rand_1                     0x000002f3   Thumb Code     0  libinit2.o(.ARM.Collect$$libinit$$0000000A)
    __rt_lib_init_return                     0x000002f3   Thumb Code     0  libinit2.o(.ARM.Collect$$libinit$$0000002F)
    __rt_lib_init_signal_1                   0x000002f3   Thumb Code     0  libinit2.o(.ARM.Collect$$libinit$$00000019)
    __rt_lib_init_stdio_1                    0x000002f3   Thumb Code     0  libinit2.o(.ARM.Collect$$libinit$$00000021)
    __rt_lib_init_user_alloc_1               0x000002f3   Thumb Code     0  libinit2.o(.ARM.Collect$$libinit$$00000008)
    __rt_lib_shutdown                        0x000002f5   Thumb Code     0  libshutdown.o(.ARM.Collect$$libshutdown$$00000000)
    __rt_lib_shutdown_fp_trap_1              0x000002f7   Thumb Code     0  libshutdown2.o(.ARM.Collect$$libshutdown$$00000006)
    __rt_lib_shutdown_heap_1                 0x000002f7   Thumb Code     0  libshutdown2.o(.ARM.Collect$$libshutdown$$0000000E)
    __rt_lib_shutdown_return                 0x000002f7   Thumb Code     0  libshutdown2.o(.ARM.Collect$$libshutdown$$0000000F)
    __rt_lib_shutdown_signal_1               0x000002f7   Thumb Code     0  libshutdown2.o(.ARM.Collect$$libshutdown$$00000009)
    __rt_lib_shutdown_stdio_1                0x000002f7   Thumb Code     0  libshutdown2.o(.ARM.Collect$$libshutdown$$00000003)
    __rt_lib_shutdown_user_alloc_1           0x000002f7   Thumb Code     0  libshutdown2.o(.ARM.Collect$$libshutdown$$0000000B)
    __rt_entry                               0x000002f9   Thumb Code     0  rtentry.o(.ARM.Collect$$rtentry$$00000000)
    __rt_entry_presh_1                       0x000002f9   Thumb Code     0  rtentry2.o(.ARM.Collect$$rtentry$$00000002)
    __rt_entry_sh                            0x000002f9   Thumb Code     0  rtentry4.o(.ARM.Collect$$rtentry$$00000004)
    __rt_entry_li                            0x000002ff   Thumb Code     0  rtentry2.o(.ARM.Collect$$rtentry$$0000000A)
    __rt_entry_postsh_1                      0x000002ff   Thumb Code     0  rtentry2.o(.ARM.Collect$$rtentry$$00000009)
    __rt_entry_main                          0x00000303   Thumb Code     0  rtentry2.o(.ARM.Collect$$rtentry$$0000000D)
    __rt_entry_postli_1                      0x00000303   Thumb Code     0  rtentry2.o(.ARM.Collect$$rtentry$$0000000C)
    __rt_exit                                0x0000030b   Thumb Code     0  rtexit.o(.ARM.Collect$$rtexit$$00000000)
    __rt_exit_ls                             0x0000030d   Thumb Code     0  rtexit2.o(.ARM.Collect$$rtexit$$00000003)
    __rt_exit_prels_1                        0x0000030d   Thumb Code     0  rtexit2.o(.ARM.Collect$$rtexit$$00000002)
    __rt_exit_exit                           0x00000311   Thumb Code     0  rtexit2.o(.ARM.Collect$$rtexit$$00000004)
    SysCtlDelay                              0x00000319   Thumb Code     6  sysctl.o(.emb_text)
    CPUcpsid                                 0x00000321   Thumb Code     8  cpu.o(.emb_text)
    CPUprimask                               0x00000329   Thumb Code     6  cpu.o(.emb_text)
    CPUcpsie                                 0x0000032f   Thumb Code     8  cpu.o(.emb_text)
    CPUwfi                                   0x00000337   Thumb Code     4  cpu.o(.emb_text)
    CPUbasepriSet                            0x0000033b   Thumb Code     6  cpu.o(.emb_text)
    CPUbasepriGet                            0x00000341   Thumb Code     6  cpu.o(.emb_text)
    DisplayIPAddress                         0x00000349   Thumb Code    46  main.o(.text)
    SysTickIntHandler                        0x00000377   Thumb Code    38  main.o(.text)
    lwIPHostTimerHandler                     0x0000039d   Thumb Code   266  main.o(.text)
    main                                     0x000004a7   Thumb Code   328  main.o(.text)
    io_gettemp                               0x000006b9   Thumb Code    60  temperature_sensor.o(.text)
    RIT128x96x4Clear                         0x0000077d   Thumb Code    76  rit128x96x4.o(.text)
    RIT128x96x4StringDraw                    0x000007c9   Thumb Code   262  rit128x96x4.o(.text)
    RIT128x96x4ImageDraw                     0x000008cf   Thumb Code   120  rit128x96x4.o(.text)
    RIT128x96x4Enable                        0x00000947   Thumb Code    88  rit128x96x4.o(.text)
    RIT128x96x4Disable                       0x0000099f   Thumb Code    68  rit128x96x4.o(.text)
    RIT128x96x4Init                          0x000009e3   Thumb Code   240  rit128x96x4.o(.text)
    RIT128x96x4DisplayOn                     0x00000ad3   Thumb Code   114  rit128x96x4.o(.text)
    RIT128x96x4DisplayOff                    0x00000b45   Thumb Code    12  rit128x96x4.o(.text)
    __user_initial_stackheap                 0x00000b55   Thumb Code     0  startup_rvmdk.o(.text)
    sys_arch_protect                         0x00000b71   Thumb Code     8  sys_arch.o(.text)
    sys_arch_unprotect                       0x00000b79   Thumb Code    16  sys_arch.o(.text)
    stellarisif_init                         0x00000e8f   Thumb Code    68  stellarisif.o(.text)
    stellarisif_interrupt                    0x00000ed3   Thumb Code   124  stellarisif.o(.text)
    udp_input                                0x00000f65   Thumb Code   654  udp.o(.text)
    udp_bind                                 0x000011f3   Thumb Code   112  udp.o(.text)
    udp_sendto_if                            0x00001263   Thumb Code   270  udp.o(.text)
    udp_sendto                               0x00001371   Thumb Code    64  udp.o(.text)
    udp_send                                 0x000013b1   Thumb Code    22  udp.o(.text)
    udp_connect                              0x000013c7   Thumb Code    96  udp.o(.text)
    udp_disconnect                           0x00001427   Thumb Code    32  udp.o(.text)
    udp_recv                                 0x00001447   Thumb Code     6  udp.o(.text)
    udp_remove                               0x0000144d   Thumb Code    60  udp.o(.text)
    udp_new                                  0x00001489   Thumb Code    30  udp.o(.text)
    dhcp_renew                               0x00001ae1   Thumb Code   152  dhcp.o(.text)
    dhcp_coarse_tmr                          0x00001c4f   Thumb Code    62  dhcp.o(.text)
    dhcp_release                             0x00001d45   Thumb Code   186  dhcp.o(.text)
    dhcp_fine_tmr                            0x00001fc1   Thumb Code    86  dhcp.o(.text)
    dhcp_stop                                0x0000212f   Thumb Code    86  dhcp.o(.text)
    dhcp_start                               0x00002351   Thumb Code   194  dhcp.o(.text)
    dhcp_inform                              0x00002413   Thumb Code   166  dhcp.o(.text)
    dhcp_network_changed                     0x000024b9   Thumb Code    86  dhcp.o(.text)
    dhcp_arp_reply                           0x000025a1   Thumb Code    46  dhcp.o(.text)
    lwip_init                                0x000025dd   Thumb Code    16  init.o(.text)
    mem_init                                 0x00002671   Thumb Code    96  mem.o(.text)
    mem_free                                 0x000026d1   Thumb Code   132  mem.o(.text)
    mem_realloc                              0x00002755   Thumb Code   322  mem.o(.text)
    mem_malloc                               0x00002897   Thumb Code   394  mem.o(.text)
    mem_calloc                               0x00002a21   Thumb Code    34  mem.o(.text)
    memp_init                                0x00002a4d   Thumb Code   150  memp.o(.text)
    memp_malloc                              0x00002ae3   Thumb Code   172  memp.o(.text)
    memp_free                                0x00002b8f   Thumb Code    80  memp.o(.text)
    netif_set_gw                             0x00002bf5   Thumb Code    14  netif.o(.text)
    netif_set_netmask                        0x00002c03   Thumb Code    14  netif.o(.text)
    netif_set_ipaddr                         0x00002c11   Thumb Code   114  netif.o(.text)
    netif_set_addr                           0x00002c83   Thumb Code    40  netif.o(.text)
    netif_add                                0x00002cab   Thumb Code   104  netif.o(.text)
    netif_set_default                        0x00002d13   Thumb Code     6  netif.o(.text)
    netif_remove                             0x00002d19   Thumb Code    74  netif.o(.text)
    netif_find                               0x00002d63   Thumb Code    66  netif.o(.text)
    netif_set_up                             0x00002da5   Thumb Code    44  netif.o(.text)
    netif_set_down                           0x00002dd1   Thumb Code    24  netif.o(.text)
    netif_is_up                              0x00002de9   Thumb Code    12  netif.o(.text)
    pbuf_free                                0x00002e09   Thumb Code   130  pbuf.o(.text)
    pbuf_alloc                               0x00002e8b   Thumb Code   438  pbuf.o(.text)
    pbuf_realloc                             0x00003041   Thumb Code   124  pbuf.o(.text)
    pbuf_header                              0x000030bd   Thumb Code   134  pbuf.o(.text)
    pbuf_clen                                0x00003143   Thumb Code    22  pbuf.o(.text)
    pbuf_ref                                 0x00003159   Thumb Code    28  pbuf.o(.text)
    pbuf_cat                                 0x00003175   Thumb Code    56  pbuf.o(.text)
    pbuf_chain                               0x000031ad   Thumb Code    22  pbuf.o(.text)
    pbuf_dechain                             0x000031c3   Thumb Code    62  pbuf.o(.text)
    pbuf_copy                                0x00003201   Thumb Code   192  pbuf.o(.text)
    pbuf_copy_partial                        0x000032c1   Thumb Code   154  pbuf.o(.text)
    pbuf_take                                0x0000335b   Thumb Code   116  pbuf.o(.text)
    pbuf_coalesce                            0x000033cf   Thumb Code    60  pbuf.o(.text)
    raw_input                                0x0000340d   Thumb Code   102  raw.o(.text)
    raw_bind                                 0x00003473   Thumb Code    18  raw.o(.text)
    raw_connect                              0x00003485   Thumb Code    18  raw.o(.text)
    raw_recv                                 0x00003497   Thumb Code     6  raw.o(.text)
    raw_sendto                               0x0000349d   Thumb Code   156  raw.o(.text)
    raw_send                                 0x00003539   Thumb Code    20  raw.o(.text)
    raw_remove                               0x0000354d   Thumb Code    60  raw.o(.text)
    raw_new                                  0x00003589   Thumb Code    46  raw.o(.text)
    tcp_seg_free                             0x000035bd   Thumb Code    34  tcp.o(.text)
    tcp_segs_free                            0x000035df   Thumb Code    32  tcp.o(.text)
    tcp_pcb_purge                            0x000035ff   Thumb Code    82  tcp.o(.text)
    tcp_slowtmr                              0x00003651   Thumb Code   796  tcp.o(.text)
    tcp_pcb_remove                           0x0000396d   Thumb Code   154  tcp.o(.text)
    tcp_close                                0x00003a07   Thumb Code   290  tcp.o(.text)
    tcp_update_rcv_ann_wnd                   0x00003b29   Thumb Code    74  tcp.o(.text)
    tcp_recved                               0x00003b73   Thumb Code    68  tcp.o(.text)
    tcp_recv_null                            0x00003bb7   Thumb Code    46  tcp.o(.text)
    tcp_fasttmr                              0x00003be5   Thumb Code   124  tcp.o(.text)
    tcp_tmr                                  0x00003c61   Thumb Code    32  tcp.o(.text)
    tcp_abandon                              0x00003c81   Thumb Code   158  tcp.o(.text)
    tcp_bind                                 0x00003d87   Thumb Code   258  tcp.o(.text)
    tcp_listen_with_backlog                  0x00003e91   Thumb Code   200  tcp.o(.text)
    tcp_eff_send_mss                         0x00003f59   Thumb Code    48  tcp.o(.text)
    tcp_next_iss                             0x00003f89   Thumb Code    20  tcp.o(.text)
    tcp_connect                              0x00003f9d   Thumb Code   282  tcp.o(.text)
    tcp_setprio                              0x000040b7   Thumb Code     4  tcp.o(.text)
    tcp_seg_copy                             0x000040bb   Thumb Code    40  tcp.o(.text)
    tcp_alloc                                0x0000416d   Thumb Code   276  tcp.o(.text)
    tcp_new                                  0x00004281   Thumb Code    10  tcp.o(.text)
    tcp_arg                                  0x0000428b   Thumb Code     4  tcp.o(.text)
    tcp_recv                                 0x0000428f   Thumb Code     6  tcp.o(.text)
    tcp_sent                                 0x00004295   Thumb Code     6  tcp.o(.text)
    tcp_err                                  0x0000429b   Thumb Code     6  tcp.o(.text)
    tcp_accept                               0x000042a1   Thumb Code     4  tcp.o(.text)
    tcp_poll                                 0x000042a5   Thumb Code    10  tcp.o(.text)
    tcp_debug_state_str                      0x000042af   Thumb Code    10  tcp.o(.text)
    tcp_input                                0x0000556f   Thumb Code  1382  tcp_in.o(.text)
    tcp_enqueue                              0x00005b97   Thumb Code  1114  tcp_out.o(.text)
    tcp_send_ctrl                            0x00005ff1   Thumb Code    36  tcp_out.o(.text)
    tcp_write                                0x00006015   Thumb Code    72  tcp_out.o(.text)
    tcp_send_empty_ack                       0x0000605d   Thumb Code   122  tcp_out.o(.text)
    tcp_output                               0x000061cb   Thumb Code   484  tcp_out.o(.text)
    tcp_rst                                  0x000063af   Thumb Code   222  tcp_out.o(.text)
    tcp_rexmit_rto                           0x0000648d   Thumb Code    64  tcp_out.o(.text)
    tcp_rexmit                               0x000064cd   Thumb Code   102  tcp_out.o(.text)
    tcp_rexmit_fast                          0x00006533   Thumb Code   126  tcp_out.o(.text)
    tcp_keepalive                            0x000065b1   Thumb Code   132  tcp_out.o(.text)
    tcp_zero_window_probe                    0x00006635   Thumb Code   220  tcp_out.o(.text)
    autoip_init                              0x00006715   Thumb Code     2  autoip.o(.text)
    autoip_start                             0x000067d7   Thumb Code   106  autoip.o(.text)
    autoip_network_changed                   0x000068f9   Thumb Code    28  autoip.o(.text)
    autoip_stop                              0x00006915   Thumb Code    22  autoip.o(.text)
    autoip_tmr                               0x0000692b   Thumb Code   306  autoip.o(.text)
    autoip_arp_reply                         0x00006a5d   Thumb Code   186  autoip.o(.text)
    icmp_input                               0x00006b39   Thumb Code   576  icmp.o(.text)
    icmp_dest_unreach                        0x00006e07   Thumb Code    20  icmp.o(.text)
    htonl                                    0x00006e21   Thumb Code    28  inet.o(.text)
    inet_aton                                0x00006e3d   Thumb Code   362  inet.o(.text)
    inet_addr                                0x00006fa7   Thumb Code    24  inet.o(.text)
    inet_ntoa                                0x00006fbf   Thumb Code   130  inet.o(.text)
    htons                                    0x00007041   Thumb Code    16  inet.o(.text)
    ntohs                                    0x00007051   Thumb Code    12  inet.o(.text)
    ntohl                                    0x0000705d   Thumb Code    12  inet.o(.text)
    inet_chksum_pseudo                       0x000070c5   Thumb Code   168  inet_chksum.o(.text)
    inet_chksum                              0x0000716d   Thumb Code    20  inet_chksum.o(.text)
    inet_chksum_pbuf                         0x00007181   Thumb Code    90  inet_chksum.o(.text)
    ip_route                                 0x000071dd   Thumb Code    86  ip.o(.text)
    ip_input                                 0x00007233   Thumb Code   642  ip.o(.text)
    ip_output_if                             0x000074b5   Thumb Code   296  ip.o(.text)
    ip_output                                0x000075dd   Thumb Code    68  ip.o(.text)
    ip_addr_isbroadcast                      0x00007625   Thumb Code    78  ip_addr.o(.text)
    etharp_tmr                               0x0000769f   Thumb Code   164  etharp.o(.text)
    etharp_find_addr                         0x00007a7f   Thumb Code   100  etharp.o(.text)
    etharp_ip_input                          0x00007ae3   Thumb Code    66  etharp.o(.text)
    etharp_arp_input                         0x00007b25   Thumb Code   434  etharp.o(.text)
    etharp_raw                               0x00007cd7   Thumb Code   254  etharp.o(.text)
    etharp_request                           0x00007dd5   Thumb Code    40  etharp.o(.text)
    etharp_query                             0x00007dfd   Thumb Code   440  etharp.o(.text)
    etharp_output                            0x00007fb5   Thumb Code   218  etharp.o(.text)
    ethernet_input                           0x0000808f   Thumb Code   140  etharp.o(.text)
    LocatorInit                              0x000081cf   Thumb Code   100  locator.o(.text)
    LocatorBoardTypeSet                      0x00008233   Thumb Code     6  locator.o(.text)
    LocatorBoardIDSet                        0x00008239   Thumb Code     6  locator.o(.text)
    LocatorClientIPSet                       0x0000823f   Thumb Code    24  locator.o(.text)
    LocatorMACAddrSet                        0x00008257   Thumb Code    28  locator.o(.text)
    LocatorVersionSet                        0x00008273   Thumb Code    24  locator.o(.text)
    LocatorAppTitleSet                       0x0000828b   Thumb Code    60  locator.o(.text)
    lwIPInit                                 0x000084c1   Thumb Code    58  lwiplib.o(.text)
    lwIPTimer                                0x000084fb   Thumb Code    24  lwiplib.o(.text)
    lwIPEthernetIntHandler                   0x00008513   Thumb Code    34  lwiplib.o(.text)
    lwIPLocalIPAddrGet                       0x00008535   Thumb Code     6  lwiplib.o(.text)
    lwIPLocalNetMaskGet                      0x0000853b   Thumb Code     6  lwiplib.o(.text)
    lwIPLocalGWAddrGet                       0x00008541   Thumb Code     6  lwiplib.o(.text)
    lwIPLocalMACGet                          0x00008547   Thumb Code    14  lwiplib.o(.text)
    lwIPNetworkConfigChange                  0x000086b1   Thumb Code   108  lwiplib.o(.text)
    fs_open                                  0x0000871d   Thumb Code   146  lmi_fs.o(.text)
    fs_close                                 0x000087af   Thumb Code    12  lmi_fs.o(.text)
    fs_read                                  0x000087bb   Thumb Code    80  lmi_fs.o(.text)
    httpd_init                               0x00008c3f   Thumb Code    40  httpd.o(.text)
    uvsnprintf                               0x00008ca5   Thumb Code   766  ustdlib.o(.text)
    usprintf                                 0x00008fa3   Thumb Code    40  ustdlib.o(.text)
    usnprintf                                0x00008fcb   Thumb Code    40  ustdlib.o(.text)
    ulocaltime                               0x00008ff3   Thumb Code   200  ustdlib.o(.text)
    ustrtoul                                 0x000090bb   Thumb Code   232  ustdlib.o(.text)
    ustrstr                                  0x000091a3   Thumb Code    46  ustdlib.o(.text)
    ustrnicmp                                0x000091d1   Thumb Code   104  ustdlib.o(.text)
    ustrcasecmp                              0x00009239   Thumb Code    20  ustdlib.o(.text)
    UARTStdioInitExpClk                      0x0000925d   Thumb Code    72  uartstdio.o(.text)
    UARTStdioInit                            0x000092a5   Thumb Code    16  uartstdio.o(.text)
    UARTwrite                                0x000092b5   Thumb Code    50  uartstdio.o(.text)
    UARTgets                                 0x000092e7   Thumb Code   142  uartstdio.o(.text)
    UARTgetc                                 0x00009375   Thumb Code    14  uartstdio.o(.text)
    UARTprintf                               0x00009383   Thumb Code   656  uartstdio.o(.text)
    memcmp                                   0x0000963d   Thumb Code    88  memcmp.o(.text)
    strlen                                   0x00009695   Thumb Code    62  strlen.o(.text)
    strncmp                                  0x000096d3   Thumb Code   150  strncmp.o(.text)
    __aeabi_memcpy                           0x00009769   Thumb Code     0  rt_memcpy_v6.o(.text)
    __rt_memcpy                              0x00009769   Thumb Code   138  rt_memcpy_v6.o(.text)
    _memcpy_lastbytes                        0x000097cf   Thumb Code     0  rt_memcpy_v6.o(.text)
    __aeabi_memcpy4                          0x000097f3   Thumb Code     0  rt_memcpy_w.o(.text)
    __aeabi_memcpy8                          0x000097f3   Thumb Code     0  rt_memcpy_w.o(.text)
    __rt_memcpy_w                            0x000097f3   Thumb Code   100  rt_memcpy_w.o(.text)
    _memcpy_lastbytes_aligned                0x0000983b   Thumb Code     0  rt_memcpy_w.o(.text)
    __aeabi_memclr                           0x00009857   Thumb Code     0  rt_memclr.o(.text)
    __rt_memclr                              0x00009857   Thumb Code    68  rt_memclr.o(.text)
    _memset                                  0x0000985b   Thumb Code     0  rt_memclr.o(.text)
    __aeabi_memclr4                          0x0000989b   Thumb Code     0  rt_memclr_w.o(.text)
    __aeabi_memclr8                          0x0000989b   Thumb Code     0  rt_memclr_w.o(.text)
    __rt_memclr_w                            0x0000989b   Thumb Code    78  rt_memclr_w.o(.text)
    _memset_w                                0x0000989f   Thumb Code     0  rt_memclr_w.o(.text)
    strncpy                                  0x000098e9   Thumb Code    86  strncpy.o(.text)
    __use_two_region_memory                  0x0000993f   Thumb Code     2  heapauxi.o(.text)
    __rt_heap_escrow$2region                 0x00009941   Thumb Code     2  heapauxi.o(.text)
    __rt_heap_expand$2region                 0x00009943   Thumb Code     2  heapauxi.o(.text)
    __user_setup_stackheap                   0x00009945   Thumb Code    74  sys_stackheap_outer.o(.text)
    exit                                     0x0000998f   Thumb Code    12  exit.o(.text)
    __user_libspace                          0x0000999d   Thumb Code     8  libspace.o(.text)
    __user_perproc_libspace                  0x0000999d   Thumb Code     0  libspace.o(.text)
    __user_perthread_libspace                0x0000999d   Thumb Code     0  libspace.o(.text)
    __rt_fp_status_addr                      0x000099a5   Thumb Code     8  rt_fp_status_addr_intlibspace.o(.text)
    _sys_exit                                0x000099ad   Thumb Code     8  sys_exit.o(.text)
    __I$use$semihosting                      0x000099b9   Thumb Code     0  use_no_semi.o(.text)
    __use_no_semihosting_swi                 0x000099b9   Thumb Code     2  use_no_semi.o(.text)
    ADCIntClear                              0x000099bb   Thumb Code    10  adc.o(i.ADCIntClear)
    __semihosting_library_function           0x000099bb   Thumb Code     0  indicate_semi.o(.text)
    ADCIntStatus                             0x000099c5   Thumb Code    52  adc.o(i.ADCIntStatus)
    ADCProcessorTrigger                      0x000099f9   Thumb Code    26  adc.o(i.ADCProcessorTrigger)
    ADCSequenceConfigure                     0x00009a13   Thumb Code    50  adc.o(i.ADCSequenceConfigure)
    ADCSequenceDataGet                       0x00009a45   Thumb Code    36  adc.o(i.ADCSequenceDataGet)
    ADCSequenceEnable                        0x00009a69   Thumb Code    14  adc.o(i.ADCSequenceEnable)
    ADCSequenceStepConfigure                 0x00009a77   Thumb Code   110  adc.o(i.ADCSequenceStepConfigure)
    EthernetConfigSet                        0x00009ae5   Thumb Code    42  ethernet.o(i.EthernetConfigSet)
    EthernetEnable                           0x00009b0f   Thumb Code    34  ethernet.o(i.EthernetEnable)
    EthernetInitExpClk                       0x00009b31   Thumb Code    12  ethernet.o(i.EthernetInitExpClk)
    EthernetIntClear                         0x00009b41   Thumb Code     4  ethernet.o(i.EthernetIntClear)
    EthernetIntDisable                       0x00009b45   Thumb Code    10  ethernet.o(i.EthernetIntDisable)
    EthernetIntEnable                        0x00009b4f   Thumb Code     8  ethernet.o(i.EthernetIntEnable)
    EthernetIntStatus                        0x00009b57   Thumb Code    14  ethernet.o(i.EthernetIntStatus)
    EthernetMACAddrGet                       0x00009b65   Thumb Code    50  ethernet.o(i.EthernetMACAddrGet)
    EthernetMACAddrSet                       0x00009b97   Thumb Code    54  ethernet.o(i.EthernetMACAddrSet)
    EthernetPHYRead                          0x00009bcd   Thumb Code    34  ethernet.o(i.EthernetPHYRead)
    FlashUserGet                             0x00009bf1   Thumb Code    48  flash.o(i.FlashUserGet)
    GPIODirModeSet                           0x00009c29   Thumb Code    40  gpio.o(i.GPIODirModeSet)
    GPIOPadConfigSet                         0x00009c51   Thumb Code   176  gpio.o(i.GPIOPadConfigSet)
    GPIOPinTypeEthernetLED                   0x00009d01   Thumb Code    28  gpio.o(i.GPIOPinTypeEthernetLED)
    GPIOPinTypeGPIOOutput                    0x00009d1d   Thumb Code    28  gpio.o(i.GPIOPinTypeGPIOOutput)
    GPIOPinTypeSSI                           0x00009d39   Thumb Code    28  gpio.o(i.GPIOPinTypeSSI)
    GPIOPinTypeUART                          0x00009d55   Thumb Code    28  gpio.o(i.GPIOPinTypeUART)
    GPIOPinWrite                             0x00009d71   Thumb Code     6  gpio.o(i.GPIOPinWrite)
    IntEnable                                0x00009d77   Thumb Code   104  interrupt.o(i.IntEnable)
    IntMasterDisable                         0x00009ddf   Thumb Code    10  interrupt.o(i.IntMasterDisable)
    IntMasterEnable                          0x00009de9   Thumb Code    10  interrupt.o(i.IntMasterEnable)
    SSIConfigSetExpClk                       0x00009df3   Thumb Code    76  ssi.o(i.SSIConfigSetExpClk)
    SSIDataGet                               0x00009e3f   Thumb Code    14  ssi.o(i.SSIDataGet)
    SSIDataGetNonBlocking                    0x00009e4d   Thumb Code    18  ssi.o(i.SSIDataGetNonBlocking)
    SSIDataPut                               0x00009e5f   Thumb Code    12  ssi.o(i.SSIDataPut)
    SSIDisable                               0x00009e6b   Thumb Code    10  ssi.o(i.SSIDisable)
    SSIEnable                                0x00009e75   Thumb Code    10  ssi.o(i.SSIEnable)
    SysCtlClockGet                           0x00009e81   Thumb Code   438  sysctl.o(i.SysCtlClockGet)
    SysCtlClockSet                           0x0000a065   Thumb Code   288  sysctl.o(i.SysCtlClockSet)
    SysCtlPeripheralEnable                   0x0000a19d   Thumb Code    26  sysctl.o(i.SysCtlPeripheralEnable)
    SysCtlPeripheralPresent                  0x0000a1bd   Thumb Code    50  sysctl.o(i.SysCtlPeripheralPresent)
    SysCtlPeripheralReset                    0x0000a1fd   Thumb Code    50  sysctl.o(i.SysCtlPeripheralReset)
    SysTickEnable                            0x0000a235   Thumb Code    14  systick.o(i.SysTickEnable)
    SysTickIntEnable                         0x0000a243   Thumb Code    14  systick.o(i.SysTickIntEnable)
    SysTickPeriodSet                         0x0000a251   Thumb Code    10  systick.o(i.SysTickPeriodSet)
    UARTCharGet                              0x0000a25b   Thumb Code    12  uart.o(i.UARTCharGet)
    UARTCharPut                              0x0000a267   Thumb Code    12  uart.o(i.UARTCharPut)
    UARTConfigSetExpClk                      0x0000a273   Thumb Code   110  uart.o(i.UARTConfigSetExpClk)
    UARTEnable                               0x0000a2e1   Thumb Code    20  uart.o(i.UARTEnable)
    _fp_init                                 0x0000a2f5   Thumb Code    14  fpinit.o(x$fpl$fpinit)
    __fplib_config_pureend_doubles           0x0000a301   Thumb Code     0  fpinit.o(x$fpl$fpinit)
    tcp_backoff                              0x0000a55e   Data          13  tcp.o(.constdata)
    tcp_persist_backoff                      0x0000a56b   Data           7  tcp.o(.constdata)
    ip_addr_any                              0x0000a572   Data           4  ip_addr.o(.constdata)
    ip_addr_broadcast                        0x0000a576   Data           4  ip_addr.o(.constdata)
    ethbroadcast                             0x0000a57a   Data           6  etharp.o(.constdata)
    ethzero                                  0x0000a580   Data           6  etharp.o(.constdata)
    file_index_html                          0x0000af88   Data          16  lmi_fs.o(.constdata)
    g_psDefaultFilenames                     0x0000af98   Data          40  httpd.o(.constdata)
    Region$$Table$$Base                      0x0000b148   Number         0  anon$$obj.o(Region$$Table)
    Region$$Table$$Limit                     0x0000b168   Number         0  anon$$obj.o(Region$$Table)
    ulGPIOId                                 0x2000000c   Data           4  rit128x96x4.o(.data)
    ulGPIOBase                               0x20000010   Data           4  rit128x96x4.o(.data)
    ulOLEDDC_PIN                             0x20000014   Data           4  rit128x96x4.o(.data)
    ulOLEDEN_PIN                             0x20000018   Data           4  rit128x96x4.o(.data)
    udp_pcbs                                 0x20000028   Data           4  udp.o(.data)
    netif_list                               0x20000044   Data           4  netif.o(.data)
    netif_default                            0x20000048   Data           4  netif.o(.data)
    tcp_state_str                            0x20000050   Data          44  tcp.o(.data)
    tcp_ticks                                0x20000084   Data           4  tcp.o(.data)
    tcp_bound_pcbs                           0x20000088   Data           4  tcp.o(.data)
    tcp_listen_pcbs                          0x2000008c   Data           4  tcp.o(.data)
    tcp_active_pcbs                          0x20000090   Data           4  tcp.o(.data)
    tcp_tw_pcbs                              0x20000094   Data           4  tcp.o(.data)
    tcp_tmp_pcb                              0x20000098   Data           4  tcp.o(.data)
    tcp_input_pcb                            0x200000bc   Data           4  tcp_in.o(.data)
    current_netif                            0x200000c4   Data           4  ip.o(.data)
    current_header                           0x200000c8   Data           4  ip.o(.data)
    lwip_stats                               0x2000495c   Data         234  stats.o(.bss)
    __libspace_start                         0x20004bd0   Data          96  libspace.o(.bss)
    __temporary_stack_top$libspace           0x20004c30   Data           0  libspace.o(.bss)



==============================================================================

Memory Map of the image

  Image Entry point : 0x0000026d

  Load Region LR_IROM1 (Base: 0x00000000, Size: 0x0000b270, Max: 0x00040000, ABSOLUTE)

    Execution Region ER_IROM1 (Base: 0x00000000, Size: 0x0000b168, Max: 0x00040000, ABSOLUTE)

    Base Addr    Size         Type   Attr      Idx    E Section Name        Object

    0x00000000   0x00000278   Code   RO          219  * RESET               startup_rvmdk.o
    0x00000278   0x00000008   Code   RO         2477  * !!!main             c_w.l(__main.o)
    0x00000280   0x00000034   Code   RO         2634    !!!scatter          c_w.l(__scatter.o)
    0x000002b4   0x0000001a   Code   RO         2636    !!handler_copy      c_w.l(__scatter_copy.o)
    0x000002ce   0x00000002   PAD
    0x000002d0   0x0000001c   Code   RO         2638    !!handler_zi        c_w.l(__scatter_zi.o)
    0x000002ec   0x00000006   Code   RO         2504    .ARM.Collect$$libinit$$00000000  c_w.l(libinit.o)
    0x000002f2   0x00000000   Code   RO         2512    .ARM.Collect$$libinit$$00000006  c_w.l(libinit2.o)
    0x000002f2   0x00000000   Code   RO         2514    .ARM.Collect$$libinit$$00000008  c_w.l(libinit2.o)
    0x000002f2   0x00000000   Code   RO         2516    .ARM.Collect$$libinit$$0000000A  c_w.l(libinit2.o)
    0x000002f2   0x00000000   Code   RO         2519    .ARM.Collect$$libinit$$0000000D  c_w.l(libinit2.o)
    0x000002f2   0x00000000   Code   RO         2521    .ARM.Collect$$libinit$$0000000F  c_w.l(libinit2.o)
    0x000002f2   0x00000000   Code   RO         2523    .ARM.Collect$$libinit$$00000011  c_w.l(libinit2.o)
    0x000002f2   0x00000000   Code   RO         2525    .ARM.Collect$$libinit$$00000013  c_w.l(libinit2.o)
    0x000002f2   0x00000000   Code   RO         2527    .ARM.Collect$$libinit$$00000015  c_w.l(libinit2.o)
    0x000002f2   0x00000000   Code   RO         2529    .ARM.Collect$$libinit$$00000017  c_w.l(libinit2.o)
    0x000002f2   0x00000000   Code   RO         2531    .ARM.Collect$$libinit$$00000019  c_w.l(libinit2.o)
    0x000002f2   0x00000000   Code   RO         2533    .ARM.Collect$$libinit$$0000001B  c_w.l(libinit2.o)
    0x000002f2   0x00000000   Code   RO         2535    .ARM.Collect$$libinit$$0000001D  c_w.l(libinit2.o)
    0x000002f2   0x00000000   Code   RO         2537    .ARM.Collect$$libinit$$0000001F  c_w.l(libinit2.o)
    0x000002f2   0x00000000   Code   RO         2539    .ARM.Collect$$libinit$$00000021  c_w.l(libinit2.o)
    0x000002f2   0x00000000   Code   RO         2543    .ARM.Collect$$libinit$$00000028  c_w.l(libinit2.o)
    0x000002f2   0x00000000   Code   RO         2545    .ARM.Collect$$libinit$$0000002A  c_w.l(libinit2.o)
    0x000002f2   0x00000000   Code   RO         2547    .ARM.Collect$$libinit$$0000002C  c_w.l(libinit2.o)
    0x000002f2   0x00000000   Code   RO         2549    .ARM.Collect$$libinit$$0000002E  c_w.l(libinit2.o)
    0x000002f2   0x00000002   Code   RO         2550    .ARM.Collect$$libinit$$0000002F  c_w.l(libinit2.o)
    0x000002f4   0x00000002   Code   RO         2575    .ARM.Collect$$libshutdown$$00000000  c_w.l(libshutdown.o)
    0x000002f6   0x00000000   Code   RO         2589    .ARM.Collect$$libshutdown$$00000003  c_w.l(libshutdown2.o)
    0x000002f6   0x00000000   Code   RO         2592    .ARM.Collect$$libshutdown$$00000006  c_w.l(libshutdown2.o)
    0x000002f6   0x00000000   Code   RO         2595    .ARM.Collect$$libshutdown$$00000009  c_w.l(libshutdown2.o)
    0x000002f6   0x00000000   Code   RO         2597    .ARM.Collect$$libshutdown$$0000000B  c_w.l(libshutdown2.o)
    0x000002f6   0x00000000   Code   RO         2600    .ARM.Collect$$libshutdown$$0000000E  c_w.l(libshutdown2.o)
    0x000002f6   0x00000002   Code   RO         2601    .ARM.Collect$$libshutdown$$0000000F  c_w.l(libshutdown2.o)
    0x000002f8   0x00000000   Code   RO         2479    .ARM.Collect$$rtentry$$00000000  c_w.l(rtentry.o)
    0x000002f8   0x00000000   Code   RO         2481    .ARM.Collect$$rtentry$$00000002  c_w.l(rtentry2.o)
    0x000002f8   0x00000006   Code   RO         2493    .ARM.Collect$$rtentry$$00000004  c_w.l(rtentry4.o)
    0x000002fe   0x00000000   Code   RO         2483    .ARM.Collect$$rtentry$$00000009  c_w.l(rtentry2.o)
    0x000002fe   0x00000004   Code   RO         2484    .ARM.Collect$$rtentry$$0000000A  c_w.l(rtentry2.o)
    0x00000302   0x00000000   Code   RO         2486    .ARM.Collect$$rtentry$$0000000C  c_w.l(rtentry2.o)
    0x00000302   0x00000008   Code   RO         2487    .ARM.Collect$$rtentry$$0000000D  c_w.l(rtentry2.o)
    0x0000030a   0x00000002   Code   RO         2508    .ARM.Collect$$rtexit$$00000000  c_w.l(rtexit.o)
    0x0000030c   0x00000000   Code   RO         2554    .ARM.Collect$$rtexit$$00000002  c_w.l(rtexit2.o)
    0x0000030c   0x00000004   Code   RO         2555    .ARM.Collect$$rtexit$$00000003  c_w.l(rtexit2.o)
    0x00000310   0x00000006   Code   RO         2556    .ARM.Collect$$rtexit$$00000004  c_w.l(rtexit2.o)
    0x00000316   0x00000002   PAD
    0x00000318   0x00000006   Code   RO         1868    .emb_text           driverlib.lib(sysctl.o)
    0x0000031e   0x00000002   PAD
    0x00000320   0x00000026   Code   RO         2447    .emb_text           driverlib.lib(cpu.o)
    0x00000346   0x00000002   PAD
    0x00000348   0x00000370   Code   RO            1    .text               main.o
    0x000006b8   0x00000044   Code   RO          162    .text               temperature_sensor.o
    0x000006fc   0x00000458   Code   RO          174    .text               rit128x96x4.o
    0x00000b54   0x0000001c   Code   RO          220    .text               startup_rvmdk.o
    0x00000b70   0x00000018   Code   RO          226    .text               sys_arch.o
    0x00000b88   0x000003dc   Code   RO          259    .text               stellarisif.o
    0x00000f64   0x00000550   Code   RO          347    .text               udp.o
    0x000014b4   0x00001128   Code   RO          379    .text               dhcp.o
    0x000025dc   0x00000010   Code   RO          401    .text               init.o
    0x000025ec   0x00000460   Code   RO          436    .text               mem.o
    0x00002a4c   0x000001a8   Code   RO          451    .text               memp.o
    0x00002bf4   0x00000214   Code   RO          475    .text               netif.o
    0x00002e08   0x00000602   Code   RO          497    .text               pbuf.o
    0x0000340a   0x00000002   PAD
    0x0000340c   0x000001b0   Code   RO          509    .text               raw.o
    0x000035bc   0x00000d00   Code   RO          541    .text               tcp.o
    0x000042bc   0x0000184c   Code   RO          562    .text               tcp_in.o
    0x00005b08   0x00000c0c   Code   RO          582    .text               tcp_out.o
    0x00006714   0x00000424   Code   RO          594    .text               autoip.o
    0x00006b38   0x000002e8   Code   RO          612    .text               icmp.o
    0x00006e20   0x0000024c   Code   RO          630    .text               inet.o
    0x0000706c   0x0000016e   Code   RO          643    .text               inet_chksum.o
    0x000071da   0x00000002   PAD
    0x000071dc   0x00000448   Code   RO          662    .text               ip.o
    0x00007624   0x0000004e   Code   RO          690    .text               ip_addr.o
    0x00007672   0x00000002   PAD
    0x00007674   0x00000ab4   Code   RO          754    .text               etharp.o
    0x00008128   0x000001ac   Code   RO          852    .text               locator.o
    0x000082d4   0x00000448   Code   RO          869    .text               lwiplib.o
    0x0000871c   0x00000124   Code   RO          884    .text               lmi_fs.o
    0x00008840   0x00000464   Code   RO          913    .text               httpd.o
    0x00008ca4   0x000005b8   Code   RO          929    .text               ustdlib.o
    0x0000925c   0x000003e0   Code   RO          944    .text               uartstdio.o
    0x0000963c   0x00000058   Code   RO         2459    .text               c_w.l(memcmp.o)
    0x00009694   0x0000003e   Code   RO         2461    .text               c_w.l(strlen.o)
    0x000096d2   0x00000096   Code   RO         2463    .text               c_w.l(strncmp.o)
    0x00009768   0x0000008a   Code   RO         2465    .text               c_w.l(rt_memcpy_v6.o)
    0x000097f2   0x00000064   Code   RO         2467    .text               c_w.l(rt_memcpy_w.o)
    0x00009856   0x00000044   Code   RO         2469    .text               c_w.l(rt_memclr.o)
    0x0000989a   0x0000004e   Code   RO         2471    .text               c_w.l(rt_memclr_w.o)
    0x000098e8   0x00000056   Code   RO         2473    .text               c_w.l(strncpy.o)
    0x0000993e   0x00000006   Code   RO         2475    .text               c_w.l(heapauxi.o)
    0x00009944   0x0000004a   Code   RO         2495    .text               c_w.l(sys_stackheap_outer.o)
    0x0000998e   0x0000000c   Code   RO         2497    .text               c_w.l(exit.o)
    0x0000999a   0x00000002   PAD
    0x0000999c   0x00000008   Code   RO         2505    .text               c_w.l(libspace.o)
    0x000099a4   0x00000008   Code   RO         2563    .text               c_w.l(rt_fp_status_addr_intlibspace.o)
    0x000099ac   0x0000000c   Code   RO         2567    .text               c_w.l(sys_exit.o)
    0x000099b8   0x00000002   Code   RO         2578    .text               c_w.l(use_no_semi.o)
    0x000099ba   0x00000000   Code   RO         2580    .text               c_w.l(indicate_semi.o)
    0x000099ba   0x0000000a   Code   RO          974    i.ADCIntClear       driverlib.lib(adc.o)
    0x000099c4   0x00000034   Code   RO          978    i.ADCIntStatus      driverlib.lib(adc.o)
    0x000099f8   0x0000001a   Code   RO          982    i.ADCProcessorTrigger  driverlib.lib(adc.o)
    0x00009a12   0x00000032   Code   RO          985    i.ADCSequenceConfigure  driverlib.lib(adc.o)
    0x00009a44   0x00000024   Code   RO          986    i.ADCSequenceDataGet  driverlib.lib(adc.o)
    0x00009a68   0x0000000e   Code   RO          988    i.ADCSequenceEnable  driverlib.lib(adc.o)
    0x00009a76   0x0000006e   Code   RO          991    i.ADCSequenceStepConfigure  driverlib.lib(adc.o)
    0x00009ae4   0x0000002a   Code   RO         1182    i.EthernetConfigSet  driverlib.lib(ethernet.o)
    0x00009b0e   0x00000022   Code   RO         1184    i.EthernetEnable    driverlib.lib(ethernet.o)
    0x00009b30   0x00000010   Code   RO         1185    i.EthernetInitExpClk  driverlib.lib(ethernet.o)
    0x00009b40   0x00000004   Code   RO         1186    i.EthernetIntClear  driverlib.lib(ethernet.o)
    0x00009b44   0x0000000a   Code   RO         1187    i.EthernetIntDisable  driverlib.lib(ethernet.o)
    0x00009b4e   0x00000008   Code   RO         1188    i.EthernetIntEnable  driverlib.lib(ethernet.o)
    0x00009b56   0x0000000e   Code   RO         1190    i.EthernetIntStatus  driverlib.lib(ethernet.o)
    0x00009b64   0x00000032   Code   RO         1192    i.EthernetMACAddrGet  driverlib.lib(ethernet.o)
    0x00009b96   0x00000036   Code   RO         1193    i.EthernetMACAddrSet  driverlib.lib(ethernet.o)
    0x00009bcc   0x00000022   Code   RO         1194    i.EthernetPHYRead   driverlib.lib(ethernet.o)
    0x00009bee   0x00000002   PAD
    0x00009bf0   0x00000038   Code   RO         1345    i.FlashUserGet      driverlib.lib(flash.o)
    0x00009c28   0x00000028   Code   RO         1446    i.GPIODirModeSet    driverlib.lib(gpio.o)
    0x00009c50   0x000000b0   Code   RO         1451    i.GPIOPadConfigSet  driverlib.lib(gpio.o)
    0x00009d00   0x0000001c   Code   RO         1462    i.GPIOPinTypeEthernetLED  driverlib.lib(gpio.o)
    0x00009d1c   0x0000001c   Code   RO         1464    i.GPIOPinTypeGPIOOutput  driverlib.lib(gpio.o)
    0x00009d38   0x0000001c   Code   RO         1470    i.GPIOPinTypeSSI    driverlib.lib(gpio.o)
    0x00009d54   0x0000001c   Code   RO         1472    i.GPIOPinTypeUART   driverlib.lib(gpio.o)
    0x00009d70   0x00000006   Code   RO         1475    i.GPIOPinWrite      driverlib.lib(gpio.o)
    0x00009d76   0x00000068   Code   RO         1658    i.IntEnable         driverlib.lib(interrupt.o)
    0x00009dde   0x0000000a   Code   RO         1659    i.IntMasterDisable  driverlib.lib(interrupt.o)
    0x00009de8   0x0000000a   Code   RO         1660    i.IntMasterEnable   driverlib.lib(interrupt.o)
    0x00009df2   0x0000004c   Code   RO         1761    i.SSIConfigSetExpClk  driverlib.lib(ssi.o)
    0x00009e3e   0x0000000e   Code   RO         1764    i.SSIDataGet        driverlib.lib(ssi.o)
    0x00009e4c   0x00000012   Code   RO         1765    i.SSIDataGetNonBlocking  driverlib.lib(ssi.o)
    0x00009e5e   0x0000000c   Code   RO         1766    i.SSIDataPut        driverlib.lib(ssi.o)
    0x00009e6a   0x0000000a   Code   RO         1768    i.SSIDisable        driverlib.lib(ssi.o)
    0x00009e74   0x0000000a   Code   RO         1769    i.SSIEnable         driverlib.lib(ssi.o)
    0x00009e7e   0x00000002   PAD
    0x00009e80   0x000001e4   Code   RO         1873    i.SysCtlClockGet    driverlib.lib(sysctl.o)
    0x0000a064   0x00000138   Code   RO         1874    i.SysCtlClockSet    driverlib.lib(sysctl.o)
    0x0000a19c   0x00000020   Code   RO         1898    i.SysCtlPeripheralEnable  driverlib.lib(sysctl.o)
    0x0000a1bc   0x00000040   Code   RO         1899    i.SysCtlPeripheralPresent  driverlib.lib(sysctl.o)
    0x0000a1fc   0x00000038   Code   RO         1900    i.SysCtlPeripheralReset  driverlib.lib(sysctl.o)
    0x0000a234   0x0000000e   Code   RO         2134    i.SysTickEnable     driverlib.lib(systick.o)
    0x0000a242   0x0000000e   Code   RO         2136    i.SysTickIntEnable  driverlib.lib(systick.o)
    0x0000a250   0x0000000a   Code   RO         2140    i.SysTickPeriodSet  driverlib.lib(systick.o)
    0x0000a25a   0x0000000c   Code   RO         2198    i.UARTCharGet       driverlib.lib(uart.o)
    0x0000a266   0x0000000c   Code   RO         2200    i.UARTCharPut       driverlib.lib(uart.o)
    0x0000a272   0x0000006e   Code   RO         2204    i.UARTConfigSetExpClk  driverlib.lib(uart.o)
    0x0000a2e0   0x00000014   Code   RO         2209    i.UARTEnable        driverlib.lib(uart.o)
    0x0000a2f4   0x0000000e   Code   RO         2551    x$fpl$fpinit        fz_ws.l(fpinit.o)
    0x0000a302   0x0000023b   Data   RO          175    .constdata          rit128x96x4.o
    0x0000a53d   0x00000001   PAD
    0x0000a53e   0x00000020   Data   RO          453    .constdata          memp.o
    0x0000a55e   0x00000014   Data   RO          542    .constdata          tcp.o
    0x0000a572   0x00000008   Data   RO          691    .constdata          ip_addr.o
    0x0000a57a   0x0000000c   Data   RO          756    .constdata          etharp.o
    0x0000a586   0x00000002   PAD
    0x0000a588   0x00000a10   Data   RO          886    .constdata          lmi_fs.o
    0x0000af98   0x00000028   Data   RO          914    .constdata          httpd.o
    0x0000afc0   0x0000001c   Data   RO          930    .constdata          ustdlib.o
    0x0000afdc   0x0000001c   Data   RO          945    .constdata          uartstdio.o
    0x0000aff8   0x0000009c   Data   RO         1911    .constdata          driverlib.lib(sysctl.o)
    0x0000b094   0x00000068   Data   RO          543    .conststring        tcp.o
    0x0000b0fc   0x0000003b   Data   RO          915    .conststring        httpd.o
    0x0000b137   0x00000011   Data   RO          931    .conststring        ustdlib.o
    0x0000b148   0x00000020   Data   RO         2632    Region$$Table       anon$$obj.o


    Execution Region RW_IRAM1 (Base: 0x20000000, Size: 0x00005130, Max: 0x00010000, ABSOLUTE)

    Base Addr    Size         Type   Attr      Idx    E Section Name        Object

    0x20000000   0x0000000c   Data   RW            2    .data               main.o
    0x2000000c   0x00000019   Data   RW          176    .data               rit128x96x4.o
    0x20000025   0x00000003   PAD
    0x20000028   0x00000004   Data   RW          348    .data               udp.o
    0x2000002c   0x00000004   Data   RW          380    .data               dhcp.o
    0x20000030   0x0000000d   Data   RW          438    .data               mem.o
    0x2000003d   0x00000003   PAD
    0x20000040   0x0000000c   Data   RW          476    .data               netif.o
    0x2000004c   0x00000004   Data   RW          510    .data               raw.o
    0x20000050   0x0000004d   Data   RW          544    .data               tcp.o
    0x2000009d   0x00000003   PAD
    0x200000a0   0x00000020   Data   RW          564    .data               tcp_in.o
    0x200000c0   0x0000000c   Data   RW          663    .data               ip.o
    0x200000cc   0x00000001   Data   RW          757    .data               etharp.o
    0x200000cd   0x00000003   PAD
    0x200000d0   0x00000030   Data   RW          871    .data               lwiplib.o
    0x20000100   0x00000005   Data   RW          947    .data               uartstdio.o
    0x20000105   0x00000003   PAD
    0x20000108   0x00000060   Zero   RW          260    .bss                stellarisif.o
    0x20000168   0x00003014   Zero   RW          437    .bss                mem.o
    0x2000317c   0x000017df   Zero   RW          452    .bss                memp.o
    0x2000495b   0x00000001   PAD
    0x2000495c   0x000000ea   Zero   RW          523    .bss                stats.o
    0x20004a46   0x00000002   PAD
    0x20004a48   0x00000014   Zero   RW          563    .bss                tcp_in.o
    0x20004a5c   0x00000010   Zero   RW          631    .bss                inet.o
    0x20004a6c   0x000000c8   Zero   RW          755    .bss                etharp.o
    0x20004b34   0x00000054   Zero   RW          853    .bss                locator.o
    0x20004b88   0x00000038   Zero   RW          870    .bss                lwiplib.o
    0x20004bc0   0x00000010   Zero   RW          885    .bss                lmi_fs.o
    0x20004bd0   0x00000060   Zero   RW         2506    .bss                c_w.l(libspace.o)
    0x20004c30   0x00000100   Zero   RW          218    HEAP                startup_rvmdk.o
    0x20004d30   0x00000400   Zero   RW          217    STACK               startup_rvmdk.o


==============================================================================

Image component sizes


      Code (inc. data)   RO Data    RW Data    ZI Data      Debug   Object Name

      1060         34          0          0          0       4366   autoip.o
      4392         50          0          4          0      11701   dhcp.o
      2740         44         12          1        200       9786   etharp.o
      1124         62         99          0          0       4672   httpd.o
       744          6          0          0          0       2379   icmp.o
       588         10          0          0         16       3188   inet.o
       366          0          0          0          0       5210   inet_chksum.o
        16          0          0          0          0       2271   init.o
      1096         30          0         12          0       7177   ip.o
        78          0          8          0          0       5357   ip_addr.o
       292         54       2576          0         16       3313   lmi_fs.o
       428         14          0          0         84       2766   locator.o
      1096         74          0         48         56       3514   lwiplib.o
       880        202          0         12          0      32385   main.o
      1120         34          0         13      12308       3810   mem.o
       424         22         32          0       6111       2466   memp.o
       532         20          0         12          0       5360   netif.o
      1538          0          0          0          0       5944   pbuf.o
       432          6          0          4          0       3413   raw.o
      1112         78        571         25          0       4778   rit128x96x4.o
       660        640          0          0       1280        492   startup_rvmdk.o
         0          0          0          0        234       3069   stats.o
       988         22          0          0         96       8619   stellarisif.o
        24          0          0          0          0        670   sys_arch.o
      3328        116        124         77          0      18385   tcp.o
      6220        226          0         32         20      14280   tcp_in.o
      3084         26          0          0          0       7174   tcp_out.o
        68          8          0          0          0        541   temperature_sensor.o
       992         42         28          5          0       3383   uartstdio.o
      1360         24          0          4          0      13535   udp.o
      1464         16         45          0          0       4810   ustdlib.o

    ----------------------------------------------------------------------
     38252       1860       3530        264      20424     198814   Object Totals
         0          0         32          0          0          0   (incl. Generated)
         6          0          3         15          3          0   (incl. Padding)

    ----------------------------------------------------------------------

      Code (inc. data)   RO Data    RW Data    ZI Data      Debug   Library Member Name

         8          0          0          0          0         68   __main.o
        52          8          0          0          0          0   __scatter.o
        26          0          0          0          0          0   __scatter_copy.o
        28          0          0          0          0          0   __scatter_zi.o
        12          0          0          0          0         72   exit.o
         6          0          0          0          0        152   heapauxi.o
         0          0          0          0          0          0   indicate_semi.o
         6          0          0          0          0          0   libinit.o
         2          0          0          0          0          0   libinit2.o
         2          0          0          0          0          0   libshutdown.o
         2          0          0          0          0          0   libshutdown2.o
         8          4          0          0         96         68   libspace.o
        88          0          0          0          0         76   memcmp.o
         8          4          0          0          0         68   rt_fp_status_addr_intlibspace.o
        68          0          0          0          0         68   rt_memclr.o
        78          0          0          0          0         80   rt_memclr_w.o
       138          0          0          0          0         68   rt_memcpy_v6.o
       100          0          0          0          0         80   rt_memcpy_w.o
         0          0          0          0          0          0   rtentry.o
        12          0          0          0          0          0   rtentry2.o
         6          0          0          0          0          0   rtentry4.o
         2          0          0          0          0          0   rtexit.o
        10          0          0          0          0          0   rtexit2.o
        62          0          0          0          0         76   strlen.o
       150          0          0          0          0         80   strncmp.o
        86          0          0          0          0         76   strncpy.o
        12          4          0          0          0         68   sys_exit.o
        74          0          0          0          0         80   sys_stackheap_outer.o
         2          0          0          0          0         68   use_no_semi.o
       298          0          0          0          0       6538   adc.o
        38          0          0          0          0        356   cpu.o
       266          4          0          0          0       5058   ethernet.o
        56          8          0          0          0        559   flash.o
       334          0          0          0          0       4459   gpio.o
       124          0          0          0          0       1417   interrupt.o
       140          0          0          0          0       3064   ssi.o
       954         96        156          0          0       4849   sysctl.o
        38          0          0          0          0       1170   systick.o
       154          0          0          0          0       2611   uart.o
        14          0          0          0          0         76   fpinit.o

    ----------------------------------------------------------------------
      3478        128        156          0         96      31405   Library Totals
        14          0          0          0          0          0   (incl. Padding)

    ----------------------------------------------------------------------

      Code (inc. data)   RO Data    RW Data    ZI Data      Debug   Library Name

      1048         20          0          0         96       1248   c_w.l
      2402        108        156          0          0      30081   driverlib.lib
        14          0          0          0          0         76   fz_ws.l

    ----------------------------------------------------------------------
      3478        128        156          0         96      31405   Library Totals

    ----------------------------------------------------------------------

==============================================================================


      Code (inc. data)   RO Data    RW Data    ZI Data      Debug   

     41730       1988       3686        264      20520     225209   Grand Totals
     41730       1988       3686        264      20520     225209   ELF Image Totals
     41730       1988       3686        264          0          0   ROM Totals

==============================================================================

    Total RO  Size (Code + RO Data)                45416 (  44.35kB)
    Total RW  Size (RW Data + ZI Data)             20784 (  20.30kB)
    Total ROM Size (Code + RO Data + RW Data)      45680 (  44.61kB)

==============================================================================

