ARM Linker, 4.1 [Build 791] [Standard]

==============================================================================

Section Cross References

    main.o(i.ControlCGIHandler) refers to cgifuncs.o(i.FindCGIParameter) for FindCGIParameter
    main.o(i.ControlCGIHandler) refers to cgifuncs.o(i.GetCGIParam) for GetCGIParam
    main.o(i.ControlCGIHandler) refers to io.o(i.io_set_led) for io_set_led
    main.o(i.ControlCGIHandler) refers to io.o(i.io_pwm_dutycycle) for io_pwm_dutycycle
    main.o(i.ControlCGIHandler) refers to io.o(i.io_pwm_freq) for io_pwm_freq
    main.o(i.ControlCGIHandler) refers to io.o(i.io_set_pwm) for io_set_pwm
    main.o(i.DisplayIPAddress) refers to ustdlib.o(i.usprintf) for usprintf
    main.o(i.DisplayIPAddress) refers to rit128x96x4.o(i.RIT128x96x4StringDraw) for RIT128x96x4StringDraw
    main.o(i.ISRTicksEverySecond) refers to uartstdio.o(i.UARTprintf) for UARTprintf
    main.o(i.ISRTicksEverySecond) refers to temperature_sensor.o(i.DisplayChipTemperature) for DisplayChipTemperature
    main.o(i.ISRTicksEverySecond) refers to main.o(.data) for g_uiTicks
    main.o(i.SSIHandler) refers to io.o(i.io_get_ledstate) for io_get_ledstate
    main.o(i.SSIHandler) refers to io.o(i.io_get_pwmstate) for io_get_pwmstate
    main.o(i.SSIHandler) refers to io.o(i.io_get_pwmfreq) for io_get_pwmfreq
    main.o(i.SSIHandler) refers to ustdlib.o(i.usnprintf) for usnprintf
    main.o(i.SSIHandler) refers to io.o(i.io_get_pwmdutycycle) for io_get_pwmdutycycle
    main.o(i.SSIHandler) refers to io.o(i.io_is_led_on) for io_is_led_on
    main.o(i.SSIHandler) refers to io.o(i.io_is_pwm_on) for io_is_pwm_on
    main.o(i.SSIHandler) refers to strlen.o(.text) for strlen
    main.o(i.SetTextCGIHandler) refers to cgifuncs.o(i.FindCGIParameter) for FindCGIParameter
    main.o(i.SetTextCGIHandler) refers to cgifuncs.o(i.DecodeFormString) for DecodeFormString
    main.o(i.SetTextCGIHandler) refers to rit128x96x4.o(i.RIT128x96x4Enable) for RIT128x96x4Enable
    main.o(i.SetTextCGIHandler) refers to rit128x96x4.o(i.RIT128x96x4StringDraw) for RIT128x96x4StringDraw
    main.o(i.SetTextCGIHandler) refers to rit128x96x4.o(i.RIT128x96x4Disable) for RIT128x96x4Disable
    main.o(i.SysTickIntHandler) refers to lwiplib.o(i.lwIPTimer) for lwIPTimer
    main.o(i.SysTickIntHandler) refers to main.o(i.ISRTicksEverySecond) for ISRTicksEverySecond
    main.o(i.SysTickIntHandler) refers to main.o(.data) for g_ulFlags
    main.o(i.lwIPHostTimerHandler) refers to lwiplib.o(i.lwIPLocalIPAddrGet) for lwIPLocalIPAddrGet
    main.o(i.lwIPHostTimerHandler) refers to rit128x96x4.o(i.RIT128x96x4Enable) for RIT128x96x4Enable
    main.o(i.lwIPHostTimerHandler) refers to rit128x96x4.o(i.RIT128x96x4StringDraw) for RIT128x96x4StringDraw
    main.o(i.lwIPHostTimerHandler) refers to rit128x96x4.o(i.RIT128x96x4Disable) for RIT128x96x4Disable
    main.o(i.lwIPHostTimerHandler) refers to main.o(i.DisplayIPAddress) for DisplayIPAddress
    main.o(i.lwIPHostTimerHandler) refers to lwiplib.o(i.lwIPLocalNetMaskGet) for lwIPLocalNetMaskGet
    main.o(i.lwIPHostTimerHandler) refers to lwiplib.o(i.lwIPLocalGWAddrGet) for lwIPLocalGWAddrGet
    main.o(i.lwIPHostTimerHandler) refers to main.o(.data) for iColumn
    main.o(i.main) refers to sysctl.o(i.SysCtlClockSet) for SysCtlClockSet
    main.o(i.main) refers to rit128x96x4.o(i.RIT128x96x4Init) for RIT128x96x4Init
    main.o(i.main) refers to rit128x96x4.o(i.RIT128x96x4StringDraw) for RIT128x96x4StringDraw
    main.o(i.main) refers to sysctl.o(i.SysCtlPeripheralEnable) for SysCtlPeripheralEnable
    main.o(i.main) refers to sysctl.o(i.SysCtlPeripheralReset) for SysCtlPeripheralReset
    main.o(i.main) refers to gpio.o(i.GPIOPinTypeEthernetLED) for GPIOPinTypeEthernetLED
    main.o(i.main) refers to sysctl.o(i.SysCtlClockGet) for SysCtlClockGet
    main.o(i.main) refers to systick.o(i.SysTickPeriodSet) for SysTickPeriodSet
    main.o(i.main) refers to systick.o(i.SysTickEnable) for SysTickEnable
    main.o(i.main) refers to systick.o(i.SysTickIntEnable) for SysTickIntEnable
    main.o(i.main) refers to gpio.o(i.GPIOPinTypeGPIOOutput) for GPIOPinTypeGPIOOutput
    main.o(i.main) refers to gpio.o(i.GPIOPinWrite) for GPIOPinWrite
    main.o(i.main) refers to gpio.o(i.GPIOPinTypeUART) for GPIOPinTypeUART
    main.o(i.main) refers to uartstdio.o(i.UARTStdioInit) for UARTStdioInit
    main.o(i.main) refers to adc.o(i.ADCSequenceConfigure) for ADCSequenceConfigure
    main.o(i.main) refers to adc.o(i.ADCSequenceStepConfigure) for ADCSequenceStepConfigure
    main.o(i.main) refers to adc.o(i.ADCSequenceEnable) for ADCSequenceEnable
    main.o(i.main) refers to adc.o(i.ADCIntClear) for ADCIntClear
    main.o(i.main) refers to interrupt.o(i.IntMasterEnable) for IntMasterEnable
    main.o(i.main) refers to flash.o(i.FlashUserGet) for FlashUserGet
    main.o(i.main) refers to lwiplib.o(i.lwIPInit) for lwIPInit
    main.o(i.main) refers to uartstdio.o(i.UARTprintf) for UARTprintf
[...]
    .constdata                               0x000107ac   Section       28  uartstdio.o(.constdata)
    g_pcHex                                  0x000107ac   Data           4  uartstdio.o(.constdata)
    g_ulUARTBase                             0x000107b0   Data          12  uartstdio.o(.constdata)
    g_ulUARTPeriph                           0x000107bc   Data          12  uartstdio.o(.constdata)
    .constdata                               0x000107c8   Section      156  sysctl.o(.constdata)
    g_pulDCRegs                              0x000107c8   Data          16  sysctl.o(.constdata)
    g_pulSRCRRegs                            0x000107d8   Data          12  sysctl.o(.constdata)
    g_pulRCGCRegs                            0x000107e4   Data          12  sysctl.o(.constdata)
    g_pulSCGCRegs                            0x000107f0   Data          12  sysctl.o(.constdata)
    g_pulDCGCRegs                            0x000107fc   Data          12  sysctl.o(.constdata)
    g_pulXtals                               0x00010808   Data          92  sysctl.o(.constdata)
    .conststring                             0x00010864   Section       66  main.o(.conststring)
    .conststring                             0x000108a6   Section      104  tcp.o(.conststring)
    .conststring                             0x0001090e   Section      815  httpd.o(.conststring)
    .conststring                             0x00010c3d   Section       17  ustdlib.o(.conststring)
    .data                                    0x20000000   Section       36  main.o(.data)
    g_uiTicks                                0x20000000   Data           4  main.o(.data)
    g_pcConfigSSITags                        0x20000004   Data          20  main.o(.data)
    ulLastIPAddress                          0x20000018   Data           4  main.o(.data)
    iColumn                                  0x2000001c   Data           4  main.o(.data)
    g_ulFlags                                0x20000020   Data           4  main.o(.data)
    .data                                    0x20000024   Section       25  rit128x96x4.o(.data)
    g_bSSIEnabled                            0x20000034   Data           1  rit128x96x4.o(.data)
    g_pucBuffer                              0x20000035   Data           8  rit128x96x4.o(.data)
    .data                                    0x20000040   Section        8  io.o(.data)
    .data                                    0x20000048   Section        4  udp.o(.data)
    .data                                    0x2000004c   Section        4  dhcp.o(.data)
    xid                                      0x2000004c   Data           4  dhcp.o(.data)
    .data                                    0x20000050   Section       13  mem.o(.data)
    ram                                      0x20000050   Data           4  mem.o(.data)
    ram_end                                  0x20000054   Data           4  mem.o(.data)
    lfree                                    0x20000058   Data           4  mem.o(.data)
    mem_sem                                  0x2000005c   Data           1  mem.o(.data)
    .data                                    0x20000060   Section       12  netif.o(.data)
    netifnum                                 0x20000060   Data           1  netif.o(.data)
    .data                                    0x2000006c   Section        4  raw.o(.data)
    raw_pcbs                                 0x2000006c   Data           4  raw.o(.data)
    .data                                    0x20000070   Section       77  tcp.o(.data)
    port                                     0x2000009c   Data           2  tcp.o(.data)
    iss                                      0x200000a0   Data           4  tcp.o(.data)
    tcp_timer                                0x200000bc   Data           1  tcp.o(.data)
    .data                                    0x200000c0   Section       32  tcp_in.o(.data)
    tcphdr                                   0x200000c0   Data           4  tcp_in.o(.data)
    iphdr                                    0x200000c4   Data           4  tcp_in.o(.data)
    seqno                                    0x200000c8   Data           4  tcp_in.o(.data)
    ackno                                    0x200000cc   Data           4  tcp_in.o(.data)
    flags                                    0x200000d0   Data           1  tcp_in.o(.data)
    tcplen                                   0x200000d2   Data           2  tcp_in.o(.data)
    recv_flags                               0x200000d4   Data           1  tcp_in.o(.data)
    recv_data                                0x200000d8   Data           4  tcp_in.o(.data)
    .data                                    0x200000e0   Section       12  ip.o(.data)
    ip_id                                    0x200000e0   Data           2  ip.o(.data)
    .data                                    0x200000ec   Section        1  etharp.o(.data)
    etharp_cached_entry                      0x200000ec   Data           1  etharp.o(.data)
    .data                                    0x200000f0   Section       48  lwiplib.o(.data)
    g_ulLocalTimer                           0x200000f0   Data           4  lwiplib.o(.data)
    g_ulMDIXTimer                            0x200000f4   Data           4  lwiplib.o(.data)
    g_ulTCPTimer                             0x200000f8   Data           4  lwiplib.o(.data)
    g_ulHostTimer                            0x200000fc   Data           4  lwiplib.o(.data)
    g_ulARPTimer                             0x20000100   Data           4  lwiplib.o(.data)
    g_ulAutoIPTimer                          0x20000104   Data           4  lwiplib.o(.data)
    g_ulDHCPCoarseTimer                      0x20000108   Data           4  lwiplib.o(.data)
    g_ulDHCPFineTimer                        0x2000010c   Data           4  lwiplib.o(.data)
    g_ulIPMode                               0x20000110   Data           4  lwiplib.o(.data)
    g_ulIPAddr                               0x20000114   Data           4  lwiplib.o(.data)
    g_ulNetMask                              0x20000118   Data           4  lwiplib.o(.data)
    g_ulGWAddr                               0x2000011c   Data           4  lwiplib.o(.data)
    .data                                    0x20000120   Section        8  lmi_fs.o(.data)
    pcBuf                                    0x20000120   Data           4  lmi_fs.o(.data)
    pcBuf                                    0x20000124   Data           4  lmi_fs.o(.data)
    .data                                    0x20000128   Section      244  httpd.o(.data)
    .data                                    0x2000021c   Section        5  uartstdio.o(.data)
    g_ulBase                                 0x2000021c   Data           4  uartstdio.o(.data)
    bLastWasCR                               0x20000220   Data           1  uartstdio.o(.data)
    .bss                                     0x20000224   Section       16  temperature_sensor.o(.bss)
    pcBuf                                    0x20000224   Data          16  temperature_sensor.o(.bss)
    .bss                                     0x20000234   Section       96  stellarisif.o(.bss)
    stellarisif_data                         0x20000234   Data          96  stellarisif.o(.bss)
    .bss                                     0x20000294   Section    12308  mem.o(.bss)
    ram_heap                                 0x20000294   Data       12308  mem.o(.bss)
    .bss                                     0x200032a8   Section     7155  memp.o(.bss)
    memp_tab                                 0x200032a8   Data          32  memp.o(.bss)
    memp_memory                              0x200032c8   Data        7123  memp.o(.bss)
    .bss                                     0x20004e9c   Section      234  stats.o(.bss)
    .bss                                     0x20004f88   Section       20  tcp_in.o(.bss)
    inseg                                    0x20004f88   Data          20  tcp_in.o(.bss)
    .bss                                     0x20004f9c   Section      200  etharp.o(.bss)
    arp_table                                0x20004f9c   Data         200  etharp.o(.bss)
    .bss                                     0x20005064   Section       84  locator.o(.bss)
    g_pucLocatorData                         0x20005064   Data          84  locator.o(.bss)
    .bss                                     0x200050b8   Section       56  lwiplib.o(.bss)
    g_sNetIF                                 0x200050b8   Data          56  lwiplib.o(.bss)
    .bss                                     0x200050f0   Section       64  lmi_fs.o(.bss)
    g_cSampleTextBuffer                      0x200050f0   Data          16  lmi_fs.o(.bss)
    pcBuf                                    0x20005100   Data          16  lmi_fs.o(.bss)
    pcBuf                                    0x20005110   Data          16  lmi_fs.o(.bss)
    pcBuf                                    0x20005120   Data          16  lmi_fs.o(.bss)
    .bss                                     0x20005130   Section       96  libspace.o(.bss)
    HEAP                                     0x20005190   Section      256  startup_rvmdk.o(HEAP)
    HeapMem                                  0x20005190   Data           0  startup_rvmdk.o(HEAP)
    STACK                                    0x20005290   Section     1024  startup_rvmdk.o(STACK)
    StackMem                                 0x20005290   Data           0  startup_rvmdk.o(STACK)

    Global Symbols

    Symbol Name                              Value     Ov Type        Size  Object(Section)

    BuildAttributes$$THM_ISAv4$P$D$K$B$S$PE$A:L22UL41UL21$X:L11$S22US41US21$IEEE1$IW$USESV6$~STKCKD$USESV7$~SHL$OTIME$ROPI$EBA8$UX$STANDARDLIB$REQ8$PRES8$EABIv2 0x00000000   Number         0  anon$$obj.o ABSOLUTE
    __ARM_use_no_argv                        0x00000000   Number         0  main.o ABSOLUTE
    __Vectors                                0x00000000   Data           0  startup_rvmdk.o(RESET)
    __ARM_exceptions_init                     - Undefined Weak Reference
    __alloca_initialize                       - Undefined Weak Reference
    __cpp_initialize__aeabi_                  - Undefined Weak Reference
    __cxa_finalize                            - Undefined Weak Reference
    __rt_locale                               - Undefined Weak Reference
    __sigvec_lookup                           - Undefined Weak Reference
    _atexit_init                              - Undefined Weak Reference
    _call_atexit_fns                          - Undefined Weak Reference
    _clock_init                               - Undefined Weak Reference
    _fp_trap_init                             - Undefined Weak Reference
    _fp_trap_shutdown                         - Undefined Weak Reference
    _get_lc_collate                           - Undefined Weak Reference
    _get_lc_ctype                             - Undefined Weak Reference
    _get_lc_monetary                          - Undefined Weak Reference
    _get_lc_numeric                           - Undefined Weak Reference
    _get_lc_time                              - Undefined Weak Reference
    _getenv_init                              - Undefined Weak Reference
    _handle_redirection                       - Undefined Weak Reference
    _init_alloc                               - Undefined Weak Reference
    _init_user_alloc                          - Undefined Weak Reference
    _initio                                   - Undefined Weak Reference
    _rand_init                                - Undefined Weak Reference
    _signal_finish                            - Undefined Weak Reference
    _signal_init                              - Undefined Weak Reference
    _terminate_alloc                          - Undefined Weak Reference
    _terminate_user_alloc                     - Undefined Weak Reference
    _terminateio                              - Undefined Weak Reference
    Reset_Handler                            0x0000026d   Thumb Code     0  startup_rvmdk.o(RESET)
    __main                                   0x00000279   Thumb Code     8  __main.o(!!!main)
    __scatterload                            0x00000281   Thumb Code     0  __scatter.o(!!!scatter)
    __scatterload_rt2                        0x00000281   Thumb Code    44  __scatter.o(!!!scatter)
    __scatterload_rt2_thumb_only             0x00000281   Thumb Code     0  __scatter.o(!!!scatter)
    __scatterload_null                       0x0000028f   Thumb Code     0  __scatter.o(!!!scatter)
    __decompress                             0x000002b5   Thumb Code    90  __dczerorl2.o(!!dczerorl2)
    __decompress1                            0x000002b5   Thumb Code     0  __dczerorl2.o(!!dczerorl2)
    __scatterload_zeroinit                   0x00000311   Thumb Code    28  __scatter_zi.o(!!handler_zi)
    __rt_lib_init                            0x0000032d   Thumb Code     0  libinit.o(.ARM.Collect$$libinit$$00000000)
    __rt_lib_init_alloca_1                   0x00000333   Thumb Code     0  libinit2.o(.ARM.Collect$$libinit$$0000002A)
    __rt_lib_init_argv_1                     0x00000333   Thumb Code     0  libinit2.o(.ARM.Collect$$libinit$$00000028)
    __rt_lib_init_atexit_1                   0x00000333   Thumb Code     0  libinit2.o(.ARM.Collect$$libinit$$00000017)
    __rt_lib_init_clock_1                    0x00000333   Thumb Code     0  libinit2.o(.ARM.Collect$$libinit$$0000001D)
    __rt_lib_init_cpp_1                      0x00000333   Thumb Code     0  libinit2.o(.ARM.Collect$$libinit$$0000002E)
    __rt_lib_init_exceptions_1               0x00000333   Thumb Code     0  libinit2.o(.ARM.Collect$$libinit$$0000002C)
    __rt_lib_init_fp_trap_1                  0x00000333   Thumb Code     0  libinit2.o(.ARM.Collect$$libinit$$0000001B)
    __rt_lib_init_getenv_1                   0x00000333   Thumb Code     0  libinit2.o(.ARM.Collect$$libinit$$0000001F)
    __rt_lib_init_heap_1                     0x00000333   Thumb Code     0  libinit2.o(.ARM.Collect$$libinit$$00000006)
    __rt_lib_init_lc_collate_1               0x00000333   Thumb Code     0  libinit2.o(.ARM.Collect$$libinit$$0000000D)
    __rt_lib_init_lc_ctype_1                 0x00000333   Thumb Code     0  libinit2.o(.ARM.Collect$$libinit$$0000000F)
    __rt_lib_init_lc_monetary_1              0x00000333   Thumb Code     0  libinit2.o(.ARM.Collect$$libinit$$00000011)
    __rt_lib_init_lc_numeric_1               0x00000333   Thumb Code     0  libinit2.o(.ARM.Collect$$libinit$$00000013)
    __rt_lib_init_lc_time_1                  0x00000333   Thumb Code     0  libinit2.o(.ARM.Collect$$libinit$$00000015)
    __rt_lib_init_rand_1                     0x00000333   Thumb Code     0  libinit2.o(.ARM.Collect$$libinit$$0000000A)
    __rt_lib_init_return                     0x00000333   Thumb Code     0  libinit2.o(.ARM.Collect$$libinit$$0000002F)
    __rt_lib_init_signal_1                   0x00000333   Thumb Code     0  libinit2.o(.ARM.Collect$$libinit$$00000019)
    __rt_lib_init_stdio_1                    0x00000333   Thumb Code     0  libinit2.o(.ARM.Collect$$libinit$$00000021)
    __rt_lib_init_user_alloc_1               0x00000333   Thumb Code     0  libinit2.o(.ARM.Collect$$libinit$$00000008)
    __rt_lib_shutdown                        0x00000335   Thumb Code     0  libshutdown.o(.ARM.Collect$$libshutdown$$00000000)
    __rt_lib_shutdown_fp_trap_1              0x00000337   Thumb Code     0  libshutdown2.o(.ARM.Collect$$libshutdown$$00000006)
    __rt_lib_shutdown_heap_1                 0x00000337   Thumb Code     0  libshutdown2.o(.ARM.Collect$$libshutdown$$0000000E)
    __rt_lib_shutdown_return                 0x00000337   Thumb Code     0  libshutdown2.o(.ARM.Collect$$libshutdown$$0000000F)
    __rt_lib_shutdown_signal_1               0x00000337   Thumb Code     0  libshutdown2.o(.ARM.Collect$$libshutdown$$00000009)
    __rt_lib_shutdown_stdio_1                0x00000337   Thumb Code     0  libshutdown2.o(.ARM.Collect$$libshutdown$$00000003)
    __rt_lib_shutdown_user_alloc_1           0x00000337   Thumb Code     0  libshutdown2.o(.ARM.Collect$$libshutdown$$0000000B)
    __rt_entry                               0x00000339   Thumb Code     0  rtentry.o(.ARM.Collect$$rtentry$$00000000)
    __rt_entry_presh_1                       0x00000339   Thumb Code     0  rtentry2.o(.ARM.Collect$$rtentry$$00000002)
    __rt_entry_sh                            0x00000339   Thumb Code     0  rtentry4.o(.ARM.Collect$$rtentry$$00000004)
    __rt_entry_li                            0x0000033f   Thumb Code     0  rtentry2.o(.ARM.Collect$$rtentry$$0000000A)
    __rt_entry_postsh_1                      0x0000033f   Thumb Code     0  rtentry2.o(.ARM.Collect$$rtentry$$00000009)
    __rt_entry_main                          0x00000343   Thumb Code     0  rtentry2.o(.ARM.Collect$$rtentry$$0000000D)
    __rt_entry_postli_1                      0x00000343   Thumb Code     0  rtentry2.o(.ARM.Collect$$rtentry$$0000000C)
    __rt_exit                                0x0000034b   Thumb Code     0  rtexit.o(.ARM.Collect$$rtexit$$00000000)
    __rt_exit_ls                             0x0000034d   Thumb Code     0  rtexit2.o(.ARM.Collect$$rtexit$$00000003)
    __rt_exit_prels_1                        0x0000034d   Thumb Code     0  rtexit2.o(.ARM.Collect$$rtexit$$00000002)
    __rt_exit_exit                           0x00000351   Thumb Code     0  rtexit2.o(.ARM.Collect$$rtexit$$00000004)
    SysCtlDelay                              0x00000359   Thumb Code     6  sysctl.o(.emb_text)
    CPUcpsid                                 0x00000361   Thumb Code     8  cpu.o(.emb_text)
    CPUprimask                               0x00000369   Thumb Code     6  cpu.o(.emb_text)
    CPUcpsie                                 0x0000036f   Thumb Code     8  cpu.o(.emb_text)
    CPUwfi                                   0x00000377   Thumb Code     4  cpu.o(.emb_text)
    CPUbasepriSet                            0x0000037b   Thumb Code     6  cpu.o(.emb_text)
    CPUbasepriGet                            0x00000381   Thumb Code     6  cpu.o(.emb_text)
    __user_initial_stackheap                 0x00000389   Thumb Code     0  startup_rvmdk.o(.text)
    strchr                                   0x000003a5   Thumb Code    20  strchr.o(.text)
    strstr                                   0x000003b9   Thumb Code    36  strstr.o(.text)
    memcmp                                   0x000003dd   Thumb Code    88  memcmp.o(.text)
    strlen                                   0x00000435   Thumb Code    62  strlen.o(.text)
    strncmp                                  0x00000473   Thumb Code   150  strncmp.o(.text)
    __aeabi_memcpy                           0x00000509   Thumb Code     0  rt_memcpy_v6.o(.text)
    __rt_memcpy                              0x00000509   Thumb Code   138  rt_memcpy_v6.o(.text)
    _memcpy_lastbytes                        0x0000056f   Thumb Code     0  rt_memcpy_v6.o(.text)
    __aeabi_memcpy4                          0x00000593   Thumb Code     0  rt_memcpy_w.o(.text)
    __aeabi_memcpy8                          0x00000593   Thumb Code     0  rt_memcpy_w.o(.text)
    __rt_memcpy_w                            0x00000593   Thumb Code   100  rt_memcpy_w.o(.text)
    _memcpy_lastbytes_aligned                0x000005db   Thumb Code     0  rt_memcpy_w.o(.text)
    __aeabi_memclr                           0x000005f7   Thumb Code     0  rt_memclr.o(.text)
    __rt_memclr                              0x000005f7   Thumb Code    68  rt_memclr.o(.text)
    _memset                                  0x000005fb   Thumb Code     0  rt_memclr.o(.text)
    __aeabi_memclr4                          0x0000063b   Thumb Code     0  rt_memclr_w.o(.text)
    __aeabi_memclr8                          0x0000063b   Thumb Code     0  rt_memclr_w.o(.text)
    __rt_memclr_w                            0x0000063b   Thumb Code    78  rt_memclr_w.o(.text)
    _memset_w                                0x0000063f   Thumb Code     0  rt_memclr_w.o(.text)
    strncpy                                  0x00000689   Thumb Code    86  strncpy.o(.text)
    strcmp                                   0x000006e1   Thumb Code   128  strcmpv7m.o(.text)
    __use_two_region_memory                  0x00000761   Thumb Code     2  heapauxi.o(.text)
    __rt_heap_escrow$2region                 0x00000763   Thumb Code     2  heapauxi.o(.text)
    __rt_heap_expand$2region                 0x00000765   Thumb Code     2  heapauxi.o(.text)
    __user_setup_stackheap                   0x00000767   Thumb Code    74  sys_stackheap_outer.o(.text)
    exit                                     0x000007b1   Thumb Code    12  exit.o(.text)
    __user_libspace                          0x000007bd   Thumb Code     8  libspace.o(.text)
    __user_perproc_libspace                  0x000007bd   Thumb Code     0  libspace.o(.text)
    __user_perthread_libspace                0x000007bd   Thumb Code     0  libspace.o(.text)
    __rt_fp_status_addr                      0x000007c5   Thumb Code     8  rt_fp_status_addr_intlibspace.o(.text)
    _sys_exit                                0x000007cd   Thumb Code     8  sys_exit.o(.text)
    __I$use$semihosting                      0x000007d9   Thumb Code     0  use_no_semi.o(.text)
    __use_no_semihosting_swi                 0x000007d9   Thumb Code     2  use_no_semi.o(.text)
    ADCIntClear                              0x000007db   Thumb Code    10  adc.o(i.ADCIntClear)
    __semihosting_library_function           0x000007db   Thumb Code     0  indicate_semi.o(.text)
    ADCIntStatus                             0x000007e5   Thumb Code    52  adc.o(i.ADCIntStatus)
    ADCProcessorTrigger                      0x00000819   Thumb Code    26  adc.o(i.ADCProcessorTrigger)
    ADCSequenceConfigure                     0x00000833   Thumb Code    50  adc.o(i.ADCSequenceConfigure)
    ADCSequenceDataGet                       0x00000865   Thumb Code    36  adc.o(i.ADCSequenceDataGet)
    ADCSequenceEnable                        0x00000889   Thumb Code    14  adc.o(i.ADCSequenceEnable)
    ADCSequenceStepConfigure                 0x00000897   Thumb Code   110  adc.o(i.ADCSequenceStepConfigure)
    CheckDecimalParam                        0x00000905   Thumb Code   182  cgifuncs.o(i.CheckDecimalParam)
    DecodeFormString                         0x00000aa9   Thumb Code   140  cgifuncs.o(i.DecodeFormString)
    DecodeHexEscape                          0x00000b35   Thumb Code    58  cgifuncs.o(i.DecodeHexEscape)
    DisplayChipTemperature                   0x00000b71   Thumb Code    62  temperature_sensor.o(i.DisplayChipTemperature)
    DisplayIPAddress                         0x00000bed   Thumb Code    46  main.o(i.DisplayIPAddress)
    EthernetConfigSet                        0x00000c29   Thumb Code    42  ethernet.o(i.EthernetConfigSet)
    EthernetEnable                           0x00000c53   Thumb Code    34  ethernet.o(i.EthernetEnable)
    EthernetInitExpClk                       0x00000c75   Thumb Code    12  ethernet.o(i.EthernetInitExpClk)
    EthernetIntClear                         0x00000c85   Thumb Code     4  ethernet.o(i.EthernetIntClear)
    EthernetIntDisable                       0x00000c89   Thumb Code    10  ethernet.o(i.EthernetIntDisable)
    EthernetIntEnable                        0x00000c93   Thumb Code     8  ethernet.o(i.EthernetIntEnable)
    EthernetIntStatus                        0x00000c9b   Thumb Code    14  ethernet.o(i.EthernetIntStatus)
    EthernetMACAddrGet                       0x00000ca9   Thumb Code    50  ethernet.o(i.EthernetMACAddrGet)
    EthernetMACAddrSet                       0x00000cdb   Thumb Code    54  ethernet.o(i.EthernetMACAddrSet)
    EthernetPHYRead                          0x00000d11   Thumb Code    34  ethernet.o(i.EthernetPHYRead)
    FindCGIParameter                         0x00000d33   Thumb Code    48  cgifuncs.o(i.FindCGIParameter)
    FlashUserGet                             0x00000d65   Thumb Code    48  flash.o(i.FlashUserGet)
    GPIODirModeSet                           0x00000d9d   Thumb Code    40  gpio.o(i.GPIODirModeSet)
    GPIOPadConfigSet                         0x00000dc5   Thumb Code   176  gpio.o(i.GPIOPadConfigSet)
    GPIOPinRead                              0x00000e75   Thumb Code     6  gpio.o(i.GPIOPinRead)
    GPIOPinTypeEthernetLED                   0x00000e7b   Thumb Code    28  gpio.o(i.GPIOPinTypeEthernetLED)
    GPIOPinTypeGPIOOutput                    0x00000e97   Thumb Code    28  gpio.o(i.GPIOPinTypeGPIOOutput)
    GPIOPinTypePWM                           0x00000eb3   Thumb Code    28  gpio.o(i.GPIOPinTypePWM)
    GPIOPinTypeSSI                           0x00000ecf   Thumb Code    28  gpio.o(i.GPIOPinTypeSSI)
    GPIOPinTypeUART                          0x00000eeb   Thumb Code    28  gpio.o(i.GPIOPinTypeUART)
    GPIOPinWrite                             0x00000f07   Thumb Code     6  gpio.o(i.GPIOPinWrite)
    GetCGIParam                              0x00000f0d   Thumb Code    66  cgifuncs.o(i.GetCGIParam)
    HexDigit                                 0x00000f4f   Thumb Code    54  cgifuncs.o(i.HexDigit)
    ISRTicksEverySecond                      0x00000f85   Thumb Code    36  main.o(i.ISRTicksEverySecond)
    IntEnable                                0x00000fb1   Thumb Code   104  interrupt.o(i.IntEnable)
    IntMasterDisable                         0x00001019   Thumb Code    10  interrupt.o(i.IntMasterDisable)
    IntMasterEnable                          0x00001023   Thumb Code    10  interrupt.o(i.IntMasterEnable)
    IsValidHexDigit                          0x0000102d   Thumb Code    34  cgifuncs.o(i.IsValidHexDigit)
    LocatorAppTitleSet                       0x00001051   Thumb Code    60  locator.o(i.LocatorAppTitleSet)
    LocatorInit                              0x00001091   Thumb Code   100  locator.o(i.LocatorInit)
    LocatorMACAddrSet                        0x00001101   Thumb Code    28  locator.o(i.LocatorMACAddrSet)
    PWMGenConfigure                          0x000011cd   Thumb Code    38  pwm.o(i.PWMGenConfigure)
    PWMGenEnable                             0x000011f3   Thumb Code    10  pwm.o(i.PWMGenEnable)
    PWMGenPeriodSet                          0x000011fd   Thumb Code    18  pwm.o(i.PWMGenPeriodSet)
    PWMOutputState                           0x0000120f   Thumb Code    16  pwm.o(i.PWMOutputState)
    PWMPulseWidthSet                         0x0000121f   Thumb Code    32  pwm.o(i.PWMPulseWidthSet)
    RIT128x96x4Clear                         0x00001241   Thumb Code    76  rit128x96x4.o(i.RIT128x96x4Clear)
    RIT128x96x4Disable                       0x0000129d   Thumb Code    68  rit128x96x4.o(i.RIT128x96x4Disable)
    RIT128x96x4Enable                        0x000012e9   Thumb Code    88  rit128x96x4.o(i.RIT128x96x4Enable)
    RIT128x96x4Init                          0x00001349   Thumb Code   240  rit128x96x4.o(i.RIT128x96x4Init)
    RIT128x96x4StringDraw                    0x00001461   Thumb Code   262  rit128x96x4.o(i.RIT128x96x4StringDraw)
    SSIConfigSetExpClk                       0x00001619   Thumb Code    76  ssi.o(i.SSIConfigSetExpClk)
    SSIDataGet                               0x00001665   Thumb Code    14  ssi.o(i.SSIDataGet)
    SSIDataGetNonBlocking                    0x00001673   Thumb Code    18  ssi.o(i.SSIDataGetNonBlocking)
    SSIDataPut                               0x00001685   Thumb Code    12  ssi.o(i.SSIDataPut)
    SSIDisable                               0x00001691   Thumb Code    10  ssi.o(i.SSIDisable)
    SSIEnable                                0x0000169b   Thumb Code    10  ssi.o(i.SSIEnable)
    SysCtlClockGet                           0x00001859   Thumb Code   438  sysctl.o(i.SysCtlClockGet)
    SysCtlClockSet                           0x00001a3d   Thumb Code   288  sysctl.o(i.SysCtlClockSet)
    SysCtlPWMClockSet                        0x00001b75   Thumb Code    14  sysctl.o(i.SysCtlPWMClockSet)
    SysCtlPeripheralEnable                   0x00001b89   Thumb Code    26  sysctl.o(i.SysCtlPeripheralEnable)
    SysCtlPeripheralPresent                  0x00001ba9   Thumb Code    50  sysctl.o(i.SysCtlPeripheralPresent)
    SysCtlPeripheralReset                    0x00001be9   Thumb Code    50  sysctl.o(i.SysCtlPeripheralReset)
    SysTickEnable                            0x00001c21   Thumb Code    14  systick.o(i.SysTickEnable)
    SysTickIntEnable                         0x00001c2f   Thumb Code    14  systick.o(i.SysTickIntEnable)
    SysTickIntHandler                        0x00001c3d   Thumb Code    54  main.o(i.SysTickIntHandler)
    SysTickPeriodSet                         0x00001c7d   Thumb Code    10  systick.o(i.SysTickPeriodSet)
    UARTCharPut                              0x00001c87   Thumb Code    12  uart.o(i.UARTCharPut)
    UARTConfigSetExpClk                      0x00001c93   Thumb Code   110  uart.o(i.UARTConfigSetExpClk)
    UARTEnable                               0x00001d01   Thumb Code    20  uart.o(i.UARTEnable)
    UARTStdioInit                            0x00001d15   Thumb Code    16  uartstdio.o(i.UARTStdioInit)
    UARTStdioInitExpClk                      0x00001d25   Thumb Code    72  uartstdio.o(i.UARTStdioInitExpClk)
    UARTprintf                               0x00001d79   Thumb Code   656  uartstdio.o(i.UARTprintf)
    UARTwrite                                0x00002019   Thumb Code    50  uartstdio.o(i.UARTwrite)
    autoip_arp_reply                         0x000020b5   Thumb Code   186  autoip.o(i.autoip_arp_reply)
    autoip_init                              0x00002247   Thumb Code     2  autoip.o(i.autoip_init)
    autoip_start                             0x00002249   Thumb Code   106  autoip.o(i.autoip_start)
    autoip_stop                              0x00002317   Thumb Code    22  autoip.o(i.autoip_stop)
    autoip_tmr                               0x0000232d   Thumb Code   308  autoip.o(i.autoip_tmr)
    dhcp_arp_reply                           0x00002521   Thumb Code    46  dhcp.o(i.dhcp_arp_reply)
    dhcp_coarse_tmr                          0x000026b1   Thumb Code    62  dhcp.o(i.dhcp_coarse_tmr)
    dhcp_fine_tmr                            0x00002a11   Thumb Code    68  dhcp.o(i.dhcp_fine_tmr)
    dhcp_release                             0x00003069   Thumb Code   186  dhcp.o(i.dhcp_release)
    dhcp_renew                               0x00003129   Thumb Code   152  dhcp.o(i.dhcp_renew)
    dhcp_start                               0x000032d9   Thumb Code   194  dhcp.o(i.dhcp_start)
    dhcp_stop                                0x000033a5   Thumb Code    86  dhcp.o(i.dhcp_stop)
    etharp_arp_input                         0x000035d5   Thumb Code   434  etharp.o(i.etharp_arp_input)
    etharp_ip_input                          0x00003791   Thumb Code    66  etharp.o(i.etharp_ip_input)
    etharp_output                            0x000037d5   Thumb Code   218  etharp.o(i.etharp_output)
    etharp_query                             0x000038b9   Thumb Code   424  etharp.o(i.etharp_query)
    etharp_raw                               0x00003a69   Thumb Code   254  etharp.o(i.etharp_raw)
    etharp_request                           0x00003b71   Thumb Code    40  etharp.o(i.etharp_request)
    etharp_tmr                               0x00003bed   Thumb Code   164  etharp.o(i.etharp_tmr)
    ethernet_input                           0x00003c95   Thumb Code   140  etharp.o(i.ethernet_input)
    fs_close                                 0x00003feb   Thumb Code    12  lmi_fs.o(i.fs_close)
    fs_open                                  0x00003ff9   Thumb Code   674  lmi_fs.o(i.fs_open)
    fs_read                                  0x0000437d   Thumb Code    80  lmi_fs.o(i.fs_read)
    htonl                                    0x000045b5   Thumb Code    28  inet.o(i.htonl)
    htons                                    0x000045d1   Thumb Code    16  inet.o(i.htons)
    http_set_cgi_handlers                    0x00004971   Thumb Code    10  httpd.o(i.http_set_cgi_handlers)
    http_set_ssi_handler                     0x00004985   Thumb Code    14  httpd.o(i.http_set_ssi_handler)
    httpd_init                               0x000049a1   Thumb Code    40  httpd.o(i.httpd_init)
    icmp_dest_unreach                        0x000049d1   Thumb Code    20  icmp.o(i.icmp_dest_unreach)
    icmp_input                               0x000049e5   Thumb Code   576  icmp.o(i.icmp_input)
    inet_chksum                              0x00004cbd   Thumb Code    20  inet_chksum.o(i.inet_chksum)
    inet_chksum_pbuf                         0x00004cd1   Thumb Code    90  inet_chksum.o(i.inet_chksum_pbuf)
    inet_chksum_pseudo                       0x00004d2b   Thumb Code   168  inet_chksum.o(i.inet_chksum_pseudo)
    io_get_ledstate                          0x00004dd5   Thumb Code    42  io.o(i.io_get_ledstate)
    io_get_pwmdutycycle                      0x00004e0d   Thumb Code     6  io.o(i.io_get_pwmdutycycle)
    io_get_pwmfreq                           0x00004e19   Thumb Code     6  io.o(i.io_get_pwmfreq)
    io_get_pwmstate                          0x00004e25   Thumb Code    40  io.o(i.io_get_pwmstate)
    io_gettemp                               0x00004e59   Thumb Code    60  temperature_sensor.o(i.io_gettemp)
    io_init                                  0x00004e9d   Thumb Code   152  io.o(i.io_init)
    io_is_led_on                             0x00004f4d   Thumb Code    20  io.o(i.io_is_led_on)
    io_is_pwm_on                             0x00004f65   Thumb Code    18  io.o(i.io_is_pwm_on)
    io_pwm_dutycycle                         0x00004f7d   Thumb Code    68  io.o(i.io_pwm_dutycycle)
    io_pwm_freq                              0x00004fcd   Thumb Code    66  io.o(i.io_pwm_freq)
    io_set_led                               0x0000501d   Thumb Code    24  io.o(i.io_set_led)
    io_set_pwm                               0x00005039   Thumb Code    18  io.o(i.io_set_pwm)
    ip_addr_isbroadcast                      0x00005051   Thumb Code    78  ip_addr.o(i.ip_addr_isbroadcast)
    ip_input                                 0x000050a1   Thumb Code   642  ip.o(i.ip_input)
    ip_output                                0x00005335   Thumb Code    68  ip.o(i.ip_output)
    ip_output_if                             0x0000537d   Thumb Code   270  ip.o(i.ip_output_if)
    ip_route                                 0x00005495   Thumb Code    86  ip.o(i.ip_route)
    lwIPEthernetIntHandler                   0x000054f9   Thumb Code    34  lwiplib.o(i.lwIPEthernetIntHandler)
    lwIPHostTimerHandler                     0x00005525   Thumb Code   266  main.o(i.lwIPHostTimerHandler)
    lwIPInit                                 0x0000567d   Thumb Code    58  lwiplib.o(i.lwIPInit)
    lwIPLocalGWAddrGet                       0x000056d1   Thumb Code     6  lwiplib.o(i.lwIPLocalGWAddrGet)
    lwIPLocalIPAddrGet                       0x000056dd   Thumb Code     6  lwiplib.o(i.lwIPLocalIPAddrGet)
    lwIPLocalNetMaskGet                      0x000056e9   Thumb Code     6  lwiplib.o(i.lwIPLocalNetMaskGet)
    lwIPTimer                                0x00005925   Thumb Code    24  lwiplib.o(i.lwIPTimer)
    lwip_init                                0x00005945   Thumb Code    16  init.o(i.lwip_init)
    main                                     0x000059ad   Thumb Code   374  main.o(i.main)
    mem_free                                 0x00005bc9   Thumb Code   132  mem.o(i.mem_free)
    mem_init                                 0x00005c5d   Thumb Code    96  mem.o(i.mem_init)
    mem_malloc                               0x00005cd5   Thumb Code   370  mem.o(i.mem_malloc)
    mem_realloc                              0x00005e59   Thumb Code   322  mem.o(i.mem_realloc)
    memp_free                                0x00005fad   Thumb Code    80  memp.o(i.memp_free)
    memp_init                                0x00006005   Thumb Code   150  memp.o(i.memp_init)
    memp_malloc                              0x000060b1   Thumb Code   172  memp.o(i.memp_malloc)
    netif_add                                0x00006165   Thumb Code   104  netif.o(i.netif_add)
    netif_is_up                              0x000061d5   Thumb Code    12  netif.o(i.netif_is_up)
    netif_set_addr                           0x000061e1   Thumb Code    40  netif.o(i.netif_set_addr)
    netif_set_default                        0x00006209   Thumb Code     6  netif.o(i.netif_set_default)
    netif_set_down                           0x00006215   Thumb Code    24  netif.o(i.netif_set_down)
    netif_set_gw                             0x0000622d   Thumb Code    14  netif.o(i.netif_set_gw)
    netif_set_ipaddr                         0x0000623d   Thumb Code   114  netif.o(i.netif_set_ipaddr)
    netif_set_netmask                        0x000062b9   Thumb Code    14  netif.o(i.netif_set_netmask)
    netif_set_up                             0x000062c7   Thumb Code    44  netif.o(i.netif_set_up)
    ntohl                                    0x000062f3   Thumb Code    12  inet.o(i.ntohl)
    ntohs                                    0x000062ff   Thumb Code    12  inet.o(i.ntohs)
    pbuf_alloc                               0x0000630b   Thumb Code   440  pbuf.o(i.pbuf_alloc)
    pbuf_cat                                 0x000064c3   Thumb Code    56  pbuf.o(i.pbuf_cat)
    pbuf_chain                               0x000064fb   Thumb Code    22  pbuf.o(i.pbuf_chain)
    pbuf_clen                                0x00006511   Thumb Code    22  pbuf.o(i.pbuf_clen)
    pbuf_copy                                0x00006527   Thumb Code   192  pbuf.o(i.pbuf_copy)
    pbuf_copy_partial                        0x000065e7   Thumb Code   154  pbuf.o(i.pbuf_copy_partial)
    pbuf_free                                0x00006681   Thumb Code   130  pbuf.o(i.pbuf_free)
    pbuf_header                              0x00006703   Thumb Code   134  pbuf.o(i.pbuf_header)
    pbuf_realloc                             0x00006789   Thumb Code   124  pbuf.o(i.pbuf_realloc)
    pbuf_ref                                 0x00006805   Thumb Code    28  pbuf.o(i.pbuf_ref)
    raw_input                                0x000068b1   Thumb Code   102  raw.o(i.raw_input)
    stellarisif_init                         0x00007005   Thumb Code    68  stellarisif.o(i.stellarisif_init)
    stellarisif_interrupt                    0x00007055   Thumb Code   124  stellarisif.o(i.stellarisif_interrupt)
    sys_arch_protect                         0x000072dd   Thumb Code     8  sys_arch.o(i.sys_arch_protect)
    sys_arch_unprotect                       0x000072e5   Thumb Code    16  sys_arch.o(i.sys_arch_unprotect)
    tcp_abandon                              0x000072f5   Thumb Code   158  tcp.o(i.tcp_abandon)
    tcp_accept                               0x0000739d   Thumb Code     4  tcp.o(i.tcp_accept)
    tcp_alloc                                0x000073a9   Thumb Code   234  tcp.o(i.tcp_alloc)
    tcp_arg                                  0x000074a5   Thumb Code     4  tcp.o(i.tcp_arg)
    tcp_bind                                 0x000074a9   Thumb Code   228  tcp.o(i.tcp_bind)
    tcp_close                                0x0000759d   Thumb Code   254  tcp.o(i.tcp_close)
    tcp_eff_send_mss                         0x000076ad   Thumb Code    48  tcp.o(i.tcp_eff_send_mss)
    tcp_enqueue                              0x000076dd   Thumb Code  1114  tcp_out.o(i.tcp_enqueue)
    tcp_err                                  0x00007b3d   Thumb Code     6  tcp.o(i.tcp_err)
    tcp_fasttmr                              0x00007b45   Thumb Code   124  tcp.o(i.tcp_fasttmr)
    tcp_input                                0x00007bc5   Thumb Code  1394  tcp_in.o(i.tcp_input)
    tcp_keepalive                            0x00008165   Thumb Code   132  tcp_out.o(i.tcp_keepalive)
    tcp_listen_with_backlog                  0x000083d5   Thumb Code   200  tcp.o(i.tcp_listen_with_backlog)
    tcp_new                                  0x000084ad   Thumb Code    10  tcp.o(i.tcp_new)
    tcp_next_iss                             0x00008531   Thumb Code    20  tcp.o(i.tcp_next_iss)
    tcp_output                               0x00008601   Thumb Code   484  tcp_out.o(i.tcp_output)
    tcp_pcb_purge                            0x00008a3d   Thumb Code    82  tcp.o(i.tcp_pcb_purge)
    tcp_pcb_remove                           0x00008a91   Thumb Code   154  tcp.o(i.tcp_pcb_remove)
    tcp_poll                                 0x00008b31   Thumb Code    10  tcp.o(i.tcp_poll)
    tcp_recv                                 0x00009ac1   Thumb Code     6  tcp.o(i.tcp_recv)
    tcp_recv_null                            0x00009ac7   Thumb Code    46  tcp.o(i.tcp_recv_null)
    tcp_recved                               0x00009af5   Thumb Code    68  tcp.o(i.tcp_recved)
    tcp_rexmit                               0x00009b39   Thumb Code    84  tcp_out.o(i.tcp_rexmit)
    tcp_rexmit_fast                          0x00009b8d   Thumb Code   126  tcp_out.o(i.tcp_rexmit_fast)
    tcp_rexmit_rto                           0x00009c0b   Thumb Code    64  tcp_out.o(i.tcp_rexmit_rto)
    tcp_rst                                  0x00009c4d   Thumb Code   222  tcp_out.o(i.tcp_rst)
    tcp_seg_copy                             0x00009d31   Thumb Code    40  tcp.o(i.tcp_seg_copy)
    tcp_seg_free                             0x00009d59   Thumb Code    34  tcp.o(i.tcp_seg_free)
    tcp_segs_free                            0x00009d7b   Thumb Code    32  tcp.o(i.tcp_segs_free)
    tcp_send_ctrl                            0x00009d9b   Thumb Code    32  tcp_out.o(i.tcp_send_ctrl)
    tcp_send_empty_ack                       0x00009dbb   Thumb Code   122  tcp_out.o(i.tcp_send_empty_ack)
    tcp_sent                                 0x00009e35   Thumb Code     6  tcp.o(i.tcp_sent)
    tcp_slowtmr                              0x00009e3d   Thumb Code   796  tcp.o(i.tcp_slowtmr)
    tcp_tmr                                  0x0000a221   Thumb Code    32  tcp.o(i.tcp_tmr)
    tcp_update_rcv_ann_wnd                   0x0000a245   Thumb Code    74  tcp.o(i.tcp_update_rcv_ann_wnd)
    tcp_write                                0x0000a28f   Thumb Code    72  tcp_out.o(i.tcp_write)
    tcp_zero_window_probe                    0x0000a2d9   Thumb Code   220  tcp_out.o(i.tcp_zero_window_probe)
    udp_bind                                 0x0000a3b9   Thumb Code   112  udp.o(i.udp_bind)
    udp_connect                              0x0000a42d   Thumb Code    96  udp.o(i.udp_connect)
    udp_input                                0x0000a491   Thumb Code   654  udp.o(i.udp_input)
    udp_new                                  0x0000a729   Thumb Code    30  udp.o(i.udp_new)
    udp_recv                                 0x0000a747   Thumb Code     6  udp.o(i.udp_recv)
    udp_remove                               0x0000a74d   Thumb Code    60  udp.o(i.udp_remove)
    udp_sendto                               0x0000a78d   Thumb Code    64  udp.o(i.udp_sendto)
    udp_sendto_if                            0x0000a7d1   Thumb Code   260  udp.o(i.udp_sendto_if)
    usnprintf                                0x0000a9d1   Thumb Code    40  ustdlib.o(i.usnprintf)
    usprintf                                 0x0000a9f9   Thumb Code    40  ustdlib.o(i.usprintf)
    ustrtoul                                 0x0000aa21   Thumb Code   232  ustdlib.o(i.ustrtoul)
    uvsnprintf                               0x0000ab09   Thumb Code   766  ustdlib.o(i.uvsnprintf)
    _fp_init                                 0x0000ae15   Thumb Code    14  fpinit.o(x$fpl$fpinit)
    __fplib_config_pureend_doubles           0x0000ae21   Thumb Code     0  fpinit.o(x$fpl$fpinit)
    tcp_backoff                              0x0000b090   Data          13  tcp.o(.constdata)
    tcp_persist_backoff                      0x0000b09d   Data           7  tcp.o(.constdata)
    ip_addr_any                              0x0000b0a4   Data           4  ip_addr.o(.constdata)
    ip_addr_broadcast                        0x0000b0a8   Data           4  ip_addr.o(.constdata)
    ethbroadcast                             0x0000b0ac   Data           6  etharp.o(.constdata)
    ethzero                                  0x0000b0b2   Data           6  etharp.o(.constdata)
    file_perror_html                         0x000106f0   Data          16  lmi_fs.o(.constdata)
    file_mobile_html                         0x00010700   Data          16  lmi_fs.o(.constdata)
    file_io_http_html                        0x00010710   Data          16  lmi_fs.o(.constdata)
    file_io_cgi_ssi                          0x00010720   Data          16  lmi_fs.o(.constdata)
    file_index_html                          0x00010730   Data          16  lmi_fs.o(.constdata)
    file_cpu_temp_html                       0x00010740   Data          16  lmi_fs.o(.constdata)
    file_404_html                            0x00010750   Data          16  lmi_fs.o(.constdata)
    g_psDefaultFilenames                     0x00010760   Data          40  httpd.o(.constdata)
    g_pcTagLeadIn                            0x00010788   Data           4  httpd.o(.constdata)
    g_pcTagLeadOut                           0x0001078c   Data           4  httpd.o(.constdata)
    Region$$Table$$Base                      0x00010c50   Number         0  anon$$obj.o(Region$$Table)
    Region$$Table$$Limit                     0x00010c70   Number         0  anon$$obj.o(Region$$Table)
    ulGPIOId                                 0x20000024   Data           4  rit128x96x4.o(.data)
    ulGPIOBase                               0x20000028   Data           4  rit128x96x4.o(.data)
    ulOLEDDC_PIN                             0x2000002c   Data           4  rit128x96x4.o(.data)
    ulOLEDEN_PIN                             0x20000030   Data           4  rit128x96x4.o(.data)
    g_ulFrequency                            0x20000040   Data           4  io.o(.data)
    g_ulDutyCycle                            0x20000044   Data           4  io.o(.data)
    udp_pcbs                                 0x20000048   Data           4  udp.o(.data)
    netif_list                               0x20000064   Data           4  netif.o(.data)
    netif_default                            0x20000068   Data           4  netif.o(.data)
    tcp_state_str                            0x20000070   Data          44  tcp.o(.data)
    tcp_ticks                                0x200000a4   Data           4  tcp.o(.data)
    tcp_bound_pcbs                           0x200000a8   Data           4  tcp.o(.data)
    tcp_listen_pcbs                          0x200000ac   Data           4  tcp.o(.data)
    tcp_active_pcbs                          0x200000b0   Data           4  tcp.o(.data)
    tcp_tw_pcbs                              0x200000b4   Data           4  tcp.o(.data)
    tcp_tmp_pcb                              0x200000b8   Data           4  tcp.o(.data)
    tcp_input_pcb                            0x200000dc   Data           4  tcp_in.o(.data)
    current_netif                            0x200000e4   Data           4  ip.o(.data)
    current_header                           0x200000e8   Data           4  ip.o(.data)
    g_pcSSIExtensions                        0x20000128   Data          16  httpd.o(.data)
    g_pfnSSIHandler                          0x20000138   Data           4  httpd.o(.data)
    g_iNumTags                               0x2000013c   Data           4  httpd.o(.data)
    g_ppcTags                                0x20000140   Data           4  httpd.o(.data)
    g_pCGIs                                  0x20000144   Data           4  httpd.o(.data)
    g_iNumCGIs                               0x20000148   Data           4  httpd.o(.data)
    g_psHTTPHeaderStrings                    0x2000014c   Data          72  httpd.o(.data)
    g_psHTTPHeaders                          0x20000194   Data         136  httpd.o(.data)
    lwip_stats                               0x20004e9c   Data         234  stats.o(.bss)
    __libspace_start                         0x20005130   Data          96  libspace.o(.bss)
    __temporary_stack_top$libspace           0x20005190   Data           0  libspace.o(.bss)



==============================================================================

Memory Map of the image

  Image Entry point : 0x0000026d

  Load Region LR_IROM1 (Base: 0x00000000, Size: 0x00010e94, Max: 0x00040000, ABSOLUTE, COMPRESSED[0x00010d48])

    Execution Region ER_IROM1 (Base: 0x00000000, Size: 0x00010c70, Max: 0x00040000, ABSOLUTE)

    Base Addr    Size         Type   Attr      Idx    E Section Name        Object

    0x00000000   0x00000278   Code   RO          230  * RESET               startup_rvmdk.o
    0x00000278   0x00000008   Code   RO         4162  * !!!main             c_w.l(__main.o)
    0x00000280   0x00000034   Code   RO         4321    !!!scatter          c_w.l(__scatter.o)
    0x000002b4   0x0000005a   Code   RO         4319    !!dczerorl2         c_w.l(__dczerorl2.o)
    0x0000030e   0x00000002   PAD
    0x00000310   0x0000001c   Code   RO         4323    !!handler_zi        c_w.l(__scatter_zi.o)
    0x0000032c   0x00000006   Code   RO         4189    .ARM.Collect$$libinit$$00000000  c_w.l(libinit.o)
    0x00000332   0x00000000   Code   RO         4197    .ARM.Collect$$libinit$$00000006  c_w.l(libinit2.o)
    0x00000332   0x00000000   Code   RO         4199    .ARM.Collect$$libinit$$00000008  c_w.l(libinit2.o)
    0x00000332   0x00000000   Code   RO         4201    .ARM.Collect$$libinit$$0000000A  c_w.l(libinit2.o)
    0x00000332   0x00000000   Code   RO         4204    .ARM.Collect$$libinit$$0000000D  c_w.l(libinit2.o)
    0x00000332   0x00000000   Code   RO         4206    .ARM.Collect$$libinit$$0000000F  c_w.l(libinit2.o)
    0x00000332   0x00000000   Code   RO         4208    .ARM.Collect$$libinit$$00000011  c_w.l(libinit2.o)
    0x00000332   0x00000000   Code   RO         4210    .ARM.Collect$$libinit$$00000013  c_w.l(libinit2.o)
    0x00000332   0x00000000   Code   RO         4212    .ARM.Collect$$libinit$$00000015  c_w.l(libinit2.o)
    0x00000332   0x00000000   Code   RO         4214    .ARM.Collect$$libinit$$00000017  c_w.l(libinit2.o)
    0x00000332   0x00000000   Code   RO         4216    .ARM.Collect$$libinit$$00000019  c_w.l(libinit2.o)
    0x00000332   0x00000000   Code   RO         4218    .ARM.Collect$$libinit$$0000001B  c_w.l(libinit2.o)
    0x00000332   0x00000000   Code   RO         4220    .ARM.Collect$$libinit$$0000001D  c_w.l(libinit2.o)
    0x00000332   0x00000000   Code   RO         4222    .ARM.Collect$$libinit$$0000001F  c_w.l(libinit2.o)
    0x00000332   0x00000000   Code   RO         4224    .ARM.Collect$$libinit$$00000021  c_w.l(libinit2.o)
    0x00000332   0x00000000   Code   RO         4228    .ARM.Collect$$libinit$$00000028  c_w.l(libinit2.o)
    0x00000332   0x00000000   Code   RO         4230    .ARM.Collect$$libinit$$0000002A  c_w.l(libinit2.o)
    0x00000332   0x00000000   Code   RO         4232    .ARM.Collect$$libinit$$0000002C  c_w.l(libinit2.o)
    0x00000332   0x00000000   Code   RO         4234    .ARM.Collect$$libinit$$0000002E  c_w.l(libinit2.o)
    0x00000332   0x00000002   Code   RO         4235    .ARM.Collect$$libinit$$0000002F  c_w.l(libinit2.o)
    0x00000334   0x00000002   Code   RO         4260    .ARM.Collect$$libshutdown$$00000000  c_w.l(libshutdown.o)
    0x00000336   0x00000000   Code   RO         4274    .ARM.Collect$$libshutdown$$00000003  c_w.l(libshutdown2.o)
    0x00000336   0x00000000   Code   RO         4277    .ARM.Collect$$libshutdown$$00000006  c_w.l(libshutdown2.o)
    0x00000336   0x00000000   Code   RO         4280    .ARM.Collect$$libshutdown$$00000009  c_w.l(libshutdown2.o)
    0x00000336   0x00000000   Code   RO         4282    .ARM.Collect$$libshutdown$$0000000B  c_w.l(libshutdown2.o)
    0x00000336   0x00000000   Code   RO         4285    .ARM.Collect$$libshutdown$$0000000E  c_w.l(libshutdown2.o)
    0x00000336   0x00000002   Code   RO         4286    .ARM.Collect$$libshutdown$$0000000F  c_w.l(libshutdown2.o)
    0x00000338   0x00000000   Code   RO         4164    .ARM.Collect$$rtentry$$00000000  c_w.l(rtentry.o)
    0x00000338   0x00000000   Code   RO         4166    .ARM.Collect$$rtentry$$00000002  c_w.l(rtentry2.o)
    0x00000338   0x00000006   Code   RO         4178    .ARM.Collect$$rtentry$$00000004  c_w.l(rtentry4.o)
    0x0000033e   0x00000000   Code   RO         4168    .ARM.Collect$$rtentry$$00000009  c_w.l(rtentry2.o)
    0x0000033e   0x00000004   Code   RO         4169    .ARM.Collect$$rtentry$$0000000A  c_w.l(rtentry2.o)
    0x00000342   0x00000000   Code   RO         4171    .ARM.Collect$$rtentry$$0000000C  c_w.l(rtentry2.o)
    0x00000342   0x00000008   Code   RO         4172    .ARM.Collect$$rtentry$$0000000D  c_w.l(rtentry2.o)
    0x0000034a   0x00000002   Code   RO         4193    .ARM.Collect$$rtexit$$00000000  c_w.l(rtexit.o)
    0x0000034c   0x00000000   Code   RO         4239    .ARM.Collect$$rtexit$$00000002  c_w.l(rtexit2.o)
    0x0000034c   0x00000004   Code   RO         4240    .ARM.Collect$$rtexit$$00000003  c_w.l(rtexit2.o)
    0x00000350   0x00000006   Code   RO         4241    .ARM.Collect$$rtexit$$00000004  c_w.l(rtexit2.o)
    0x00000356   0x00000002   PAD
    0x00000358   0x00000006   Code   RO         3547    .emb_text           driverlib.lib(sysctl.o)
    0x0000035e   0x00000002   PAD
    0x00000360   0x00000026   Code   RO         4126    .emb_text           driverlib.lib(cpu.o)
    0x00000386   0x00000002   PAD
    0x00000388   0x0000001c   Code   RO          231    .text               startup_rvmdk.o
    0x000003a4   0x00000014   Code   RO         4138    .text               c_w.l(strchr.o)
    0x000003b8   0x00000024   Code   RO         4140    .text               c_w.l(strstr.o)
    0x000003dc   0x00000058   Code   RO         4142    .text               c_w.l(memcmp.o)
    0x00000434   0x0000003e   Code   RO         4144    .text               c_w.l(strlen.o)
    0x00000472   0x00000096   Code   RO         4146    .text               c_w.l(strncmp.o)
    0x00000508   0x0000008a   Code   RO         4148    .text               c_w.l(rt_memcpy_v6.o)
    0x00000592   0x00000064   Code   RO         4150    .text               c_w.l(rt_memcpy_w.o)
    0x000005f6   0x00000044   Code   RO         4152    .text               c_w.l(rt_memclr.o)
    0x0000063a   0x0000004e   Code   RO         4154    .text               c_w.l(rt_memclr_w.o)
    0x00000688   0x00000056   Code   RO         4156    .text               c_w.l(strncpy.o)
    0x000006de   0x00000002   PAD
    0x000006e0   0x00000080   Code   RO         4158    .text               c_w.l(strcmpv7m.o)
    0x00000760   0x00000006   Code   RO         4160    .text               c_w.l(heapauxi.o)
    0x00000766   0x0000004a   Code   RO         4180    .text               c_w.l(sys_stackheap_outer.o)
    0x000007b0   0x0000000c   Code   RO         4182    .text               c_w.l(exit.o)
    0x000007bc   0x00000008   Code   RO         4190    .text               c_w.l(libspace.o)
    0x000007c4   0x00000008   Code   RO         4248    .text               c_w.l(rt_fp_status_addr_intlibspace.o)
    0x000007cc   0x0000000c   Code   RO         4252    .text               c_w.l(sys_exit.o)
    0x000007d8   0x00000002   Code   RO         4263    .text               c_w.l(use_no_semi.o)
    0x000007da   0x00000000   Code   RO         4265    .text               c_w.l(indicate_semi.o)
    0x000007da   0x0000000a   Code   RO         2443    i.ADCIntClear       driverlib.lib(adc.o)
    0x000007e4   0x00000034   Code   RO         2447    i.ADCIntStatus      driverlib.lib(adc.o)
    0x00000818   0x0000001a   Code   RO         2451    i.ADCProcessorTrigger  driverlib.lib(adc.o)
    0x00000832   0x00000032   Code   RO         2454    i.ADCSequenceConfigure  driverlib.lib(adc.o)
    0x00000864   0x00000024   Code   RO         2455    i.ADCSequenceDataGet  driverlib.lib(adc.o)
    0x00000888   0x0000000e   Code   RO         2457    i.ADCSequenceEnable  driverlib.lib(adc.o)
    0x00000896   0x0000006e   Code   RO         2460    i.ADCSequenceStepConfigure  driverlib.lib(adc.o)
    0x00000904   0x000000b6   Code   RO         2272    i.CheckDecimalParam  cgifuncs.o
    0x000009ba   0x00000002   PAD
    0x000009bc   0x000000ec   Code   RO            1    i.ControlCGIHandler  main.o
    0x00000aa8   0x0000008c   Code   RO         2273    i.DecodeFormString  cgifuncs.o
    0x00000b34   0x0000003a   Code   RO         2274    i.DecodeHexEscape   cgifuncs.o
    0x00000b6e   0x00000002   PAD
    0x00000b70   0x0000007c   Code   RO          209    i.DisplayChipTemperature  temperature_sensor.o
    0x00000bec   0x0000003c   Code   RO            2    i.DisplayIPAddress  main.o
    0x00000c28   0x0000002a   Code   RO         2651    i.EthernetConfigSet  driverlib.lib(ethernet.o)
    0x00000c52   0x00000022   Code   RO         2653    i.EthernetEnable    driverlib.lib(ethernet.o)
    0x00000c74   0x00000010   Code   RO         2654    i.EthernetInitExpClk  driverlib.lib(ethernet.o)
    0x00000c84   0x00000004   Code   RO         2655    i.EthernetIntClear  driverlib.lib(ethernet.o)
    0x00000c88   0x0000000a   Code   RO         2656    i.EthernetIntDisable  driverlib.lib(ethernet.o)
    0x00000c92   0x00000008   Code   RO         2657    i.EthernetIntEnable  driverlib.lib(ethernet.o)
    0x00000c9a   0x0000000e   Code   RO         2659    i.EthernetIntStatus  driverlib.lib(ethernet.o)
    0x00000ca8   0x00000032   Code   RO         2661    i.EthernetMACAddrGet  driverlib.lib(ethernet.o)
    0x00000cda   0x00000036   Code   RO         2662    i.EthernetMACAddrSet  driverlib.lib(ethernet.o)
    0x00000d10   0x00000022   Code   RO         2663    i.EthernetPHYRead   driverlib.lib(ethernet.o)
    0x00000d32   0x00000030   Code   RO         2276    i.FindCGIParameter  cgifuncs.o
    0x00000d62   0x00000002   PAD
    0x00000d64   0x00000038   Code   RO         2814    i.FlashUserGet      driverlib.lib(flash.o)
    0x00000d9c   0x00000028   Code   RO         2915    i.GPIODirModeSet    driverlib.lib(gpio.o)
    0x00000dc4   0x000000b0   Code   RO         2920    i.GPIOPadConfigSet  driverlib.lib(gpio.o)
    0x00000e74   0x00000006   Code   RO         2926    i.GPIOPinRead       driverlib.lib(gpio.o)
    0x00000e7a   0x0000001c   Code   RO         2931    i.GPIOPinTypeEthernetLED  driverlib.lib(gpio.o)
    0x00000e96   0x0000001c   Code   RO         2933    i.GPIOPinTypeGPIOOutput  driverlib.lib(gpio.o)
    0x00000eb2   0x0000001c   Code   RO         2937    i.GPIOPinTypePWM    driverlib.lib(gpio.o)
    0x00000ece   0x0000001c   Code   RO         2939    i.GPIOPinTypeSSI    driverlib.lib(gpio.o)
    0x00000eea   0x0000001c   Code   RO         2941    i.GPIOPinTypeUART   driverlib.lib(gpio.o)
    0x00000f06   0x00000006   Code   RO         2944    i.GPIOPinWrite      driverlib.lib(gpio.o)
    0x00000f0c   0x00000042   Code   RO         2277    i.GetCGIParam       cgifuncs.o
    0x00000f4e   0x00000036   Code   RO         2278    i.HexDigit          cgifuncs.o
    0x00000f84   0x0000002c   Code   RO            3    i.ISRTicksEverySecond  main.o
    0x00000fb0   0x00000068   Code   RO         3127    i.IntEnable         driverlib.lib(interrupt.o)
    0x00001018   0x0000000a   Code   RO         3128    i.IntMasterDisable  driverlib.lib(interrupt.o)
    0x00001022   0x0000000a   Code   RO         3129    i.IntMasterEnable   driverlib.lib(interrupt.o)
    0x0000102c   0x00000022   Code   RO         2279    i.IsValidHexDigit   cgifuncs.o
    0x0000104e   0x00000002   PAD
    0x00001050   0x00000040   Code   RO         2019    i.LocatorAppTitleSet  locator.o
    0x00001090   0x00000070   Code   RO         2023    i.LocatorInit       locator.o
    0x00001100   0x00000020   Code   RO         2024    i.LocatorMACAddrSet  locator.o
    0x00001120   0x000000ac   Code   RO         2025    i.LocatorReceive    locator.o
    0x000011cc   0x00000026   Code   RO         3235    i.PWMGenConfigure   driverlib.lib(pwm.o)
    0x000011f2   0x0000000a   Code   RO         3237    i.PWMGenEnable      driverlib.lib(pwm.o)
    0x000011fc   0x00000012   Code   RO         3250    i.PWMGenPeriodSet   driverlib.lib(pwm.o)
    0x0000120e   0x00000010   Code   RO         3257    i.PWMOutputState    driverlib.lib(pwm.o)
    0x0000121e   0x00000020   Code   RO         3259    i.PWMPulseWidthSet  driverlib.lib(pwm.o)
    0x0000123e   0x00000002   PAD
    0x00001240   0x0000005c   Code   RO          237    i.RIT128x96x4Clear  rit128x96x4.o
    0x0000129c   0x0000004c   Code   RO          238    i.RIT128x96x4Disable  rit128x96x4.o
    0x000012e8   0x00000060   Code   RO          241    i.RIT128x96x4Enable  rit128x96x4.o
    0x00001348   0x00000118   Code   RO          243    i.RIT128x96x4Init   rit128x96x4.o
    0x00001460   0x00000114   Code   RO          244    i.RIT128x96x4StringDraw  rit128x96x4.o
    0x00001574   0x00000050   Code   RO          245    i.RITWriteCommand   rit128x96x4.o
    0x000015c4   0x00000054   Code   RO          246    i.RITWriteData      rit128x96x4.o
    0x00001618   0x0000004c   Code   RO         3440    i.SSIConfigSetExpClk  driverlib.lib(ssi.o)
    0x00001664   0x0000000e   Code   RO         3443    i.SSIDataGet        driverlib.lib(ssi.o)
    0x00001672   0x00000012   Code   RO         3444    i.SSIDataGetNonBlocking  driverlib.lib(ssi.o)
    0x00001684   0x0000000c   Code   RO         3445    i.SSIDataPut        driverlib.lib(ssi.o)
    0x00001690   0x0000000a   Code   RO         3447    i.SSIDisable        driverlib.lib(ssi.o)
    0x0000169a   0x0000000a   Code   RO         3448    i.SSIEnable         driverlib.lib(ssi.o)
    0x000016a4   0x0000011c   Code   RO            4    i.SSIHandler        main.o
    0x000017c0   0x00000098   Code   RO            5    i.SetTextCGIHandler  main.o
    0x00001858   0x000001e4   Code   RO         3552    i.SysCtlClockGet    driverlib.lib(sysctl.o)
    0x00001a3c   0x00000138   Code   RO         3553    i.SysCtlClockSet    driverlib.lib(sysctl.o)
    0x00001b74   0x00000014   Code   RO         3572    i.SysCtlPWMClockSet  driverlib.lib(sysctl.o)
    0x00001b88   0x00000020   Code   RO         3577    i.SysCtlPeripheralEnable  driverlib.lib(sysctl.o)
    0x00001ba8   0x00000040   Code   RO         3578    i.SysCtlPeripheralPresent  driverlib.lib(sysctl.o)
    0x00001be8   0x00000038   Code   RO         3579    i.SysCtlPeripheralReset  driverlib.lib(sysctl.o)
    0x00001c20   0x0000000e   Code   RO         3813    i.SysTickEnable     driverlib.lib(systick.o)
    0x00001c2e   0x0000000e   Code   RO         3815    i.SysTickIntEnable  driverlib.lib(systick.o)
    0x00001c3c   0x00000040   Code   RO            6    i.SysTickIntHandler  main.o
    0x00001c7c   0x0000000a   Code   RO         3819    i.SysTickPeriodSet  driverlib.lib(systick.o)
    0x00001c86   0x0000000c   Code   RO         3879    i.UARTCharPut       driverlib.lib(uart.o)
    0x00001c92   0x0000006e   Code   RO         3883    i.UARTConfigSetExpClk  driverlib.lib(uart.o)
    0x00001d00   0x00000014   Code   RO         3888    i.UARTEnable        driverlib.lib(uart.o)
    0x00001d14   0x00000010   Code   RO         2383    i.UARTStdioInit     uartstdio.o
    0x00001d24   0x00000054   Code   RO         2384    i.UARTStdioInitExpClk  uartstdio.o
    0x00001d78   0x000002a0   Code   RO         2387    i.UARTprintf        uartstdio.o
    0x00002018   0x00000038   Code   RO         2388    i.UARTwrite         uartstdio.o
    0x00002050   0x00000030   Code   RO         1551    i.autoip_arp_announce  autoip.o
    0x00002080   0x00000034   Code   RO         1552    i.autoip_arp_probe  autoip.o
    0x000020b4   0x000000ba   Code   RO         1553    i.autoip_arp_reply  autoip.o
    0x0000216e   0x00000002   PAD
    0x00002170   0x0000003c   Code   RO         1554    i.autoip_bind       autoip.o
    0x000021ac   0x00000068   Code   RO         1555    i.autoip_create_addr  autoip.o
    0x00002214   0x00000032   Code   RO         1556    i.autoip_handle_arp_conflict  autoip.o
    0x00002246   0x00000002   Code   RO         1557    i.autoip_init       autoip.o
    0x00002248   0x0000006a   Code   RO         1559    i.autoip_start      autoip.o
    0x000022b2   0x00000064   Code   RO         1560    i.autoip_start_probing  autoip.o
    0x00002316   0x00000016   Code   RO         1561    i.autoip_stop       autoip.o
    0x0000232c   0x00000138   Code   RO         1562    i.autoip_tmr        autoip.o
    0x00002464   0x0000004c   Code   RO         2188    i.close_conn        httpd.o
    0x000024b0   0x0000002c   Code   RO         2189    i.conn_err          httpd.o
    0x000024dc   0x00000044   Code   RO          446    i.dequeue_packet    stellarisif.o
    0x00002520   0x0000002e   Code   RO          656    i.dhcp_arp_reply    dhcp.o
    0x0000254e   0x00000002   PAD
    0x00002550   0x00000124   Code   RO          657    i.dhcp_bind         dhcp.o
    0x00002674   0x0000003c   Code   RO          658    i.dhcp_check        dhcp.o
    0x000026b0   0x00000044   Code   RO          659    i.dhcp_coarse_tmr   dhcp.o
    0x000026f4   0x00000154   Code   RO          660    i.dhcp_create_request  dhcp.o
    0x00002848   0x00000098   Code   RO          661    i.dhcp_decline      dhcp.o
    0x000028e0   0x00000034   Code   RO          662    i.dhcp_delete_request  dhcp.o
    0x00002914   0x000000fc   Code   RO          663    i.dhcp_discover     dhcp.o
    0x00002a10   0x00000048   Code   RO          664    i.dhcp_fine_tmr     dhcp.o
    0x00002a58   0x00000028   Code   RO          665    i.dhcp_free_reply   dhcp.o
    0x00002a80   0x00000006   Code   RO          666    i.dhcp_get_option_byte  dhcp.o
    0x00002a86   0x00000024   Code   RO          667    i.dhcp_get_option_long  dhcp.o
    0x00002aaa   0x000000b8   Code   RO          668    i.dhcp_get_option_ptr  dhcp.o
    0x00002b62   0x00000112   Code   RO          669    i.dhcp_handle_ack   dhcp.o
    0x00002c74   0x00000038   Code   RO          670    i.dhcp_handle_nak   dhcp.o
    0x00002cac   0x0000003c   Code   RO          671    i.dhcp_handle_offer  dhcp.o
    0x00002ce8   0x00000028   Code   RO          674    i.dhcp_option       dhcp.o
    0x00002d10   0x00000016   Code   RO          675    i.dhcp_option_byte  dhcp.o
    0x00002d26   0x00000054   Code   RO          676    i.dhcp_option_long  dhcp.o
    0x00002d7a   0x0000002c   Code   RO          677    i.dhcp_option_short  dhcp.o
    0x00002da6   0x00000050   Code   RO          678    i.dhcp_option_trailer  dhcp.o
    0x00002df6   0x00000002   PAD
    0x00002df8   0x0000009c   Code   RO          679    i.dhcp_rebind       dhcp.o
    0x00002e94   0x000000bc   Code   RO          680    i.dhcp_reboot       dhcp.o
    0x00002f50   0x00000116   Code   RO          681    i.dhcp_recv         dhcp.o
    0x00003066   0x00000002   PAD
    0x00003068   0x000000c0   Code   RO          682    i.dhcp_release      dhcp.o
    0x00003128   0x00000098   Code   RO          683    i.dhcp_renew        dhcp.o
    0x000031c0   0x00000108   Code   RO          684    i.dhcp_select       dhcp.o
    0x000032c8   0x00000010   Code   RO          685    i.dhcp_set_state    dhcp.o
    0x000032d8   0x000000cc   Code   RO          686    i.dhcp_start        dhcp.o
    0x000033a4   0x00000056   Code   RO          687    i.dhcp_stop         dhcp.o
    0x000033fa   0x00000020   Code   RO          688    i.dhcp_t1_timeout   dhcp.o
    0x0000341a   0x00000020   Code   RO          689    i.dhcp_t2_timeout   dhcp.o
    0x0000343a   0x000000a4   Code   RO          690    i.dhcp_timeout      dhcp.o
    0x000034de   0x0000008e   Code   RO          691    i.dhcp_unfold_reply  dhcp.o
    0x0000356c   0x00000066   Code   RO          447    i.enqueue_packet    stellarisif.o
    0x000035d2   0x00000002   PAD
    0x000035d4   0x000001bc   Code   RO         1853    i.etharp_arp_input  etharp.o
    0x00003790   0x00000042   Code   RO         1855    i.etharp_ip_input   etharp.o
    0x000037d2   0x00000002   PAD
    0x000037d4   0x000000e4   Code   RO         1856    i.etharp_output     etharp.o
    0x000038b8   0x000001b0   Code   RO         1857    i.etharp_query      etharp.o
    0x00003a68   0x00000108   Code   RO         1858    i.etharp_raw        etharp.o
    0x00003b70   0x00000030   Code   RO         1859    i.etharp_request    etharp.o
    0x00003ba0   0x0000004c   Code   RO         1860    i.etharp_send_ip    etharp.o
    0x00003bec   0x000000a8   Code   RO         1861    i.etharp_tmr        etharp.o
    0x00003c94   0x00000090   Code   RO         1862    i.ethernet_input    etharp.o
    0x00003d24   0x00000092   Code   RO         2190    i.extract_uri_parameters  httpd.o
    0x00003db6   0x00000002   PAD
    0x00003db8   0x00000208   Code   RO         1863    i.find_entry        etharp.o
    0x00003fc0   0x0000002a   Code   RO         1864    i.free_etharp_q     etharp.o
    0x00003fea   0x0000000c   Code   RO         2146    i.fs_close          lmi_fs.o
    0x00003ff6   0x00000002   PAD
    0x00003ff8   0x00000384   Code   RO         2147    i.fs_open           lmi_fs.o
    0x0000437c   0x00000050   Code   RO         2148    i.fs_read           lmi_fs.o
    0x000043cc   0x00000044   Code   RO         2191    i.get_404_file      httpd.o
    0x00004410   0x0000010c   Code   RO         2192    i.get_http_headers  httpd.o
    0x0000451c   0x00000098   Code   RO         2193    i.get_tag_insert    httpd.o
    0x000045b4   0x0000001c   Code   RO         1658    i.htonl             inet.o
    0x000045d0   0x00000010   Code   RO         1659    i.htons             inet.o
    0x000045e0   0x0000006c   Code   RO         2194    i.http_accept       httpd.o
    0x0000464c   0x00000050   Code   RO         2195    i.http_poll         httpd.o
    0x0000469c   0x00000298   Code   RO         2196    i.http_recv         httpd.o
    0x00004934   0x0000003c   Code   RO         2197    i.http_sent         httpd.o
    0x00004970   0x00000014   Code   RO         2198    i.http_set_cgi_handlers  httpd.o
    0x00004984   0x0000001c   Code   RO         2199    i.http_set_ssi_handler  httpd.o
    0x000049a0   0x00000030   Code   RO         2200    i.httpd_init        httpd.o
    0x000049d0   0x00000014   Code   RO         1629    i.icmp_dest_unreach  icmp.o
    0x000049e4   0x00000244   Code   RO         1630    i.icmp_input        icmp.o
    0x00004c28   0x00000094   Code   RO         1631    i.icmp_send_response  icmp.o
    0x00004cbc   0x00000014   Code   RO         1707    i.inet_chksum       inet_chksum.o
    0x00004cd0   0x0000005a   Code   RO         1708    i.inet_chksum_pbuf  inet_chksum.o
    0x00004d2a   0x000000a8   Code   RO         1709    i.inet_chksum_pseudo  inet_chksum.o
    0x00004dd2   0x00000002   PAD
    0x00004dd4   0x00000038   Code   RO          317    i.io_get_ledstate   io.o
    0x00004e0c   0x0000000c   Code   RO          318    i.io_get_pwmdutycycle  io.o
    0x00004e18   0x0000000c   Code   RO          319    i.io_get_pwmfreq    io.o
    0x00004e24   0x00000034   Code   RO          320    i.io_get_pwmstate   io.o
    0x00004e58   0x00000044   Code   RO          210    i.io_gettemp        temperature_sensor.o
    0x00004e9c   0x000000b0   Code   RO          321    i.io_init           io.o
    0x00004f4c   0x00000018   Code   RO          322    i.io_is_led_on      io.o
    0x00004f64   0x00000018   Code   RO          323    i.io_is_pwm_on      io.o
    0x00004f7c   0x00000050   Code   RO          324    i.io_pwm_dutycycle  io.o
    0x00004fcc   0x00000050   Code   RO          325    i.io_pwm_freq       io.o
    0x0000501c   0x0000001c   Code   RO          326    i.io_set_led        io.o
    0x00005038   0x00000018   Code   RO          327    i.io_set_pwm        io.o
    0x00005050   0x0000004e   Code   RO         1789    i.ip_addr_isbroadcast  ip_addr.o
    0x0000509e   0x00000002   PAD
    0x000050a0   0x00000294   Code   RO         1743    i.ip_input          ip.o
    0x00005334   0x00000048   Code   RO         1744    i.ip_output         ip.o
    0x0000537c   0x00000118   Code   RO         1745    i.ip_output_if      ip.o
    0x00005494   0x00000064   Code   RO         1746    i.ip_route          ip.o
    0x000054f8   0x0000002c   Code   RO         2074    i.lwIPEthernetIntHandler  lwiplib.o
    0x00005524   0x00000158   Code   RO            7    i.lwIPHostTimerHandler  main.o
    0x0000567c   0x00000054   Code   RO         2075    i.lwIPInit          lwiplib.o
    0x000056d0   0x0000000c   Code   RO         2076    i.lwIPLocalGWAddrGet  lwiplib.o
    0x000056dc   0x0000000c   Code   RO         2077    i.lwIPLocalIPAddrGet  lwiplib.o
    0x000056e8   0x0000000c   Code   RO         2079    i.lwIPLocalNetMaskGet  lwiplib.o
    0x000056f4   0x00000124   Code   RO         2081    i.lwIPPrivateInit   lwiplib.o
    0x00005818   0x0000010c   Code   RO         2083    i.lwIPServiceTimers  lwiplib.o
    0x00005924   0x00000020   Code   RO         2084    i.lwIPTimer         lwiplib.o
    0x00005944   0x00000010   Code   RO          861    i.lwip_init         init.o
    0x00005954   0x00000058   Code   RO         1710    i.lwip_standard_chksum  inet_chksum.o
    0x000059ac   0x0000021c   Code   RO            8    i.main              main.o
    0x00005bc8   0x00000094   Code   RO          897    i.mem_free          mem.o
    0x00005c5c   0x00000078   Code   RO          898    i.mem_init          mem.o
    0x00005cd4   0x00000184   Code   RO          899    i.mem_malloc        mem.o
    0x00005e58   0x00000154   Code   RO          900    i.mem_realloc       mem.o
    0x00005fac   0x00000058   Code   RO          940    i.memp_free         memp.o
    0x00006004   0x000000ac   Code   RO          941    i.memp_init         memp.o
    0x000060b0   0x000000b4   Code   RO          942    i.memp_malloc       memp.o
    0x00006164   0x00000070   Code   RO          976    i.netif_add         netif.o
    0x000061d4   0x0000000c   Code   RO          978    i.netif_is_up       netif.o
    0x000061e0   0x00000028   Code   RO          980    i.netif_set_addr    netif.o
    0x00006208   0x0000000c   Code   RO          981    i.netif_set_default  netif.o
    0x00006214   0x00000018   Code   RO          982    i.netif_set_down    netif.o
    0x0000622c   0x0000000e   Code   RO          983    i.netif_set_gw      netif.o
    0x0000623a   0x00000002   PAD
    0x0000623c   0x0000007c   Code   RO          984    i.netif_set_ipaddr  netif.o
    0x000062b8   0x0000000e   Code   RO          985    i.netif_set_netmask  netif.o
    0x000062c6   0x0000002c   Code   RO          986    i.netif_set_up      netif.o
    0x000062f2   0x0000000c   Code   RO         1663    i.ntohl             inet.o
    0x000062fe   0x0000000c   Code   RO         1664    i.ntohs             inet.o
    0x0000630a   0x000001b8   Code   RO         1058    i.pbuf_alloc        pbuf.o
    0x000064c2   0x00000038   Code   RO         1059    i.pbuf_cat          pbuf.o
    0x000064fa   0x00000016   Code   RO         1060    i.pbuf_chain        pbuf.o
    0x00006510   0x00000016   Code   RO         1061    i.pbuf_clen         pbuf.o
    0x00006526   0x000000c0   Code   RO         1063    i.pbuf_copy         pbuf.o
    0x000065e6   0x0000009a   Code   RO         1064    i.pbuf_copy_partial  pbuf.o
    0x00006680   0x00000082   Code   RO         1066    i.pbuf_free         pbuf.o
    0x00006702   0x00000086   Code   RO         1067    i.pbuf_header       pbuf.o
    0x00006788   0x0000007c   Code   RO         1068    i.pbuf_realloc      pbuf.o
    0x00006804   0x0000001c   Code   RO         1069    i.pbuf_ref          pbuf.o
    0x00006820   0x00000090   Code   RO          901    i.plug_holes        mem.o
    0x000068b0   0x0000006c   Code   RO         1144    i.raw_input         raw.o
    0x0000691c   0x00000674   Code   RO         2201    i.send_data         httpd.o
    0x00006f90   0x00000074   Code   RO          448    i.stellarisif_hwinit  stellarisif.o
    0x00007004   0x00000050   Code   RO          449    i.stellarisif_init  stellarisif.o
    0x00007054   0x00000084   Code   RO          450    i.stellarisif_interrupt  stellarisif.o
    0x000070d8   0x00000068   Code   RO          451    i.stellarisif_output  stellarisif.o
    0x00007140   0x000000c0   Code   RO          452    i.stellarisif_receive  stellarisif.o
    0x00007200   0x000000dc   Code   RO          453    i.stellarisif_transmit  stellarisif.o
    0x000072dc   0x00000008   Code   RO          407    i.sys_arch_protect  sys_arch.o
    0x000072e4   0x00000010   Code   RO          408    i.sys_arch_unprotect  sys_arch.o
    0x000072f4   0x000000a8   Code   RO         1216    i.tcp_abandon       tcp.o
    0x0000739c   0x00000004   Code   RO         1217    i.tcp_accept        tcp.o
    0x000073a0   0x00000008   Code   RO         1218    i.tcp_accept_null   tcp.o
    0x000073a8   0x000000fc   Code   RO         1219    i.tcp_alloc         tcp.o
    0x000074a4   0x00000004   Code   RO         1220    i.tcp_arg           tcp.o
    0x000074a8   0x000000f4   Code   RO         1221    i.tcp_bind          tcp.o
    0x0000759c   0x00000110   Code   RO         1222    i.tcp_close         tcp.o
    0x000076ac   0x00000030   Code   RO         1225    i.tcp_eff_send_mss  tcp.o
    0x000076dc   0x00000460   Code   RO         1469    i.tcp_enqueue       tcp_out.o
    0x00007b3c   0x00000006   Code   RO         1226    i.tcp_err           tcp.o
    0x00007b42   0x00000002   PAD
    0x00007b44   0x00000080   Code   RO         1227    i.tcp_fasttmr       tcp.o
    0x00007bc4   0x000005a0   Code   RO         1419    i.tcp_input         tcp_in.o
    0x00008164   0x00000088   Code   RO         1470    i.tcp_keepalive     tcp_out.o
    0x000081ec   0x0000005c   Code   RO         1228    i.tcp_kill_prio     tcp.o
    0x00008248   0x00000040   Code   RO         1229    i.tcp_kill_timewait  tcp.o
    0x00008288   0x0000014c   Code   RO         1420    i.tcp_listen_input  tcp_in.o
    0x000083d4   0x000000d8   Code   RO         1230    i.tcp_listen_with_backlog  tcp.o
    0x000084ac   0x0000000a   Code   RO         1231    i.tcp_new           tcp.o
    0x000084b6   0x00000002   PAD
    0x000084b8   0x00000078   Code   RO         1232    i.tcp_new_port      tcp.o
    0x00008530   0x0000001c   Code   RO         1233    i.tcp_next_iss      tcp.o
    0x0000854c   0x000000b4   Code   RO         1421    i.tcp_oos_insert_segment  tcp_in.o
    0x00008600   0x000001e8   Code   RO         1471    i.tcp_output        tcp_out.o
    0x000087e8   0x00000100   Code   RO         1472    i.tcp_output_segment  tcp_out.o
    0x000088e8   0x0000008e   Code   RO         1473    i.tcp_output_set_header  tcp_out.o
    0x00008976   0x00000002   PAD
    0x00008978   0x000000c4   Code   RO         1422    i.tcp_parseopt      tcp_in.o
    0x00008a3c   0x00000052   Code   RO         1234    i.tcp_pcb_purge     tcp.o
    0x00008a8e   0x00000002   PAD
    0x00008a90   0x000000a0   Code   RO         1235    i.tcp_pcb_remove    tcp.o
    0x00008b30   0x0000000a   Code   RO         1236    i.tcp_poll          tcp.o
    0x00008b3a   0x00000002   PAD
    0x00008b3c   0x000005a8   Code   RO         1423    i.tcp_process       tcp_in.o
    0x000090e4   0x000009dc   Code   RO         1424    i.tcp_receive       tcp_in.o
    0x00009ac0   0x00000006   Code   RO         1237    i.tcp_recv          tcp.o
    0x00009ac6   0x0000002e   Code   RO         1238    i.tcp_recv_null     tcp.o
    0x00009af4   0x00000044   Code   RO         1239    i.tcp_recved        tcp.o
    0x00009b38   0x00000054   Code   RO         1474    i.tcp_rexmit        tcp_out.o
    0x00009b8c   0x0000007e   Code   RO         1475    i.tcp_rexmit_fast   tcp_out.o
    0x00009c0a   0x00000040   Code   RO         1476    i.tcp_rexmit_rto    tcp_out.o
    0x00009c4a   0x00000002   PAD
    0x00009c4c   0x000000e4   Code   RO         1477    i.tcp_rst           tcp_out.o
    0x00009d30   0x00000028   Code   RO         1240    i.tcp_seg_copy      tcp.o
    0x00009d58   0x00000022   Code   RO         1241    i.tcp_seg_free      tcp.o
    0x00009d7a   0x00000020   Code   RO         1242    i.tcp_segs_free     tcp.o
    0x00009d9a   0x00000020   Code   RO         1478    i.tcp_send_ctrl     tcp_out.o
    0x00009dba   0x0000007a   Code   RO         1479    i.tcp_send_empty_ack  tcp_out.o
    0x00009e34   0x00000006   Code   RO         1243    i.tcp_sent          tcp.o
    0x00009e3a   0x00000002   PAD
    0x00009e3c   0x00000334   Code   RO         1245    i.tcp_slowtmr       tcp.o
    0x0000a170   0x000000b0   Code   RO         1425    i.tcp_timewait_input  tcp_in.o
    0x0000a220   0x00000024   Code   RO         1246    i.tcp_tmr           tcp.o
    0x0000a244   0x0000004a   Code   RO         1247    i.tcp_update_rcv_ann_wnd  tcp.o
    0x0000a28e   0x00000048   Code   RO         1480    i.tcp_write         tcp_out.o
    0x0000a2d6   0x00000002   PAD
    0x0000a2d8   0x000000e0   Code   RO         1481    i.tcp_zero_window_probe  tcp_out.o
    0x0000a3b8   0x00000074   Code   RO          567    i.udp_bind          udp.o
    0x0000a42c   0x00000064   Code   RO          568    i.udp_connect       udp.o
    0x0000a490   0x00000298   Code   RO          570    i.udp_input         udp.o
    0x0000a728   0x0000001e   Code   RO          571    i.udp_new           udp.o
    0x0000a746   0x00000006   Code   RO          572    i.udp_recv          udp.o
    0x0000a74c   0x00000040   Code   RO          573    i.udp_remove        udp.o
    0x0000a78c   0x00000044   Code   RO          575    i.udp_sendto        udp.o
    0x0000a7d0   0x00000108   Code   RO          576    i.udp_sendto_if     udp.o
    0x0000a8d8   0x000000f8   Code   RO         1865    i.update_arp_entry  etharp.o
    0x0000a9d0   0x00000028   Code   RO         2327    i.usnprintf         ustdlib.o
    0x0000a9f8   0x00000028   Code   RO         2328    i.usprintf          ustdlib.o
    0x0000aa20   0x000000e8   Code   RO         2332    i.ustrtoul          ustdlib.o
    0x0000ab08   0x0000030c   Code   RO         2333    i.uvsnprintf        ustdlib.o
    0x0000ae14   0x0000000e   Code   RO         4236    x$fpl$fpinit        fz_ws.l(fpinit.o)
    0x0000ae22   0x00000002   PAD
    0x0000ae24   0x00000010   Data   RO            9    .constdata          main.o
    0x0000ae34   0x0000023b   Data   RO          247    .constdata          rit128x96x4.o
    0x0000b06f   0x00000001   PAD
    0x0000b070   0x00000020   Data   RO          944    .constdata          memp.o
    0x0000b090   0x00000014   Data   RO         1248    .constdata          tcp.o
    0x0000b0a4   0x00000008   Data   RO         1790    .constdata          ip_addr.o
    0x0000b0ac   0x0000000c   Data   RO         1867    .constdata          etharp.o
    0x0000b0b8   0x000056a8   Data   RO         2150    .constdata          lmi_fs.o
    0x00010760   0x00000030   Data   RO         2202    .constdata          httpd.o
    0x00010790   0x0000001c   Data   RO         2334    .constdata          ustdlib.o
    0x000107ac   0x0000001c   Data   RO         2389    .constdata          uartstdio.o
    0x000107c8   0x0000009c   Data   RO         3590    .constdata          driverlib.lib(sysctl.o)
    0x00010864   0x00000042   Data   RO           10    .conststring        main.o
    0x000108a6   0x00000068   Data   RO         1249    .conststring        tcp.o
    0x0001090e   0x0000032f   Data   RO         2203    .conststring        httpd.o
    0x00010c3d   0x00000011   Data   RO         2335    .conststring        ustdlib.o
    0x00010c4e   0x00000002   PAD
    0x00010c50   0x00000020   Data   RO         4317    Region$$Table       anon$$obj.o


    Execution Region RW_IRAM1 (Base: 0x20000000, Size: 0x00005690, Max: 0x00010000, ABSOLUTE, COMPRESSED[0x000000d8])

    Base Addr    Size         Type   Attr      Idx    E Section Name        Object

    0x20000000   0x00000024   Data   RW           11    .data               main.o
    0x20000024   0x00000019   Data   RW          248    .data               rit128x96x4.o
    0x2000003d   0x00000003   PAD
    0x20000040   0x00000008   Data   RW          329    .data               io.o
    0x20000048   0x00000004   Data   RW          577    .data               udp.o
    0x2000004c   0x00000004   Data   RW          692    .data               dhcp.o
    0x20000050   0x0000000d   Data   RW          903    .data               mem.o
    0x2000005d   0x00000003   PAD
    0x20000060   0x0000000c   Data   RW          987    .data               netif.o
    0x2000006c   0x00000004   Data   RW         1150    .data               raw.o
    0x20000070   0x0000004d   Data   RW         1250    .data               tcp.o
    0x200000bd   0x00000003   PAD
    0x200000c0   0x00000020   Data   RW         1427    .data               tcp_in.o
    0x200000e0   0x0000000c   Data   RW         1747    .data               ip.o
    0x200000ec   0x00000001   Data   RW         1868    .data               etharp.o
    0x200000ed   0x00000003   PAD
    0x200000f0   0x00000030   Data   RW         2086    .data               lwiplib.o
    0x20000120   0x00000008   Data   RW         2151    .data               lmi_fs.o
    0x20000128   0x000000f4   Data   RW         2204    .data               httpd.o
    0x2000021c   0x00000005   Data   RW         2391    .data               uartstdio.o
    0x20000221   0x00000003   PAD
    0x20000224   0x00000010   Zero   RW          211    .bss                temperature_sensor.o
    0x20000234   0x00000060   Zero   RW          454    .bss                stellarisif.o
    0x20000294   0x00003014   Zero   RW          902    .bss                mem.o
    0x200032a8   0x00001bf3   Zero   RW          943    .bss                memp.o
    0x20004e9b   0x00000001   PAD
    0x20004e9c   0x000000ea   Zero   RW         1198    .bss                stats.o
    0x20004f86   0x00000002   PAD
    0x20004f88   0x00000014   Zero   RW         1426    .bss                tcp_in.o
    0x20004f9c   0x000000c8   Zero   RW         1866    .bss                etharp.o
    0x20005064   0x00000054   Zero   RW         2027    .bss                locator.o
    0x200050b8   0x00000038   Zero   RW         2085    .bss                lwiplib.o
    0x200050f0   0x00000040   Zero   RW         2149    .bss                lmi_fs.o
    0x20005130   0x00000060   Zero   RW         4191    .bss                c_w.l(libspace.o)
    0x20005190   0x00000100   Zero   RW          229    HEAP                startup_rvmdk.o
    0x20005290   0x00000400   Zero   RW          228    STACK               startup_rvmdk.o


==============================================================================

Image component sizes


      Code (inc. data)   RO Data    RW Data    ZI Data      Debug   Object Name

      1042         42          0          0          0       7295   autoip.o
       582          0          0          0          0       5683   cgifuncs.o
      4166         76          0          4          0      20972   dhcp.o
      2680         70         12          1        200      12759   etharp.o
      3414        174        863        244          0      13052   httpd.o
       748         10          0          0          0       3005   icmp.o
        68          0          0          0          0       1960   inet.o
       366          0          0          0          0       6222   inet_chksum.o
        16          0          0          0          0       2271   init.o
       568        108          0          8          0       5516   io.o
      1112         46          0         12          0       8119   ip.o
        78          0          8          0          0       5357   ip_addr.o
       992        226      22184          8         64       5054   lmi_fs.o
       380         26          0          0         84       3075   locator.o
       756        130          0         48         56       4628   lwiplib.o
      1724        542         82         36          0      38245   main.o
      1140         88          0         13      12308       4749   mem.o
       440         38         32          0       7155       3106   memp.o
       396         24          0         12          0       7152   netif.o
      1302          0          0          0          0       7485   pbuf.o
       108          6          0          4          0       1488   raw.o
       984        122        571         25          0       6378   rit128x96x4.o
       660        640          0          0       1280        492   startup_rvmdk.o
         0          0          0          0        234       3069   stats.o
      1014         48          0          0         96      10493   stellarisif.o
        24          0          0          0          0       1008   sys_arch.o
      3078        166        124         77          0      26049   tcp.o
      6296        308          0         32         20      16068   tcp_in.o
      3094         36          0          0          0      10946   tcp_out.o
       192         70          0          0         16       1050   temperature_sensor.o
       828         34         28          5          0       4478   uartstdio.o
      1312         30          0          4          0      15237   udp.o
      1092         14         45          0          0       4443   ustdlib.o

    ----------------------------------------------------------------------
     40698       3074      23984        548      21516     266904   Object Totals
         0          0         32          0          0          0   (incl. Generated)
        46          0          3         15          3          0   (incl. Padding)

    ----------------------------------------------------------------------

      Code (inc. data)   RO Data    RW Data    ZI Data      Debug   Library Member Name

        90          0          0          0          0          0   __dczerorl2.o
         8          0          0          0          0         68   __main.o
        52          8          0          0          0          0   __scatter.o
        28          0          0          0          0          0   __scatter_zi.o
        12          0          0          0          0         72   exit.o
         6          0          0          0          0        152   heapauxi.o
         0          0          0          0          0          0   indicate_semi.o
         6          0          0          0          0          0   libinit.o
         2          0          0          0          0          0   libinit2.o
         2          0          0          0          0          0   libshutdown.o
         2          0          0          0          0          0   libshutdown2.o
         8          4          0          0         96         68   libspace.o
        88          0          0          0          0         76   memcmp.o
         8          4          0          0          0         68   rt_fp_status_addr_intlibspace.o
        68          0          0          0          0         68   rt_memclr.o
        78          0          0          0          0         80   rt_memclr_w.o
       138          0          0          0          0         68   rt_memcpy_v6.o
       100          0          0          0          0         80   rt_memcpy_w.o
         0          0          0          0          0          0   rtentry.o
        12          0          0          0          0          0   rtentry2.o
         6          0          0          0          0          0   rtentry4.o
         2          0          0          0          0          0   rtexit.o
        10          0          0          0          0          0   rtexit2.o
        20          0          0          0          0         68   strchr.o
       128          0          0          0          0         68   strcmpv7m.o
        62          0          0          0          0         76   strlen.o
       150          0          0          0          0         80   strncmp.o
        86          0          0          0          0         76   strncpy.o
        36          0          0          0          0         80   strstr.o
        12          4          0          0          0         68   sys_exit.o
        74          0          0          0          0         80   sys_stackheap_outer.o
         2          0          0          0          0         68   use_no_semi.o
       298          0          0          0          0       6538   adc.o
        38          0          0          0          0        356   cpu.o
       266          4          0          0          0       5058   ethernet.o
        56          8          0          0          0        559   flash.o
       368          0          0          0          0       5482   gpio.o
       124          0          0          0          0       1417   interrupt.o
       114          0          0          0          0       2519   pwm.o
       140          0          0          0          0       3064   ssi.o
       974        102        156          0          0       5277   sysctl.o
        38          0          0          0          0       1170   systick.o
       142          0          0          0          0       2169   uart.o
        14          0          0          0          0         76   fpinit.o

    ----------------------------------------------------------------------
      3882        134        156          0         96      35149   Library Totals
        14          0          0          0          0          0   (incl. Padding)

    ----------------------------------------------------------------------

      Code (inc. data)   RO Data    RW Data    ZI Data      Debug   Library Name

      1296         20          0          0         96       1464   c_w.l
      2558        114        156          0          0      33609   driverlib.lib
        14          0          0          0          0         76   fz_ws.l

    ----------------------------------------------------------------------
      3882        134        156          0         96      35149   Library Totals

    ----------------------------------------------------------------------

==============================================================================


      Code (inc. data)   RO Data    RW Data    ZI Data      Debug   

     44580       3208      24140        548      21612     286293   Grand Totals
     44580       3208      24140        216      21612     286293   ELF Image Totals (compressed)
     44580       3208      24140        216          0          0   ROM Totals

==============================================================================

    Total RO  Size (Code + RO Data)                68720 (  67.11kB)
    Total RW  Size (RW Data + ZI Data)             22160 (  21.64kB)
    Total ROM Size (Code + RO Data + RW Data)      68936 (  67.32kB)

==============================================================================

